Component: Arm Compiler for Embedded 6.19 Tool: armlink [5e73cb00]

==============================================================================

Section Cross References

    startup_stm32f407xx.o(STACK) refers (Special) to heapauxi.o(.text) for __use_two_region_memory
    startup_stm32f407xx.o(HEAP) refers (Special) to heapauxi.o(.text) for __use_two_region_memory
    startup_stm32f407xx.o(RESET) refers (Special) to heapauxi.o(.text) for __use_two_region_memory
    startup_stm32f407xx.o(RESET) refers to startup_stm32f407xx.o(STACK) for __initial_sp
    startup_stm32f407xx.o(RESET) refers to startup_stm32f407xx.o(.text) for Reset_Handler
    startup_stm32f407xx.o(RESET) refers to stm32f4xx_it.o(.text.NMI_Handler) for NMI_Handler
    startup_stm32f407xx.o(RESET) refers to stm32f4xx_it.o(.text.HardFault_Handler) for HardFault_Handler
    startup_stm32f407xx.o(RESET) refers to stm32f4xx_it.o(.text.MemManage_Handler) for MemManage_Handler
    startup_stm32f407xx.o(RESET) refers to stm32f4xx_it.o(.text.BusFault_Handler) for BusFault_Handler
    startup_stm32f407xx.o(RESET) refers to stm32f4xx_it.o(.text.UsageFault_Handler) for UsageFault_Handler
    startup_stm32f407xx.o(RESET) refers to stm32f4xx_it.o(.text.SVC_Handler) for SVC_Handler
    startup_stm32f407xx.o(RESET) refers to stm32f4xx_it.o(.text.DebugMon_Handler) for DebugMon_Handler
    startup_stm32f407xx.o(RESET) refers to stm32f4xx_it.o(.text.PendSV_Handler) for PendSV_Handler
    startup_stm32f407xx.o(RESET) refers to stm32f4xx_it.o(.text.SysTick_Handler) for SysTick_Handler
    startup_stm32f407xx.o(RESET) refers to stm32f4xx_it.o(.text.EXTI15_10_IRQHandler) for EXTI15_10_IRQHandler
    startup_stm32f407xx.o(.text) refers (Special) to heapauxi.o(.text) for __use_two_region_memory
    startup_stm32f407xx.o(.text) refers to system_stm32f4xx.o(.text.SystemInit) for SystemInit
    startup_stm32f407xx.o(.text) refers to __main.o(!!!main) for __main
    startup_stm32f407xx.o(.text) refers to startup_stm32f407xx.o(HEAP) for Heap_Mem
    startup_stm32f407xx.o(.text) refers to startup_stm32f407xx.o(STACK) for Stack_Mem
    main.o(.text) refers (Special) to _printf_percent.o(.ARM.Collect$$_printf_percent$$00000000) for _printf_percent
    main.o(.text) refers (Special) to _printf_x.o(.ARM.Collect$$_printf_percent$$0000000C) for _printf_x
    main.o(.text) refers (Special) to _printf_f.o(.ARM.Collect$$_printf_percent$$00000003) for _printf_f
    main.o(.text) refers (Special) to _printf_hex_int.o(.text) for _printf_longlong_hex
    main.o(.text) refers (Special) to printf1.o(x$fpl$printf1) for _printf_fp_dec
    main.o(.text.main) refers (Special) to _printf_percent.o(.ARM.Collect$$_printf_percent$$00000000) for _printf_percent
    main.o(.text.main) refers (Special) to _printf_x.o(.ARM.Collect$$_printf_percent$$0000000C) for _printf_x
    main.o(.text.main) refers (Special) to _printf_f.o(.ARM.Collect$$_printf_percent$$00000003) for _printf_f
    main.o(.text.main) refers (Special) to _printf_hex_int.o(.text) for _printf_longlong_hex
    main.o(.text.main) refers (Special) to printf1.o(x$fpl$printf1) for _printf_fp_dec
    main.o(.text.main) refers to stm32f4xx_hal.o(.text.HAL_Init) for HAL_Init
    main.o(.text.main) refers to rt_memclr_w.o(.text) for __aeabi_memclr4
    main.o(.text.main) refers to stm32f4xx_hal_rcc.o(.text.HAL_RCC_OscConfig) for HAL_RCC_OscConfig
    main.o(.text.main) refers to stm32f4xx_hal_rcc.o(.text.HAL_RCC_ClockConfig) for HAL_RCC_ClockConfig
    main.o(.text.main) refers to stm32f4xx_hal_gpio.o(.text.HAL_GPIO_WritePin) for HAL_GPIO_WritePin
    main.o(.text.main) refers to stm32f4xx_hal_gpio.o(.text.HAL_GPIO_Init) for HAL_GPIO_Init
    main.o(.text.main) refers to stm32f4xx_hal_cortex.o(.text.HAL_NVIC_SetPriority) for HAL_NVIC_SetPriority
    main.o(.text.main) refers to stm32f4xx_hal_cortex.o(.text.HAL_NVIC_EnableIRQ) for HAL_NVIC_EnableIRQ
    main.o(.text.main) refers to main.o(.bss.hspi2) for hspi2
    main.o(.text.main) refers to stm32f4xx_hal_spi.o(.text.HAL_SPI_Init) for HAL_SPI_Init
    main.o(.text.main) refers to main.o(.bss..L_MergedGlobals.20) for .L_MergedGlobals.20
    main.o(.text.main) refers to stm32f4xx_hal_uart.o(.text.HAL_UART_Init) for HAL_UART_Init
    main.o(.text.main) refers to main.o(.bss.htim4) for htim4
    main.o(.text.main) refers to stm32f4xx_hal_tim.o(.text.HAL_TIM_Base_Init) for HAL_TIM_Base_Init
    main.o(.text.main) refers to stm32f4xx_hal_tim.o(.text.HAL_TIM_ConfigClockSource) for HAL_TIM_ConfigClockSource
    main.o(.text.main) refers to stm32f4xx_hal_tim.o(.text.HAL_TIM_IC_Init) for HAL_TIM_IC_Init
    main.o(.text.main) refers to stm32f4xx_hal_tim_ex.o(.text.HAL_TIMEx_MasterConfigSynchronization) for HAL_TIMEx_MasterConfigSynchronization
    main.o(.text.main) refers to stm32f4xx_hal_tim.o(.text.HAL_TIM_IC_ConfigChannel) for HAL_TIM_IC_ConfigChannel
    main.o(.text.main) refers to noretval__2printf.o(.text) for __2printf
[...]
    $v0                                      0x08000258   Number         0  startup_stm32f407xx.o(.text)
    .text                                    0x08000258   Section       64  startup_stm32f407xx.o(.text)
    .text                                    0x08000298   Section      240  lludivv7m.o(.text)
    .text                                    0x08000388   Section        0  noretval__2printf.o(.text)
    .text                                    0x080003a0   Section        0  _printf_hex_int.o(.text)
    .text                                    0x080003f8   Section        0  __printf_ss.o(.text)
    .text                                    0x080004b0   Section       78  rt_memclr_w.o(.text)
    .text                                    0x08000500   Section      124  strcmpv7em.o(.text)
    .text                                    0x0800057c   Section        0  heapauxi.o(.text)
    .text                                    0x08000582   Section        0  _printf_intcommon.o(.text)
    _fp_digits                               0x08000635   Thumb Code   432  _printf_fp_dec.o(.text)
    .text                                    0x08000634   Section        0  _printf_fp_dec.o(.text)
    .text                                    0x08000a50   Section        0  _printf_char_file.o(.text)
    .text                                    0x08000a74   Section        8  rt_locale_intlibspace.o(.text)
    .text                                    0x08000a7c   Section      138  lludiv10.o(.text)
    _printf_input_char                       0x08000b09   Thumb Code    10  _printf_char_common.o(.text)
    .text                                    0x08000b08   Section        0  _printf_char_common.o(.text)
    .text                                    0x08000b38   Section        0  _printf_fp_infnan.o(.text)
    .text                                    0x08000bb8   Section        0  bigflt0.o(.text)
    .text                                    0x08000c9c   Section        0  ferror.o(.text)
    .text                                    0x08000ca4   Section        0  initio.o(.text)
    .text                                    0x08000ddc   Section        8  libspace.o(.text)
    .text                                    0x08000de4   Section       74  sys_stackheap_outer.o(.text)
    .text                                    0x08000e2e   Section        0  h1_free.o(.text)
    .text                                    0x08000e7c   Section        0  setvbuf.o(.text)
    _freopen_locked                          0x08000ec5   Thumb Code     0  fopen.o(.text)
    .text                                    0x08000ec4   Section        0  fopen.o(.text)
    .text                                    0x08000fb4   Section        0  fclose.o(.text)
    .text                                    0x08001000   Section        0  exit.o(.text)
    .text                                    0x08001012   Section        0  defsig_rtred_outer.o(.text)
    .text                                    0x08001020   Section        8  rt_heap_descriptor_intlibspace.o(.text)
    .text                                    0x08001028   Section        0  hguard.o(.text)
    .text                                    0x0800102c   Section        0  init_alloc.o(.text)
    .text                                    0x080010b6   Section        0  h1_alloc.o(.text)
    .text                                    0x08001114   Section        0  fseek.o(.text)
    .text                                    0x0800120c   Section        0  stdio.o(.text)
    .text                                    0x08001314   Section        0  defsig_exit.o(.text)
    .text                                    0x08001320   Section        0  defsig_rtred_inner.o(.text)
    .text                                    0x08001354   Section        0  sys_exit.o(.text)
    .text                                    0x08001360   Section        0  maybetermalloc1.o(.text)
    .text                                    0x08001360   Section        0  h1_init.o(.text)
    .text                                    0x0800136e   Section        0  h1_extend.o(.text)
    .text                                    0x080013a2   Section        0  ftell.o(.text)
    .text                                    0x080013e4   Section        0  defsig_general.o(.text)
    .text                                    0x08001416   Section        0  defsig_rtmem_outer.o(.text)
    .text                                    0x08001424   Section        0  sys_wrch.o(.text)
    .text                                    0x08001432   Section        2  use_no_semi.o(.text)
    .text                                    0x08001434   Section        0  indicate_semi.o(.text)
    .text                                    0x08001434   Section        8  rt_errno_addr_intlibspace.o(.text)
    .text                                    0x0800143c   Section        0  defsig_rtmem_inner.o(.text)
    [Anonymous Symbol]                       0x0800148c   Section        0  stm32f4xx_it.o(.text.BusFault_Handler)
    [Anonymous Symbol]                       0x08001490   Section        0  stm32f4xx_it.o(.text.DebugMon_Handler)
    [Anonymous Symbol]                       0x08001494   Section        0  stm32f4xx_it.o(.text.EXTI15_10_IRQHandler)
    [Anonymous Symbol]                       0x0800149c   Section        0  stm32f4xx_hal.o(.text.HAL_Delay)
    [Anonymous Symbol]                       0x080014c4   Section        0  stm32f4xx_hal_gpio.o(.text.HAL_GPIO_EXTI_Callback)
    [Anonymous Symbol]                       0x080014c8   Section        0  stm32f4xx_hal_gpio.o(.text.HAL_GPIO_EXTI_IRQHandler)
    [Anonymous Symbol]                       0x080014e0   Section        0  stm32f4xx_hal_gpio.o(.text.HAL_GPIO_Init)
    [Anonymous Symbol]                       0x08001688   Section        0  stm32f4xx_hal_gpio.o(.text.HAL_GPIO_WritePin)
    [Anonymous Symbol]                       0x08001694   Section        0  stm32f4xx_hal.o(.text.HAL_GetTick)
    [Anonymous Symbol]                       0x080016a0   Section        0  stm32f4xx_hal.o(.text.HAL_IncTick)
    [Anonymous Symbol]                       0x080016bc   Section        0  stm32f4xx_hal.o(.text.HAL_Init)
    [Anonymous Symbol]                       0x080016f4   Section        0  stm32f4xx_hal.o(.text.HAL_InitTick)
    [Anonymous Symbol]                       0x0800173c   Section        0  stm32f4xx_hal_msp.o(.text.HAL_MspInit)
    [Anonymous Symbol]                       0x08001778   Section        0  stm32f4xx_hal_cortex.o(.text.HAL_NVIC_EnableIRQ)
    [Anonymous Symbol]                       0x080017a0   Section        0  stm32f4xx_hal_cortex.o(.text.HAL_NVIC_SetPriority)
    [Anonymous Symbol]                       0x080017f8   Section        0  stm32f4xx_hal_cortex.o(.text.HAL_NVIC_SetPriorityGrouping)
    [Anonymous Symbol]                       0x08001818   Section        0  stm32f4xx_hal_rcc.o(.text.HAL_RCC_ClockConfig)
    [Anonymous Symbol]                       0x08001978   Section        0  stm32f4xx_hal_rcc.o(.text.HAL_RCC_GetPCLK1Freq)
    [Anonymous Symbol]                       0x080019a0   Section        0  stm32f4xx_hal_rcc.o(.text.HAL_RCC_GetPCLK2Freq)
    [Anonymous Symbol]                       0x080019c8   Section        0  stm32f4xx_hal_rcc.o(.text.HAL_RCC_GetSysClockFreq)
    [Anonymous Symbol]                       0x08001a34   Section        0  stm32f4xx_hal_rcc.o(.text.HAL_RCC_OscConfig)
    [Anonymous Symbol]                       0x08001da8   Section        0  stm32f4xx_hal_spi.o(.text.HAL_SPI_Init)
    [Anonymous Symbol]                       0x08001e5c   Section        0  stm32f4xx_hal_msp.o(.text.HAL_SPI_MspInit)
    [Anonymous Symbol]                       0x08001f00   Section        0  stm32f4xx_hal_spi.o(.text.HAL_SPI_Receive)
    [Anonymous Symbol]                       0x080020f4   Section        0  stm32f4xx_hal_spi.o(.text.HAL_SPI_Transmit)
    [Anonymous Symbol]                       0x08002348   Section        0  stm32f4xx_hal_spi.o(.text.HAL_SPI_TransmitReceive)
    [Anonymous Symbol]                       0x08002660   Section        0  stm32f4xx_hal_cortex.o(.text.HAL_SYSTICK_Config)
    [Anonymous Symbol]                       0x0800268c   Section        0  stm32f4xx_hal_tim_ex.o(.text.HAL_TIMEx_MasterConfigSynchronization)
    [Anonymous Symbol]                       0x08002744   Section        0  stm32f4xx_hal_tim.o(.text.HAL_TIM_Base_Init)
    [Anonymous Symbol]                       0x080027a0   Section        0  stm32f4xx_hal_msp.o(.text.HAL_TIM_Base_MspInit)
    [Anonymous Symbol]                       0x08002808   Section        0  stm32f4xx_hal_tim.o(.text.HAL_TIM_ConfigClockSource)
    [Anonymous Symbol]                       0x080029a4   Section        0  stm32f4xx_hal_tim.o(.text.HAL_TIM_IC_ConfigChannel)
    [Anonymous Symbol]                       0x08002b68   Section        0  stm32f4xx_hal_tim.o(.text.HAL_TIM_IC_Init)
    [Anonymous Symbol]                       0x08002bc4   Section        0  stm32f4xx_hal_tim.o(.text.HAL_TIM_IC_MspInit)
    [Anonymous Symbol]                       0x08002bc8   Section        0  stm32f4xx_hal_uart.o(.text.HAL_UART_Init)
    [Anonymous Symbol]                       0x08002c28   Section        0  stm32f4xx_hal_msp.o(.text.HAL_UART_MspInit)
    [Anonymous Symbol]                       0x08002c94   Section        0  stm32f4xx_hal_uart.o(.text.HAL_UART_Transmit)
    [Anonymous Symbol]                       0x08002f1c   Section        0  stm32f4xx_it.o(.text.HardFault_Handler)
    [Anonymous Symbol]                       0x08002f20   Section        0  stm32f4xx_it.o(.text.MemManage_Handler)
    [Anonymous Symbol]                       0x08002f24   Section        0  stm32f4xx_it.o(.text.NMI_Handler)
    [Anonymous Symbol]                       0x08002f28   Section        0  stm32f4xx_it.o(.text.PendSV_Handler)
    SPI_WaitFlagStateUntilTimeout            0x08002f2d   Thumb Code   228  stm32f4xx_hal_spi.o(.text.SPI_WaitFlagStateUntilTimeout)
    [Anonymous Symbol]                       0x08002f2c   Section        0  stm32f4xx_hal_spi.o(.text.SPI_WaitFlagStateUntilTimeout)
    [Anonymous Symbol]                       0x08003010   Section        0  stm32f4xx_it.o(.text.SVC_Handler)
    [Anonymous Symbol]                       0x08003014   Section        0  stm32f4xx_it.o(.text.SysTick_Handler)
    [Anonymous Symbol]                       0x08003018   Section        0  system_stm32f4xx.o(.text.SystemInit)
    [Anonymous Symbol]                       0x0800302c   Section        0  stm32f4xx_hal_tim.o(.text.TIM_Base_SetConfig)
    UART_SetConfig                           0x08003169   Thumb Code   238  stm32f4xx_hal_uart.o(.text.UART_SetConfig)
    [Anonymous Symbol]                       0x08003168   Section        0  stm32f4xx_hal_uart.o(.text.UART_SetConfig)
    [Anonymous Symbol]                       0x08003258   Section        0  stm32f4xx_it.o(.text.UsageFault_Handler)
    [Anonymous Symbol]                       0x0800325c   Section        0  retarget_io.o(.text._sys_close)
    [Anonymous Symbol]                       0x08003270   Section        0  retarget_io.o(.text._sys_flen)
    [Anonymous Symbol]                       0x08003274   Section        0  retarget_io.o(.text._sys_istty)
    [Anonymous Symbol]                       0x08003284   Section        0  retarget_io.o(.text._sys_open)
    [Anonymous Symbol]                       0x080032e8   Section        0  retarget_io.o(.text._sys_seek)
    [Anonymous Symbol]                       0x080032f0   Section        0  retarget_io.o(.text._sys_write)
    [Anonymous Symbol]                       0x08003680   Section        0  main.o(.text.cal_tof)
    [Anonymous Symbol]                       0x08003f6c   Section        0  main.o(.text.fputc)
    [Anonymous Symbol]                       0x08003f90   Section        0  main.o(.text.main)
    [Anonymous Symbol]                       0x08004380   Section        0  main.o(.text.pulse_gen)
    [Anonymous Symbol]                       0x080044a8   Section        0  main.o(.text.tdc_trigger_common)
    CL$$btod_d2e                             0x08004540   Section       62  btod.o(CL$$btod_d2e)
    CL$$btod_d2e_denorm_low                  0x0800457e   Section       70  btod.o(CL$$btod_d2e_denorm_low)
    CL$$btod_d2e_norm_op1                    0x080045c4   Section       96  btod.o(CL$$btod_d2e_norm_op1)
    CL$$btod_div_common                      0x08004624   Section      824  btod.o(CL$$btod_div_common)
    CL$$btod_e2e                             0x0800495c   Section      220  btod.o(CL$$btod_e2e)
    CL$$btod_ediv                            0x08004a38   Section       42  btod.o(CL$$btod_ediv)
    CL$$btod_emul                            0x08004a62   Section       42  btod.o(CL$$btod_emul)
    CL$$btod_mult_common                     0x08004a8c   Section      580  btod.o(CL$$btod_mult_common)
    i.__ARM_fpclassify                       0x08004cd0   Section        0  fpclassify.o(i.__ARM_fpclassify)
    locale$$code                             0x08004d00   Section       44  lc_numeric_c.o(locale$$code)
    $v0                                      0x08004d2c   Number         0  daddsub_clz.o(x$fpl$dadd)
    x$fpl$dadd                               0x08004d2c   Section      336  daddsub_clz.o(x$fpl$dadd)
    _dadd1                                   0x08004d3d   Thumb Code     0  daddsub_clz.o(x$fpl$dadd)
    $v0                                      0x08004e7c   Number         0  ddiv.o(x$fpl$ddiv)
    x$fpl$ddiv                               0x08004e7c   Section      692  ddiv.o(x$fpl$ddiv)
    ddiv_entry                               0x08004e83   Thumb Code     0  ddiv.o(x$fpl$ddiv)
    $v0                                      0x08005130   Number         0  dflt_clz.o(x$fpl$dflt)
    x$fpl$dflt                               0x08005130   Section       46  dflt_clz.o(x$fpl$dflt)
    $v0                                      0x08005160   Number         0  dmul.o(x$fpl$dmul)
    x$fpl$dmul                               0x08005160   Section      340  dmul.o(x$fpl$dmul)
    $v0                                      0x080052b4   Number         0  dnaninf.o(x$fpl$dnaninf)
    x$fpl$dnaninf                            0x080052b4   Section      156  dnaninf.o(x$fpl$dnaninf)
    $v0                                      0x08005350   Number         0  dretinf.o(x$fpl$dretinf)
    x$fpl$dretinf                            0x08005350   Section       12  dretinf.o(x$fpl$dretinf)
    $v0                                      0x0800535c   Number         0  daddsub_clz.o(x$fpl$dsub)
    x$fpl$dsub                               0x0800535c   Section      476  daddsub_clz.o(x$fpl$dsub)
    _dsub1                                   0x0800536d   Thumb Code     0  daddsub_clz.o(x$fpl$dsub)
    $v0                                      0x08005538   Number         0  fpinit.o(x$fpl$fpinit)
    x$fpl$fpinit                             0x08005538   Section       26  fpinit.o(x$fpl$fpinit)
    $v0                                      0x08005552   Number         0  printf1.o(x$fpl$printf1)
    x$fpl$printf1                            0x08005552   Section        4  printf1.o(x$fpl$printf1)
    uc_hextab                                0x08005556   Data          20  _printf_hex_int.o(.constdata)
    .constdata                               0x08005556   Section       40  _printf_hex_int.o(.constdata)
    x$fpl$usenofp                            0x08005556   Section        0  usenofp.o(x$fpl$usenofp)
    lc_hextab                                0x0800556a   Data          20  _printf_hex_int.o(.constdata)
    tenpwrs_x                                0x08005580   Data          60  bigflt0.o(.constdata)
    .constdata                               0x08005580   Section      148  bigflt0.o(.constdata)
    tenpwrs_i                                0x080055bc   Data          64  bigflt0.o(.constdata)
    locale$$data                             0x08005664   Section       28  lc_numeric_c.o(locale$$data)
    __lcnum_c_name                           0x08005668   Data           2  lc_numeric_c.o(locale$$data)
    __lcnum_c_start                          0x08005670   Data           0  lc_numeric_c.o(locale$$data)
    __lcnum_c_point                          0x0800567c   Data           0  lc_numeric_c.o(locale$$data)
    __lcnum_c_thousands                      0x0800567e   Data           0  lc_numeric_c.o(locale$$data)
    __lcnum_c_grouping                       0x0800567f   Data           0  lc_numeric_c.o(locale$$data)
    __lcnum_c_end                            0x08005680   Data           0  lc_numeric_c.o(locale$$data)
    .data                                    0x20000000   Section        4  stdio_streams.o(.data)
    .data                                    0x20000004   Section        4  stdio_streams.o(.data)
    .data                                    0x20000008   Section        4  stdio_streams.o(.data)
    .L_MergedGlobals                         0x2000000c   Data           8  stm32f4xx_hal.o(.data..L_MergedGlobals)
    [Anonymous Symbol]                       0x2000000c   Section        0  stm32f4xx_hal.o(.data..L_MergedGlobals)
    .bss                                     0x20000028   Section       84  stdio_streams.o(.bss)
    .bss                                     0x2000007c   Section       84  stdio_streams.o(.bss)
    .bss                                     0x200000d0   Section       84  stdio_streams.o(.bss)
    .bss                                     0x20000124   Section       96  libspace.o(.bss)
    .L_MergedGlobals                         0x20000188   Data         104  main.o(.bss..L_MergedGlobals)
    [Anonymous Symbol]                       0x20000188   Section        0  main.o(.bss..L_MergedGlobals)
    .L_MergedGlobals.19                      0x200001f0   Data         126  main.o(.bss..L_MergedGlobals.19)
    [Anonymous Symbol]                       0x200001f0   Section        0  main.o(.bss..L_MergedGlobals.19)
    .L_MergedGlobals.20                      0x20000270   Data         116  main.o(.bss..L_MergedGlobals.20)
    [Anonymous Symbol]                       0x20000270   Section        0  main.o(.bss..L_MergedGlobals.20)
    Heap_Mem                                 0x20000388   Data         512  startup_stm32f407xx.o(HEAP)
    HEAP                                     0x20000388   Section      512  startup_stm32f407xx.o(HEAP)
    Stack_Mem                                0x20000588   Data        1024  startup_stm32f407xx.o(STACK)
    STACK                                    0x20000588   Section     1024  startup_stm32f407xx.o(STACK)
    __initial_sp                             0x20000988   Data           0  startup_stm32f407xx.o(STACK)

    Global Symbols

    Symbol Name                              Value     Ov Type        Size  Object(Section)

    BuildAttributes$$THM_ISAv4$E$P$D$K$B$S$7EM$VFPi3$EXTD16$VFPS$VFMA$PE$A:L22UL41UL21$X:L11$S22US41US21$IEEE1$IW$~IW$USESV6$~STKCKD$USESV7$~SHL$OTIME$ROPI$IEEEJ$EBA8$UX$STANDARDLIB$REQ8$PRES8$EABIv2 0x00000000   Number         0  anon$$obj.o ABSOLUTE
    _printf_flags                            0x00000000   Number         0  printf_stubs.o ABSOLUTE
    _printf_return_value                     0x00000000   Number         0  printf_stubs.o ABSOLUTE
    _printf_sizespec                         0x00000000   Number         0  printf_stubs.o ABSOLUTE
    _printf_widthprec                        0x00000000   Number         0  printf_stubs.o ABSOLUTE
    __ARM_exceptions_init                     - Undefined Weak Reference
    __alloca_initialize                       - Undefined Weak Reference
    __arm_preinit_                            - Undefined Weak Reference
    __arm_relocate_pie_                       - Undefined Weak Reference
    __cpp_initialize__aeabi_                  - Undefined Weak Reference
    __cxa_finalize                            - Undefined Weak Reference
    __sigvec_lookup                           - Undefined Weak Reference
    __user_heap_extent                        - Undefined Weak Reference
    _atexit_init                              - Undefined Weak Reference
    _call_atexit_fns                          - Undefined Weak Reference
    _clock_init                               - Undefined Weak Reference
    _fp_trap_init                             - Undefined Weak Reference
    _fp_trap_shutdown                         - Undefined Weak Reference
    _get_lc_collate                           - Undefined Weak Reference
    _get_lc_ctype                             - Undefined Weak Reference
    _get_lc_monetary                          - Undefined Weak Reference
    _get_lc_time                              - Undefined Weak Reference
    _getenv_init                              - Undefined Weak Reference
    _handle_redirection                       - Undefined Weak Reference
    _mutex_acquire                            - Undefined Weak Reference
    _mutex_free                               - Undefined Weak Reference
    _mutex_release                            - Undefined Weak Reference
    _printf_post_padding                      - Undefined Weak Reference
    _printf_pre_padding                       - Undefined Weak Reference
    _printf_truncate_unsigned                 - Undefined Weak Reference
    _rand_init                                - Undefined Weak Reference
    _signal_finish                            - Undefined Weak Reference
    _signal_init                              - Undefined Weak Reference
    __Vectors_Size                           0x00000188   Number         0  startup_stm32f407xx.o ABSOLUTE
    __Vectors                                0x08000000   Data           4  startup_stm32f407xx.o(RESET)
    __Vectors_End                            0x08000188   Data           0  startup_stm32f407xx.o(RESET)
    __main                                   0x08000189   Thumb Code     8  __main.o(!!!main)
    __scatterload                            0x08000191   Thumb Code     0  __scatter.o(!!!scatter)
    __scatterload_rt2                        0x08000191   Thumb Code    44  __scatter.o(!!!scatter)
    __scatterload_rt2_thumb_only             0x08000191   Thumb Code     0  __scatter.o(!!!scatter)
    __scatterload_null                       0x0800019f   Thumb Code     0  __scatter.o(!!!scatter)
    __scatterload_copy                       0x080001c5   Thumb Code    26  __scatter_copy.o(!!handler_copy)
    __scatterload_zeroinit                   0x080001e1   Thumb Code    28  __scatter_zi.o(!!handler_zi)
    _printf_f                                0x080001fd   Thumb Code     0  _printf_f.o(.ARM.Collect$$_printf_percent$$00000003)
    _printf_percent                          0x080001fd   Thumb Code     0  _printf_percent.o(.ARM.Collect$$_printf_percent$$00000000)
    _printf_x                                0x08000203   Thumb Code     0  _printf_x.o(.ARM.Collect$$_printf_percent$$0000000C)
    _printf_percent_end                      0x08000209   Thumb Code     0  _printf_percent_end.o(.ARM.Collect$$_printf_percent$$00000017)
    __rt_lib_init                            0x0800020d   Thumb Code     0  libinit.o(.ARM.Collect$$libinit$$00000000)
    __rt_lib_init_fp_1                       0x0800020f   Thumb Code     0  libinit2.o(.ARM.Collect$$libinit$$00000001)
    __rt_lib_init_heap_2                     0x08000213   Thumb Code     0  libinit2.o(.ARM.Collect$$libinit$$00000007)
    __rt_lib_init_preinit_1                  0x08000213   Thumb Code     0  libinit2.o(.ARM.Collect$$libinit$$00000006)
    __rt_lib_init_relocate_pie_1             0x08000213   Thumb Code     0  libinit2.o(.ARM.Collect$$libinit$$00000004)
    __rt_lib_init_heap_1                     0x0800021b   Thumb Code     0  libinit2.o(.ARM.Collect$$libinit$$0000000C)
    __rt_lib_init_lc_common                  0x0800021b   Thumb Code     0  libinit2.o(.ARM.Collect$$libinit$$00000011)
    __rt_lib_init_rand_1                     0x0800021b   Thumb Code     0  libinit2.o(.ARM.Collect$$libinit$$00000010)
    __rt_lib_init_user_alloc_1               0x0800021b   Thumb Code     0  libinit2.o(.ARM.Collect$$libinit$$0000000E)
    __rt_lib_init_lc_collate_1               0x08000221   Thumb Code     0  libinit2.o(.ARM.Collect$$libinit$$00000013)
    __rt_lib_init_lc_ctype_1                 0x08000221   Thumb Code     0  libinit2.o(.ARM.Collect$$libinit$$00000015)
    __rt_lib_init_lc_monetary_1              0x08000221   Thumb Code     0  libinit2.o(.ARM.Collect$$libinit$$00000017)
    __rt_lib_init_lc_numeric_2               0x08000221   Thumb Code     0  libinit2.o(.ARM.Collect$$libinit$$00000018)
    __rt_lib_init_atexit_1                   0x0800022b   Thumb Code     0  libinit2.o(.ARM.Collect$$libinit$$0000001D)
    __rt_lib_init_clock_1                    0x0800022b   Thumb Code     0  libinit2.o(.ARM.Collect$$libinit$$00000023)
    __rt_lib_init_fp_trap_1                  0x0800022b   Thumb Code     0  libinit2.o(.ARM.Collect$$libinit$$00000021)
    __rt_lib_init_getenv_1                   0x0800022b   Thumb Code     0  libinit2.o(.ARM.Collect$$libinit$$00000025)
    __rt_lib_init_lc_numeric_1               0x0800022b   Thumb Code     0  libinit2.o(.ARM.Collect$$libinit$$00000019)
    __rt_lib_init_lc_time_1                  0x0800022b   Thumb Code     0  libinit2.o(.ARM.Collect$$libinit$$0000001B)
    __rt_lib_init_signal_1                   0x0800022b   Thumb Code     0  libinit2.o(.ARM.Collect$$libinit$$0000001F)
    __rt_lib_init_stdio_2                    0x0800022b   Thumb Code     0  libinit2.o(.ARM.Collect$$libinit$$00000026)
    __rt_lib_init_alloca_1                   0x0800022f   Thumb Code     0  libinit2.o(.ARM.Collect$$libinit$$00000030)
    __rt_lib_init_argv_1                     0x0800022f   Thumb Code     0  libinit2.o(.ARM.Collect$$libinit$$0000002E)
    __rt_lib_init_cpp_1                      0x0800022f   Thumb Code     0  libinit2.o(.ARM.Collect$$libinit$$00000034)
    __rt_lib_init_exceptions_1               0x0800022f   Thumb Code     0  libinit2.o(.ARM.Collect$$libinit$$00000032)
    __rt_lib_init_return                     0x0800022f   Thumb Code     0  libinit2.o(.ARM.Collect$$libinit$$00000035)
    __rt_lib_init_stdio_1                    0x0800022f   Thumb Code     0  libinit2.o(.ARM.Collect$$libinit$$00000027)
    __rt_lib_shutdown                        0x08000231   Thumb Code     0  libshutdown.o(.ARM.Collect$$libshutdown$$00000000)
    __rt_lib_shutdown_cpp_1                  0x08000233   Thumb Code     0  libshutdown2.o(.ARM.Collect$$libshutdown$$00000002)
    __rt_lib_shutdown_stdio_2                0x08000233   Thumb Code     0  libshutdown2.o(.ARM.Collect$$libshutdown$$00000003)
    __rt_lib_shutdown_fp_trap_1              0x08000237   Thumb Code     0  libshutdown2.o(.ARM.Collect$$libshutdown$$00000007)
    __rt_lib_shutdown_heap_1                 0x08000237   Thumb Code     0  libshutdown2.o(.ARM.Collect$$libshutdown$$0000000F)
    __rt_lib_shutdown_return                 0x08000237   Thumb Code     0  libshutdown2.o(.ARM.Collect$$libshutdown$$00000010)
    __rt_lib_shutdown_signal_1               0x08000237   Thumb Code     0  libshutdown2.o(.ARM.Collect$$libshutdown$$0000000A)
    __rt_lib_shutdown_stdio_1                0x08000237   Thumb Code     0  libshutdown2.o(.ARM.Collect$$libshutdown$$00000004)
    __rt_lib_shutdown_user_alloc_1           0x08000237   Thumb Code     0  libshutdown2.o(.ARM.Collect$$libshutdown$$0000000C)
    __rt_entry                               0x08000239   Thumb Code     0  __rtentry.o(.ARM.Collect$$rtentry$$00000000)
    __rt_entry_presh_1                       0x08000239   Thumb Code     0  __rtentry2.o(.ARM.Collect$$rtentry$$00000002)
    __rt_entry_sh                            0x08000239   Thumb Code     0  __rtentry4.o(.ARM.Collect$$rtentry$$00000004)
    __rt_entry_li                            0x0800023f   Thumb Code     0  __rtentry2.o(.ARM.Collect$$rtentry$$0000000A)
    __rt_entry_postsh_1                      0x0800023f   Thumb Code     0  __rtentry2.o(.ARM.Collect$$rtentry$$00000009)
    __rt_entry_main                          0x08000243   Thumb Code     0  __rtentry2.o(.ARM.Collect$$rtentry$$0000000D)
    __rt_entry_postli_1                      0x08000243   Thumb Code     0  __rtentry2.o(.ARM.Collect$$rtentry$$0000000C)
    __rt_exit                                0x0800024b   Thumb Code     0  rtexit.o(.ARM.Collect$$rtexit$$00000000)
    __rt_exit_ls                             0x0800024d   Thumb Code     0  rtexit2.o(.ARM.Collect$$rtexit$$00000003)
    __rt_exit_prels_1                        0x0800024d   Thumb Code     0  rtexit2.o(.ARM.Collect$$rtexit$$00000002)
    __rt_exit_exit                           0x08000251   Thumb Code     0  rtexit2.o(.ARM.Collect$$rtexit$$00000004)
    Reset_Handler                            0x08000259   Thumb Code     8  startup_stm32f407xx.o(.text)
    ADC_IRQHandler                           0x08000273   Thumb Code     0  startup_stm32f407xx.o(.text)
    CAN1_RX0_IRQHandler                      0x08000273   Thumb Code     0  startup_stm32f407xx.o(.text)
    CAN1_RX1_IRQHandler                      0x08000273   Thumb Code     0  startup_stm32f407xx.o(.text)
    CAN1_SCE_IRQHandler                      0x08000273   Thumb Code     0  startup_stm32f407xx.o(.text)
    CAN1_TX_IRQHandler                       0x08000273   Thumb Code     0  startup_stm32f407xx.o(.text)
    CAN2_RX0_IRQHandler                      0x08000273   Thumb Code     0  startup_stm32f407xx.o(.text)
    CAN2_RX1_IRQHandler                      0x08000273   Thumb Code     0  startup_stm32f407xx.o(.text)
    CAN2_SCE_IRQHandler                      0x08000273   Thumb Code     0  startup_stm32f407xx.o(.text)
    CAN2_TX_IRQHandler                       0x08000273   Thumb Code     0  startup_stm32f407xx.o(.text)
    DCMI_IRQHandler                          0x08000273   Thumb Code     0  startup_stm32f407xx.o(.text)
    DMA1_Stream0_IRQHandler                  0x08000273   Thumb Code     0  startup_stm32f407xx.o(.text)
    DMA1_Stream1_IRQHandler                  0x08000273   Thumb Code     0  startup_stm32f407xx.o(.text)
    DMA1_Stream2_IRQHandler                  0x08000273   Thumb Code     0  startup_stm32f407xx.o(.text)
    DMA1_Stream3_IRQHandler                  0x08000273   Thumb Code     0  startup_stm32f407xx.o(.text)
    DMA1_Stream4_IRQHandler                  0x08000273   Thumb Code     0  startup_stm32f407xx.o(.text)
    DMA1_Stream5_IRQHandler                  0x08000273   Thumb Code     0  startup_stm32f407xx.o(.text)
    DMA1_Stream6_IRQHandler                  0x08000273   Thumb Code     0  startup_stm32f407xx.o(.text)
    DMA1_Stream7_IRQHandler                  0x08000273   Thumb Code     0  startup_stm32f407xx.o(.text)
    DMA2_Stream0_IRQHandler                  0x08000273   Thumb Code     0  startup_stm32f407xx.o(.text)
    DMA2_Stream1_IRQHandler                  0x08000273   Thumb Code     0  startup_stm32f407xx.o(.text)
    DMA2_Stream2_IRQHandler                  0x08000273   Thumb Code     0  startup_stm32f407xx.o(.text)
    DMA2_Stream3_IRQHandler                  0x08000273   Thumb Code     0  startup_stm32f407xx.o(.text)
    DMA2_Stream4_IRQHandler                  0x08000273   Thumb Code     0  startup_stm32f407xx.o(.text)
    DMA2_Stream5_IRQHandler                  0x08000273   Thumb Code     0  startup_stm32f407xx.o(.text)
    DMA2_Stream6_IRQHandler                  0x08000273   Thumb Code     0  startup_stm32f407xx.o(.text)
    DMA2_Stream7_IRQHandler                  0x08000273   Thumb Code     0  startup_stm32f407xx.o(.text)
    ETH_IRQHandler                           0x08000273   Thumb Code     0  startup_stm32f407xx.o(.text)
    ETH_WKUP_IRQHandler                      0x08000273   Thumb Code     0  startup_stm32f407xx.o(.text)
    EXTI0_IRQHandler                         0x08000273   Thumb Code     0  startup_stm32f407xx.o(.text)
    EXTI1_IRQHandler                         0x08000273   Thumb Code     0  startup_stm32f407xx.o(.text)
    EXTI2_IRQHandler                         0x08000273   Thumb Code     0  startup_stm32f407xx.o(.text)
    EXTI3_IRQHandler                         0x08000273   Thumb Code     0  startup_stm32f407xx.o(.text)
    EXTI4_IRQHandler                         0x08000273   Thumb Code     0  startup_stm32f407xx.o(.text)
    EXTI9_5_IRQHandler                       0x08000273   Thumb Code     0  startup_stm32f407xx.o(.text)
    FLASH_IRQHandler                         0x08000273   Thumb Code     0  startup_stm32f407xx.o(.text)
    FMC_IRQHandler                           0x08000273   Thumb Code     0  startup_stm32f407xx.o(.text)
    FPU_IRQHandler                           0x08000273   Thumb Code     0  startup_stm32f407xx.o(.text)
    HASH_RNG_IRQHandler                      0x08000273   Thumb Code     0  startup_stm32f407xx.o(.text)
    I2C1_ER_IRQHandler                       0x08000273   Thumb Code     0  startup_stm32f407xx.o(.text)
    I2C1_EV_IRQHandler                       0x08000273   Thumb Code     0  startup_stm32f407xx.o(.text)
    I2C2_ER_IRQHandler                       0x08000273   Thumb Code     0  startup_stm32f407xx.o(.text)
    I2C2_EV_IRQHandler                       0x08000273   Thumb Code     0  startup_stm32f407xx.o(.text)
    I2C3_ER_IRQHandler                       0x08000273   Thumb Code     0  startup_stm32f407xx.o(.text)
    I2C3_EV_IRQHandler                       0x08000273   Thumb Code     0  startup_stm32f407xx.o(.text)
    OTG_FS_IRQHandler                        0x08000273   Thumb Code     0  startup_stm32f407xx.o(.text)
    OTG_FS_WKUP_IRQHandler                   0x08000273   Thumb Code     0  startup_stm32f407xx.o(.text)
    OTG_HS_EP1_IN_IRQHandler                 0x08000273   Thumb Code     0  startup_stm32f407xx.o(.text)
    OTG_HS_EP1_OUT_IRQHandler                0x08000273   Thumb Code     0  startup_stm32f407xx.o(.text)
    OTG_HS_IRQHandler                        0x08000273   Thumb Code     0  startup_stm32f407xx.o(.text)
    OTG_HS_WKUP_IRQHandler                   0x08000273   Thumb Code     0  startup_stm32f407xx.o(.text)
    PVD_IRQHandler                           0x08000273   Thumb Code     0  startup_stm32f407xx.o(.text)
    RCC_IRQHandler                           0x08000273   Thumb Code     0  startup_stm32f407xx.o(.text)
    RTC_Alarm_IRQHandler                     0x08000273   Thumb Code     0  startup_stm32f407xx.o(.text)
    RTC_WKUP_IRQHandler                      0x08000273   Thumb Code     0  startup_stm32f407xx.o(.text)
    SDIO_IRQHandler                          0x08000273   Thumb Code     0  startup_stm32f407xx.o(.text)
    SPI1_IRQHandler                          0x08000273   Thumb Code     0  startup_stm32f407xx.o(.text)
    SPI2_IRQHandler                          0x08000273   Thumb Code     0  startup_stm32f407xx.o(.text)
    SPI3_IRQHandler                          0x08000273   Thumb Code     0  startup_stm32f407xx.o(.text)
    TAMP_STAMP_IRQHandler                    0x08000273   Thumb Code     0  startup_stm32f407xx.o(.text)
    TIM1_BRK_TIM9_IRQHandler                 0x08000273   Thumb Code     0  startup_stm32f407xx.o(.text)
    TIM1_CC_IRQHandler                       0x08000273   Thumb Code     0  startup_stm32f407xx.o(.text)
    TIM1_TRG_COM_TIM11_IRQHandler            0x08000273   Thumb Code     0  startup_stm32f407xx.o(.text)
    TIM1_UP_TIM10_IRQHandler                 0x08000273   Thumb Code     0  startup_stm32f407xx.o(.text)
    TIM2_IRQHandler                          0x08000273   Thumb Code     0  startup_stm32f407xx.o(.text)
    TIM3_IRQHandler                          0x08000273   Thumb Code     0  startup_stm32f407xx.o(.text)
    TIM4_IRQHandler                          0x08000273   Thumb Code     0  startup_stm32f407xx.o(.text)
    TIM5_IRQHandler                          0x08000273   Thumb Code     0  startup_stm32f407xx.o(.text)
    TIM6_DAC_IRQHandler                      0x08000273   Thumb Code     0  startup_stm32f407xx.o(.text)
    TIM7_IRQHandler                          0x08000273   Thumb Code     0  startup_stm32f407xx.o(.text)
    TIM8_BRK_TIM12_IRQHandler                0x08000273   Thumb Code     0  startup_stm32f407xx.o(.text)
    TIM8_CC_IRQHandler                       0x08000273   Thumb Code     0  startup_stm32f407xx.o(.text)
    TIM8_TRG_COM_TIM14_IRQHandler            0x08000273   Thumb Code     0  startup_stm32f407xx.o(.text)
    TIM8_UP_TIM13_IRQHandler                 0x08000273   Thumb Code     0  startup_stm32f407xx.o(.text)
    UART4_IRQHandler                         0x08000273   Thumb Code     0  startup_stm32f407xx.o(.text)
    UART5_IRQHandler                         0x08000273   Thumb Code     0  startup_stm32f407xx.o(.text)
    USART1_IRQHandler                        0x08000273   Thumb Code     0  startup_stm32f407xx.o(.text)
    USART2_IRQHandler                        0x08000273   Thumb Code     0  startup_stm32f407xx.o(.text)
    USART3_IRQHandler                        0x08000273   Thumb Code     0  startup_stm32f407xx.o(.text)
    USART6_IRQHandler                        0x08000273   Thumb Code     0  startup_stm32f407xx.o(.text)
    WWDG_IRQHandler                          0x08000273   Thumb Code     0  startup_stm32f407xx.o(.text)
    __user_initial_stackheap                 0x08000275   Thumb Code     0  startup_stm32f407xx.o(.text)
    __aeabi_uldivmod                         0x08000299   Thumb Code     0  lludivv7m.o(.text)
    _ll_udiv                                 0x08000299   Thumb Code   240  lludivv7m.o(.text)
    __2printf                                0x08000389   Thumb Code    20  noretval__2printf.o(.text)
    _printf_int_hex                          0x080003a1   Thumb Code    84  _printf_hex_int.o(.text)
    _printf_longlong_hex                     0x080003a1   Thumb Code     0  _printf_hex_int.o(.text)
    __printf                                 0x080003f9   Thumb Code   184  __printf_ss.o(.text)
    __aeabi_memclr4                          0x080004b1   Thumb Code     0  rt_memclr_w.o(.text)
    __aeabi_memclr8                          0x080004b1   Thumb Code     0  rt_memclr_w.o(.text)
    __rt_memclr_w                            0x080004b1   Thumb Code     0  rt_memclr_w.o(.text)
    _memset_w                                0x080004b5   Thumb Code    74  rt_memclr_w.o(.text)
    strcmp                                   0x08000501   Thumb Code   124  strcmpv7em.o(.text)
    __use_two_region_memory                  0x0800057d   Thumb Code     2  heapauxi.o(.text)
    __rt_heap_escrow                         0x0800057f   Thumb Code     2  heapauxi.o(.text)
    __rt_heap_expand                         0x08000581   Thumb Code     2  heapauxi.o(.text)
    _printf_int_common                       0x08000583   Thumb Code   178  _printf_intcommon.o(.text)
    _printf_fp_dec_real                      0x080007e5   Thumb Code   620  _printf_fp_dec.o(.text)
    _printf_char_file                        0x08000a51   Thumb Code    32  _printf_char_file.o(.text)
    __rt_locale                              0x08000a75   Thumb Code     8  rt_locale_intlibspace.o(.text)
    _ll_udiv10                               0x08000a7d   Thumb Code   138  lludiv10.o(.text)
    _printf_char_common                      0x08000b13   Thumb Code    32  _printf_char_common.o(.text)
    _printf_fp_infnan                        0x08000b39   Thumb Code   112  _printf_fp_infnan.o(.text)
    _btod_etento                             0x08000bb9   Thumb Code   224  bigflt0.o(.text)
    ferror                                   0x08000c9d   Thumb Code     8  ferror.o(.text)
    _initio                                  0x08000ca5   Thumb Code   210  initio.o(.text)
    _terminateio                             0x08000d77   Thumb Code    56  initio.o(.text)
    __user_libspace                          0x08000ddd   Thumb Code     8  libspace.o(.text)
    __user_perproc_libspace                  0x08000ddd   Thumb Code     0  libspace.o(.text)
    __user_perthread_libspace                0x08000ddd   Thumb Code     0  libspace.o(.text)
    __user_setup_stackheap                   0x08000de5   Thumb Code    74  sys_stackheap_outer.o(.text)
    free                                     0x08000e2f   Thumb Code    78  h1_free.o(.text)
    setvbuf                                  0x08000e7d   Thumb Code    70  setvbuf.o(.text)
    freopen                                  0x08000ec5   Thumb Code   160  fopen.o(.text)
    fopen                                    0x08000f65   Thumb Code    74  fopen.o(.text)
    _fclose_internal                         0x08000fb5   Thumb Code    76  fclose.o(.text)
    fclose                                   0x08000fb5   Thumb Code     0  fclose.o(.text)
    exit                                     0x08001001   Thumb Code    18  exit.o(.text)
    __rt_SIGRTRED                            0x08001013   Thumb Code    14  defsig_rtred_outer.o(.text)
    __rt_heap_descriptor                     0x08001021   Thumb Code     8  rt_heap_descriptor_intlibspace.o(.text)
    __use_no_heap                            0x08001029   Thumb Code     2  hguard.o(.text)
    __heap$guard                             0x0800102b   Thumb Code     2  hguard.o(.text)
    _terminate_user_alloc                    0x0800102d   Thumb Code     2  init_alloc.o(.text)
    _init_user_alloc                         0x0800102f   Thumb Code     2  init_alloc.o(.text)
    __Heap_Full                              0x08001031   Thumb Code    34  init_alloc.o(.text)
    __Heap_Broken                            0x08001053   Thumb Code     6  init_alloc.o(.text)
    _init_alloc                              0x08001059   Thumb Code    94  init_alloc.o(.text)
    malloc                                   0x080010b7   Thumb Code    94  h1_alloc.o(.text)
    _fseek                                   0x08001115   Thumb Code   242  fseek.o(.text)
    fseek                                    0x08001115   Thumb Code     0  fseek.o(.text)
    _seterr                                  0x0800120d   Thumb Code    20  stdio.o(.text)
    _writebuf                                0x08001221   Thumb Code   108  stdio.o(.text)
    _fflush                                  0x0800128d   Thumb Code    70  stdio.o(.text)
    _deferredlazyseek                        0x080012d3   Thumb Code    60  stdio.o(.text)
    __sig_exit                               0x08001315   Thumb Code    10  defsig_exit.o(.text)
    __rt_SIGRTRED_inner                      0x08001321   Thumb Code    14  defsig_rtred_inner.o(.text)
    _sys_exit                                0x08001355   Thumb Code     8  sys_exit.o(.text)
    __Heap_Initialize                        0x08001361   Thumb Code    10  h1_init.o(.text)
    _maybe_terminate_alloc                   0x08001361   Thumb Code     0  maybetermalloc1.o(.text)
    __Heap_DescSize                          0x0800136b   Thumb Code     4  h1_init.o(.text)
    __Heap_ProvideMemory                     0x0800136f   Thumb Code    52  h1_extend.o(.text)
    _ftell_internal                          0x080013a3   Thumb Code    66  ftell.o(.text)
    ftell                                    0x080013a3   Thumb Code     0  ftell.o(.text)
    __default_signal_display                 0x080013e5   Thumb Code    50  defsig_general.o(.text)
    __rt_SIGRTMEM                            0x08001417   Thumb Code    14  defsig_rtmem_outer.o(.text)
    _ttywrch                                 0x08001425   Thumb Code    14  sys_wrch.o(.text)
    __I$use$semihosting                      0x08001433   Thumb Code     0  use_no_semi.o(.text)
    __use_no_semihosting_swi                 0x08001433   Thumb Code     2  use_no_semi.o(.text)
    __aeabi_errno_addr                       0x08001435   Thumb Code     8  rt_errno_addr_intlibspace.o(.text)
    __errno$intlibspace                      0x08001435   Thumb Code     0  rt_errno_addr_intlibspace.o(.text)
    __rt_errno_addr$intlibspace              0x08001435   Thumb Code     0  rt_errno_addr_intlibspace.o(.text)
    __semihosting_library_function           0x08001435   Thumb Code     0  indicate_semi.o(.text)
    __rt_SIGRTMEM_inner                      0x0800143d   Thumb Code    22  defsig_rtmem_inner.o(.text)
    BusFault_Handler                         0x0800148d   Thumb Code     2  stm32f4xx_it.o(.text.BusFault_Handler)
    DebugMon_Handler                         0x08001491   Thumb Code     2  stm32f4xx_it.o(.text.DebugMon_Handler)
    EXTI15_10_IRQHandler                     0x08001495   Thumb Code     8  stm32f4xx_it.o(.text.EXTI15_10_IRQHandler)
    HAL_Delay                                0x0800149d   Thumb Code    40  stm32f4xx_hal.o(.text.HAL_Delay)
    HAL_GPIO_EXTI_Callback                   0x080014c5   Thumb Code     2  stm32f4xx_hal_gpio.o(.text.HAL_GPIO_EXTI_Callback)
    HAL_GPIO_EXTI_IRQHandler                 0x080014c9   Thumb Code    22  stm32f4xx_hal_gpio.o(.text.HAL_GPIO_EXTI_IRQHandler)
    HAL_GPIO_Init                            0x080014e1   Thumb Code   422  stm32f4xx_hal_gpio.o(.text.HAL_GPIO_Init)
    HAL_GPIO_WritePin                        0x08001689   Thumb Code    10  stm32f4xx_hal_gpio.o(.text.HAL_GPIO_WritePin)
    HAL_GetTick                              0x08001695   Thumb Code    12  stm32f4xx_hal.o(.text.HAL_GetTick)
    HAL_IncTick                              0x080016a1   Thumb Code    26  stm32f4xx_hal.o(.text.HAL_IncTick)
    HAL_Init                                 0x080016bd   Thumb Code    54  stm32f4xx_hal.o(.text.HAL_Init)
    HAL_InitTick                             0x080016f5   Thumb Code    72  stm32f4xx_hal.o(.text.HAL_InitTick)
    HAL_MspInit                              0x0800173d   Thumb Code    60  stm32f4xx_hal_msp.o(.text.HAL_MspInit)
    HAL_NVIC_EnableIRQ                       0x08001779   Thumb Code    38  stm32f4xx_hal_cortex.o(.text.HAL_NVIC_EnableIRQ)
    HAL_NVIC_SetPriority                     0x080017a1   Thumb Code    86  stm32f4xx_hal_cortex.o(.text.HAL_NVIC_SetPriority)
    HAL_NVIC_SetPriorityGrouping             0x080017f9   Thumb Code    32  stm32f4xx_hal_cortex.o(.text.HAL_NVIC_SetPriorityGrouping)
    HAL_RCC_ClockConfig                      0x08001819   Thumb Code   352  stm32f4xx_hal_rcc.o(.text.HAL_RCC_ClockConfig)
    HAL_RCC_GetPCLK1Freq                     0x08001979   Thumb Code    38  stm32f4xx_hal_rcc.o(.text.HAL_RCC_GetPCLK1Freq)
    HAL_RCC_GetPCLK2Freq                     0x080019a1   Thumb Code    38  stm32f4xx_hal_rcc.o(.text.HAL_RCC_GetPCLK2Freq)
    HAL_RCC_GetSysClockFreq                  0x080019c9   Thumb Code   108  stm32f4xx_hal_rcc.o(.text.HAL_RCC_GetSysClockFreq)
    HAL_RCC_OscConfig                        0x08001a35   Thumb Code   884  stm32f4xx_hal_rcc.o(.text.HAL_RCC_OscConfig)
    HAL_SPI_Init                             0x08001da9   Thumb Code   180  stm32f4xx_hal_spi.o(.text.HAL_SPI_Init)
    HAL_SPI_MspInit                          0x08001e5d   Thumb Code   164  stm32f4xx_hal_msp.o(.text.HAL_SPI_MspInit)
    HAL_SPI_Receive                          0x08001f01   Thumb Code   498  stm32f4xx_hal_spi.o(.text.HAL_SPI_Receive)
    HAL_SPI_Transmit                         0x080020f5   Thumb Code   594  stm32f4xx_hal_spi.o(.text.HAL_SPI_Transmit)
    HAL_SPI_TransmitReceive                  0x08002349   Thumb Code   792  stm32f4xx_hal_spi.o(.text.HAL_SPI_TransmitReceive)
    HAL_SYSTICK_Config                       0x08002661   Thumb Code    44  stm32f4xx_hal_cortex.o(.text.HAL_SYSTICK_Config)
    HAL_TIMEx_MasterConfigSynchronization    0x0800268d   Thumb Code   182  stm32f4xx_hal_tim_ex.o(.text.HAL_TIMEx_MasterConfigSynchronization)
    HAL_TIM_Base_Init                        0x08002745   Thumb Code    90  stm32f4xx_hal_tim.o(.text.HAL_TIM_Base_Init)
    HAL_TIM_Base_MspInit                     0x080027a1   Thumb Code   102  stm32f4xx_hal_msp.o(.text.HAL_TIM_Base_MspInit)
    HAL_TIM_ConfigClockSource                0x08002809   Thumb Code   412  stm32f4xx_hal_tim.o(.text.HAL_TIM_ConfigClockSource)
    HAL_TIM_IC_ConfigChannel                 0x080029a5   Thumb Code   450  stm32f4xx_hal_tim.o(.text.HAL_TIM_IC_ConfigChannel)
    HAL_TIM_IC_Init                          0x08002b69   Thumb Code    90  stm32f4xx_hal_tim.o(.text.HAL_TIM_IC_Init)
    HAL_TIM_IC_MspInit                       0x08002bc5   Thumb Code     2  stm32f4xx_hal_tim.o(.text.HAL_TIM_IC_MspInit)
    HAL_UART_Init                            0x08002bc9   Thumb Code    94  stm32f4xx_hal_uart.o(.text.HAL_UART_Init)
    HAL_UART_MspInit                         0x08002c29   Thumb Code   106  stm32f4xx_hal_msp.o(.text.HAL_UART_MspInit)
    HAL_UART_Transmit                        0x08002c95   Thumb Code   646  stm32f4xx_hal_uart.o(.text.HAL_UART_Transmit)
    HardFault_Handler                        0x08002f1d   Thumb Code     2  stm32f4xx_it.o(.text.HardFault_Handler)
    MemManage_Handler                        0x08002f21   Thumb Code     2  stm32f4xx_it.o(.text.MemManage_Handler)
    NMI_Handler                              0x08002f25   Thumb Code     2  stm32f4xx_it.o(.text.NMI_Handler)
    PendSV_Handler                           0x08002f29   Thumb Code     2  stm32f4xx_it.o(.text.PendSV_Handler)
    SVC_Handler                              0x08003011   Thumb Code     2  stm32f4xx_it.o(.text.SVC_Handler)
    SysTick_Handler                          0x08003015   Thumb Code     4  stm32f4xx_it.o(.text.SysTick_Handler)
    SystemInit                               0x08003019   Thumb Code    18  system_stm32f4xx.o(.text.SystemInit)
    TIM_Base_SetConfig                       0x0800302d   Thumb Code   316  stm32f4xx_hal_tim.o(.text.TIM_Base_SetConfig)
    UsageFault_Handler                       0x08003259   Thumb Code     2  stm32f4xx_it.o(.text.UsageFault_Handler)
    _sys_close                               0x0800325d   Thumb Code    20  retarget_io.o(.text._sys_close)
    _sys_flen                                0x08003271   Thumb Code     4  retarget_io.o(.text._sys_flen)
    _sys_istty                               0x08003275   Thumb Code    16  retarget_io.o(.text._sys_istty)
    _sys_open                                0x08003285   Thumb Code    98  retarget_io.o(.text._sys_open)
    _sys_seek                                0x080032e9   Thumb Code     6  retarget_io.o(.text._sys_seek)
    _sys_write                               0x080032f1   Thumb Code   906  retarget_io.o(.text._sys_write)
    cal_tof                                  0x08003681   Thumb Code  2136  main.o(.text.cal_tof)
    fputc                                    0x08003f6d   Thumb Code    34  main.o(.text.fputc)
    main                                     0x08003f91   Thumb Code   884  main.o(.text.main)
    pulse_gen                                0x08004381   Thumb Code   296  main.o(.text.pulse_gen)
    tdc_trigger_common                       0x080044a9   Thumb Code   152  main.o(.text.tdc_trigger_common)
    _btod_d2e                                0x08004541   Thumb Code    62  btod.o(CL$$btod_d2e)
    _d2e_denorm_low                          0x0800457f   Thumb Code    70  btod.o(CL$$btod_d2e_denorm_low)
    _d2e_norm_op1                            0x080045c5   Thumb Code    96  btod.o(CL$$btod_d2e_norm_op1)
    __btod_div_common                        0x08004625   Thumb Code   696  btod.o(CL$$btod_div_common)
    _e2e                                     0x0800495d   Thumb Code   220  btod.o(CL$$btod_e2e)
    _btod_ediv                               0x08004a39   Thumb Code    42  btod.o(CL$$btod_ediv)
    _btod_emul                               0x08004a63   Thumb Code    42  btod.o(CL$$btod_emul)
    __btod_mult_common                       0x08004a8d   Thumb Code   580  btod.o(CL$$btod_mult_common)
    __ARM_fpclassify                         0x08004cd1   Thumb Code    48  fpclassify.o(i.__ARM_fpclassify)
    _get_lc_numeric                          0x08004d01   Thumb Code    44  lc_numeric_c.o(locale$$code)
    __aeabi_dadd                             0x08004d2d   Thumb Code     0  daddsub_clz.o(x$fpl$dadd)
    _dadd                                    0x08004d2d   Thumb Code   332  daddsub_clz.o(x$fpl$dadd)
    __aeabi_ddiv                             0x08004e7d   Thumb Code     0  ddiv.o(x$fpl$ddiv)
    _ddiv                                    0x08004e7d   Thumb Code   556  ddiv.o(x$fpl$ddiv)
    __aeabi_i2d                              0x08005131   Thumb Code     0  dflt_clz.o(x$fpl$dflt)
    _dflt                                    0x08005131   Thumb Code    46  dflt_clz.o(x$fpl$dflt)
    __aeabi_dmul                             0x08005161   Thumb Code     0  dmul.o(x$fpl$dmul)
    _dmul                                    0x08005161   Thumb Code   332  dmul.o(x$fpl$dmul)
    __fpl_dnaninf                            0x080052b5   Thumb Code   156  dnaninf.o(x$fpl$dnaninf)
    __fpl_dretinf                            0x08005351   Thumb Code    12  dretinf.o(x$fpl$dretinf)
    __aeabi_dsub                             0x0800535d   Thumb Code     0  daddsub_clz.o(x$fpl$dsub)
    _dsub                                    0x0800535d   Thumb Code   472  daddsub_clz.o(x$fpl$dsub)
    _fp_init                                 0x08005539   Thumb Code    26  fpinit.o(x$fpl$fpinit)
    __fplib_config_fpu_vfp                   0x08005551   Thumb Code     0  fpinit.o(x$fpl$fpinit)
    __fplib_config_pureend_doubles           0x08005551   Thumb Code     0  fpinit.o(x$fpl$fpinit)
    _printf_fp_dec                           0x08005553   Thumb Code     4  printf1.o(x$fpl$printf1)
    __I$use$fp                               0x08005556   Number         0  usenofp.o(x$fpl$usenofp)
    AHBPrescTable                            0x08005614   Data          16  system_stm32f4xx.o(.rodata.AHBPrescTable)
    APBPrescTable                            0x08005624   Data           8  system_stm32f4xx.o(.rodata.APBPrescTable)
    __stderr_name                            0x0800562c   Data           8  retarget_io.o(.rodata.__stderr_name)
    __stdin_name                             0x08005634   Data           7  retarget_io.o(.rodata.__stdin_name)
    __stdout_name                            0x0800563b   Data           8  retarget_io.o(.rodata.__stdout_name)
    Region$$Table$$Base                      0x08005644   Number         0  anon$$obj.o(Region$$Table)
    Region$$Table$$Limit                     0x08005664   Number         0  anon$$obj.o(Region$$Table)
    __aeabi_stdin                            0x20000000   Data           4  stdio_streams.o(.data)
    __aeabi_stdout                           0x20000004   Data           4  stdio_streams.o(.data)
    __aeabi_stderr                           0x20000008   Data           4  stdio_streams.o(.data)
    uwTickFreq                               0x2000000c   Data           1  stm32f4xx_hal.o(.data..L_MergedGlobals)
    uwTickPrio                               0x20000010   Data           4  stm32f4xx_hal.o(.data..L_MergedGlobals)
    SystemCoreClock                          0x20000014   Data           4  system_stm32f4xx.o(.data.SystemCoreClock)
    TDC7200_reg_local_copy                   0x20000018   Data          10  main.o(.data.TDC7200_reg_local_copy)
    __stdin                                  0x20000028   Data          84  stdio_streams.o(.bss)
    __stdout                                 0x2000007c   Data          84  stdio_streams.o(.bss)
    __stderr                                 0x200000d0   Data          84  stdio_streams.o(.bss)
    __libspace_start                         0x20000124   Data          96  libspace.o(.bss)
    __temporary_stack_top$libspace           0x20000184   Data           0  libspace.o(.bss)
    i                                        0x20000188   Data           1  main.o(.bss..L_MergedGlobals)
    b                                        0x20000189   Data           2  main.o(.bss..L_MergedGlobals)
    T12                                      0x20000190   Data           8  main.o(.bss..L_MergedGlobals)
    T21                                      0x20000198   Data           8  main.o(.bss..L_MergedGlobals)
    uCal                                     0x200001a0   Data           8  main.o(.bss..L_MergedGlobals)
    dCal                                     0x200001a8   Data           8  main.o(.bss..L_MergedGlobals)
    dTOF                                     0x200001b0   Data           8  main.o(.bss..L_MergedGlobals)
    vel                                      0x200001b8   Data           8  main.o(.bss..L_MergedGlobals)
    flow                                     0x200001c0   Data           8  main.o(.bss..L_MergedGlobals)
    uClk                                     0x200001c8   Data          20  main.o(.bss..L_MergedGlobals)
    dClk                                     0x200001dc   Data          20  main.o(.bss..L_MergedGlobals)
    uTime                                    0x200001f0   Data          24  main.o(.bss..L_MergedGlobals.19)
    dTime                                    0x20000208   Data          24  main.o(.bss..L_MergedGlobals.19)
    upbuff                                   0x20000220   Data          39  main.o(.bss..L_MergedGlobals.19)
    dnbuff                                   0x20000247   Data          39  main.o(.bss..L_MergedGlobals.19)
    TOF                                      0x20000270   Data          48  main.o(.bss..L_MergedGlobals.20)
    huart6                                   0x200002a0   Data          68  main.o(.bss..L_MergedGlobals.20)
    hspi2                                    0x200002e4   Data          88  main.o(.bss.hspi2)
    htim4                                    0x2000033c   Data          72  main.o(.bss.htim4)
    uwTick                                   0x20000384   Data           4  stm32f4xx_hal.o(.bss.uwTick)



==============================================================================

Memory Map of the image

  Image Entry point : 0x08000189

  Load Region LR_IROM1 (Base: 0x08000000, Size: 0x000056a8, Max: 0x00100000, ABSOLUTE)

    Execution Region ER_IROM1 (Exec base: 0x08000000, Load base: 0x08000000, Size: 0x00005680, Max: 0x00100000, ABSOLUTE)

    Exec Addr    Load Addr    Size         Type   Attr      Idx    E Section Name        Object

    0x08000000   0x08000000   0x00000188   Data   RO            3    RESET               startup_stm32f407xx.o
    0x08000188   0x08000188   0x00000008   Code   RO         1135  * !!!main             c_w.l(__main.o)
    0x08000190   0x08000190   0x00000034   Code   RO         1541    !!!scatter          c_w.l(__scatter.o)
    0x080001c4   0x080001c4   0x0000001a   Code   RO         1543    !!handler_copy      c_w.l(__scatter_copy.o)
    0x080001de   0x080001de   0x00000002   PAD
    0x080001e0   0x080001e0   0x0000001c   Code   RO         1545    !!handler_zi        c_w.l(__scatter_zi.o)
    0x080001fc   0x080001fc   0x00000000   Code   RO         1128    .ARM.Collect$$_printf_percent$$00000000  c_w.l(_printf_percent.o)
    0x080001fc   0x080001fc   0x00000006   Code   RO         1127    .ARM.Collect$$_printf_percent$$00000003  c_w.l(_printf_f.o)
    0x08000202   0x08000202   0x00000006   Code   RO         1126    .ARM.Collect$$_printf_percent$$0000000C  c_w.l(_printf_x.o)
    0x08000208   0x08000208   0x00000004   Code   RO         1170    .ARM.Collect$$_printf_percent$$00000017  c_w.l(_printf_percent_end.o)
    0x0800020c   0x0800020c   0x00000002   Code   RO         1345    .ARM.Collect$$libinit$$00000000  c_w.l(libinit.o)
    0x0800020e   0x0800020e   0x00000004   Code   RO         1346    .ARM.Collect$$libinit$$00000001  c_w.l(libinit2.o)
    0x08000212   0x08000212   0x00000000   Code   RO         1349    .ARM.Collect$$libinit$$00000004  c_w.l(libinit2.o)
    0x08000212   0x08000212   0x00000000   Code   RO         1351    .ARM.Collect$$libinit$$00000006  c_w.l(libinit2.o)
    0x08000212   0x08000212   0x00000008   Code   RO         1352    .ARM.Collect$$libinit$$00000007  c_w.l(libinit2.o)
    0x0800021a   0x0800021a   0x00000000   Code   RO         1354    .ARM.Collect$$libinit$$0000000C  c_w.l(libinit2.o)
    0x0800021a   0x0800021a   0x00000000   Code   RO         1356    .ARM.Collect$$libinit$$0000000E  c_w.l(libinit2.o)
    0x0800021a   0x0800021a   0x00000000   Code   RO         1358    .ARM.Collect$$libinit$$00000010  c_w.l(libinit2.o)
    0x0800021a   0x0800021a   0x00000006   Code   RO         1359    .ARM.Collect$$libinit$$00000011  c_w.l(libinit2.o)
    0x08000220   0x08000220   0x00000000   Code   RO         1361    .ARM.Collect$$libinit$$00000013  c_w.l(libinit2.o)
    0x08000220   0x08000220   0x00000000   Code   RO         1363    .ARM.Collect$$libinit$$00000015  c_w.l(libinit2.o)
    0x08000220   0x08000220   0x00000000   Code   RO         1365    .ARM.Collect$$libinit$$00000017  c_w.l(libinit2.o)
    0x08000220   0x08000220   0x0000000a   Code   RO         1366    .ARM.Collect$$libinit$$00000018  c_w.l(libinit2.o)
    0x0800022a   0x0800022a   0x00000000   Code   RO         1367    .ARM.Collect$$libinit$$00000019  c_w.l(libinit2.o)
    0x0800022a   0x0800022a   0x00000000   Code   RO         1369    .ARM.Collect$$libinit$$0000001B  c_w.l(libinit2.o)
    0x0800022a   0x0800022a   0x00000000   Code   RO         1371    .ARM.Collect$$libinit$$0000001D  c_w.l(libinit2.o)
    0x0800022a   0x0800022a   0x00000000   Code   RO         1373    .ARM.Collect$$libinit$$0000001F  c_w.l(libinit2.o)
    0x0800022a   0x0800022a   0x00000000   Code   RO         1375    .ARM.Collect$$libinit$$00000021  c_w.l(libinit2.o)
    0x0800022a   0x0800022a   0x00000000   Code   RO         1377    .ARM.Collect$$libinit$$00000023  c_w.l(libinit2.o)
    0x0800022a   0x0800022a   0x00000000   Code   RO         1379    .ARM.Collect$$libinit$$00000025  c_w.l(libinit2.o)
    0x0800022a   0x0800022a   0x00000004   Code   RO         1380    .ARM.Collect$$libinit$$00000026  c_w.l(libinit2.o)
    0x0800022e   0x0800022e   0x00000000   Code   RO         1381    .ARM.Collect$$libinit$$00000027  c_w.l(libinit2.o)
    0x0800022e   0x0800022e   0x00000000   Code   RO         1385    .ARM.Collect$$libinit$$0000002E  c_w.l(libinit2.o)
    0x0800022e   0x0800022e   0x00000000   Code   RO         1387    .ARM.Collect$$libinit$$00000030  c_w.l(libinit2.o)
    0x0800022e   0x0800022e   0x00000000   Code   RO         1389    .ARM.Collect$$libinit$$00000032  c_w.l(libinit2.o)
    0x0800022e   0x0800022e   0x00000000   Code   RO         1391    .ARM.Collect$$libinit$$00000034  c_w.l(libinit2.o)
    0x0800022e   0x0800022e   0x00000002   Code   RO         1392    .ARM.Collect$$libinit$$00000035  c_w.l(libinit2.o)
    0x08000230   0x08000230   0x00000002   Code   RO         1522    .ARM.Collect$$libshutdown$$00000000  c_w.l(libshutdown.o)
    0x08000232   0x08000232   0x00000000   Code   RO         1394    .ARM.Collect$$libshutdown$$00000002  c_w.l(libshutdown2.o)
    0x08000232   0x08000232   0x00000004   Code   RO         1395    .ARM.Collect$$libshutdown$$00000003  c_w.l(libshutdown2.o)
    0x08000236   0x08000236   0x00000000   Code   RO         1396    .ARM.Collect$$libshutdown$$00000004  c_w.l(libshutdown2.o)
    0x08000236   0x08000236   0x00000000   Code   RO         1399    .ARM.Collect$$libshutdown$$00000007  c_w.l(libshutdown2.o)
    0x08000236   0x08000236   0x00000000   Code   RO         1402    .ARM.Collect$$libshutdown$$0000000A  c_w.l(libshutdown2.o)
    0x08000236   0x08000236   0x00000000   Code   RO         1404    .ARM.Collect$$libshutdown$$0000000C  c_w.l(libshutdown2.o)
    0x08000236   0x08000236   0x00000000   Code   RO         1407    .ARM.Collect$$libshutdown$$0000000F  c_w.l(libshutdown2.o)
    0x08000236   0x08000236   0x00000002   Code   RO         1408    .ARM.Collect$$libshutdown$$00000010  c_w.l(libshutdown2.o)
    0x08000238   0x08000238   0x00000000   Code   RO         1157    .ARM.Collect$$rtentry$$00000000  c_w.l(__rtentry.o)
    0x08000238   0x08000238   0x00000000   Code   RO         1183    .ARM.Collect$$rtentry$$00000002  c_w.l(__rtentry2.o)
    0x08000238   0x08000238   0x00000006   Code   RO         1195    .ARM.Collect$$rtentry$$00000004  c_w.l(__rtentry4.o)
    0x0800023e   0x0800023e   0x00000000   Code   RO         1185    .ARM.Collect$$rtentry$$00000009  c_w.l(__rtentry2.o)
    0x0800023e   0x0800023e   0x00000004   Code   RO         1186    .ARM.Collect$$rtentry$$0000000A  c_w.l(__rtentry2.o)
    0x08000242   0x08000242   0x00000000   Code   RO         1188    .ARM.Collect$$rtentry$$0000000C  c_w.l(__rtentry2.o)
    0x08000242   0x08000242   0x00000008   Code   RO         1189    .ARM.Collect$$rtentry$$0000000D  c_w.l(__rtentry2.o)
    0x0800024a   0x0800024a   0x00000002   Code   RO         1409    .ARM.Collect$$rtexit$$00000000  c_w.l(rtexit.o)
    0x0800024c   0x0800024c   0x00000000   Code   RO         1461    .ARM.Collect$$rtexit$$00000002  c_w.l(rtexit2.o)
    0x0800024c   0x0800024c   0x00000004   Code   RO         1462    .ARM.Collect$$rtexit$$00000003  c_w.l(rtexit2.o)
    0x08000250   0x08000250   0x00000006   Code   RO         1463    .ARM.Collect$$rtexit$$00000004  c_w.l(rtexit2.o)
    0x08000256   0x08000256   0x00000002   PAD
    0x08000258   0x08000258   0x00000040   Code   RO            4    .text               startup_stm32f407xx.o
    0x08000298   0x08000298   0x000000f0   Code   RO         1077    .text               c_w.l(lludivv7m.o)
    0x08000388   0x08000388   0x00000018   Code   RO         1081    .text               c_w.l(noretval__2printf.o)
    0x080003a0   0x080003a0   0x00000058   Code   RO         1088    .text               c_w.l(_printf_hex_int.o)
    0x080003f8   0x080003f8   0x000000b8   Code   RO         1109    .text               c_w.l(__printf_ss.o)
    0x080004b0   0x080004b0   0x0000004e   Code   RO         1129    .text               c_w.l(rt_memclr_w.o)
    0x080004fe   0x080004fe   0x00000002   PAD
    0x08000500   0x08000500   0x0000007c   Code   RO         1131    .text               c_w.l(strcmpv7em.o)
    0x0800057c   0x0800057c   0x00000006   Code   RO         1133    .text               c_w.l(heapauxi.o)
    0x08000582   0x08000582   0x000000b2   Code   RO         1162    .text               c_w.l(_printf_intcommon.o)
    0x08000634   0x08000634   0x0000041c   Code   RO         1164    .text               c_w.l(_printf_fp_dec.o)
    0x08000a50   0x08000a50   0x00000024   Code   RO         1168    .text               c_w.l(_printf_char_file.o)
    0x08000a74   0x08000a74   0x00000008   Code   RO         1202    .text               c_w.l(rt_locale_intlibspace.o)
    0x08000a7c   0x08000a7c   0x0000008a   Code   RO         1204    .text               c_w.l(lludiv10.o)
    0x08000b06   0x08000b06   0x00000002   PAD
    0x08000b08   0x08000b08   0x00000030   Code   RO         1206    .text               c_w.l(_printf_char_common.o)
    0x08000b38   0x08000b38   0x00000080   Code   RO         1208    .text               c_w.l(_printf_fp_infnan.o)
    0x08000bb8   0x08000bb8   0x000000e4   Code   RO         1210    .text               c_w.l(bigflt0.o)
    0x08000c9c   0x08000c9c   0x00000008   Code   RO         1237    .text               c_w.l(ferror.o)
    0x08000ca4   0x08000ca4   0x00000138   Code   RO         1239    .text               c_w.l(initio.o)
    0x08000ddc   0x08000ddc   0x00000008   Code   RO         1252    .text               c_w.l(libspace.o)
    0x08000de4   0x08000de4   0x0000004a   Code   RO         1257    .text               c_w.l(sys_stackheap_outer.o)
    0x08000e2e   0x08000e2e   0x0000004e   Code   RO         1261    .text               c_w.l(h1_free.o)
    0x08000e7c   0x08000e7c   0x00000046   Code   RO         1319    .text               c_w.l(setvbuf.o)
    0x08000ec2   0x08000ec2   0x00000002   PAD
    0x08000ec4   0x08000ec4   0x000000f0   Code   RO         1322    .text               c_w.l(fopen.o)
    0x08000fb4   0x08000fb4   0x0000004c   Code   RO         1324    .text               c_w.l(fclose.o)
    0x08001000   0x08001000   0x00000012   Code   RO         1330    .text               c_w.l(exit.o)
    0x08001012   0x08001012   0x0000000e   Code   RO         1336    .text               c_w.l(defsig_rtred_outer.o)
    0x08001020   0x08001020   0x00000008   Code   RO         1416    .text               c_w.l(rt_heap_descriptor_intlibspace.o)
    0x08001028   0x08001028   0x00000004   Code   RO         1418    .text               c_w.l(hguard.o)
    0x0800102c   0x0800102c   0x0000008a   Code   RO         1420    .text               c_w.l(init_alloc.o)
    0x080010b6   0x080010b6   0x0000005e   Code   RO         1426    .text               c_w.l(h1_alloc.o)
    0x08001114   0x08001114   0x000000f8   Code   RO         1440    .text               c_w.l(fseek.o)
    0x0800120c   0x0800120c   0x00000108   Code   RO         1442    .text               c_w.l(stdio.o)
    0x08001314   0x08001314   0x0000000a   Code   RO         1444    .text               c_w.l(defsig_exit.o)
    0x0800131e   0x0800131e   0x00000002   PAD
    0x08001320   0x08001320   0x00000034   Code   RO         1448    .text               c_w.l(defsig_rtred_inner.o)
    0x08001354   0x08001354   0x0000000c   Code   RO         1456    .text               c_w.l(sys_exit.o)
    0x08001360   0x08001360   0x00000000   Code   RO         1467    .text               c_w.l(maybetermalloc1.o)
    0x08001360   0x08001360   0x0000000e   Code   RO         1469    .text               c_w.l(h1_init.o)
    0x0800136e   0x0800136e   0x00000034   Code   RO         1471    .text               c_w.l(h1_extend.o)
    0x080013a2   0x080013a2   0x00000042   Code   RO         1477    .text               c_w.l(ftell.o)
    0x080013e4   0x080013e4   0x00000032   Code   RO         1481    .text               c_w.l(defsig_general.o)
    0x08001416   0x08001416   0x0000000e   Code   RO         1483    .text               c_w.l(defsig_rtmem_outer.o)
    0x08001424   0x08001424   0x0000000e   Code   RO         1496    .text               c_w.l(sys_wrch.o)
    0x08001432   0x08001432   0x00000002   Code   RO         1504    .text               c_w.l(use_no_semi.o)
    0x08001434   0x08001434   0x00000000   Code   RO         1506    .text               c_w.l(indicate_semi.o)
    0x08001434   0x08001434   0x00000008   Code   RO         1510    .text               c_w.l(rt_errno_addr_intlibspace.o)
    0x0800143c   0x0800143c   0x00000050   Code   RO         1516    .text               c_w.l(defsig_rtmem_inner.o)
    0x0800148c   0x0800148c   0x00000002   Code   RO           56    .text.BusFault_Handler  stm32f4xx_it.o
    0x0800148e   0x0800148e   0x00000002   PAD
    0x08001490   0x08001490   0x00000002   Code   RO           62    .text.DebugMon_Handler  stm32f4xx_it.o
    0x08001492   0x08001492   0x00000002   PAD
    0x08001494   0x08001494   0x00000008   Code   RO           68    .text.EXTI15_10_IRQHandler  stm32f4xx_it.o
    0x0800149c   0x0800149c   0x00000028   Code   RO          522    .text.HAL_Delay     stm32f4xx_hal.o
    0x080014c4   0x080014c4   0x00000002   Code   RO          337    .text.HAL_GPIO_EXTI_Callback  stm32f4xx_hal_gpio.o
    0x080014c6   0x080014c6   0x00000002   PAD
    0x080014c8   0x080014c8   0x00000016   Code   RO          335    .text.HAL_GPIO_EXTI_IRQHandler  stm32f4xx_hal_gpio.o
    0x080014de   0x080014de   0x00000002   PAD
    0x080014e0   0x080014e0   0x000001a6   Code   RO          323    .text.HAL_GPIO_Init  stm32f4xx_hal_gpio.o
    0x08001686   0x08001686   0x00000002   PAD
    0x08001688   0x08001688   0x0000000a   Code   RO          329    .text.HAL_GPIO_WritePin  stm32f4xx_hal_gpio.o
    0x08001692   0x08001692   0x00000002   PAD
    0x08001694   0x08001694   0x0000000c   Code   RO          514    .text.HAL_GetTick   stm32f4xx_hal.o
    0x080016a0   0x080016a0   0x0000001a   Code   RO          512    .text.HAL_IncTick   stm32f4xx_hal.o
    0x080016ba   0x080016ba   0x00000002   PAD
    0x080016bc   0x080016bc   0x00000036   Code   RO          502    .text.HAL_Init      stm32f4xx_hal.o
    0x080016f2   0x080016f2   0x00000002   PAD
    0x080016f4   0x080016f4   0x00000048   Code   RO          504    .text.HAL_InitTick  stm32f4xx_hal.o
    0x0800173c   0x0800173c   0x0000003c   Code   RO           77    .text.HAL_MspInit   stm32f4xx_hal_msp.o
    0x08001778   0x08001778   0x00000026   Code   RO          460    .text.HAL_NVIC_EnableIRQ  stm32f4xx_hal_cortex.o
    0x0800179e   0x0800179e   0x00000002   PAD
    0x080017a0   0x080017a0   0x00000056   Code   RO          458    .text.HAL_NVIC_SetPriority  stm32f4xx_hal_cortex.o
    0x080017f6   0x080017f6   0x00000002   PAD
    0x080017f8   0x080017f8   0x00000020   Code   RO          456    .text.HAL_NVIC_SetPriorityGrouping  stm32f4xx_hal_cortex.o
    0x08001818   0x08001818   0x00000160   Code   RO          217    .text.HAL_RCC_ClockConfig  stm32f4xx_hal_rcc.o
    0x08001978   0x08001978   0x00000026   Code   RO          229    .text.HAL_RCC_GetPCLK1Freq  stm32f4xx_hal_rcc.o
    0x0800199e   0x0800199e   0x00000002   PAD
    0x080019a0   0x080019a0   0x00000026   Code   RO          231    .text.HAL_RCC_GetPCLK2Freq  stm32f4xx_hal_rcc.o
    0x080019c6   0x080019c6   0x00000002   PAD
    0x080019c8   0x080019c8   0x0000006c   Code   RO          219    .text.HAL_RCC_GetSysClockFreq  stm32f4xx_hal_rcc.o
    0x08001a34   0x08001a34   0x00000374   Code   RO          215    .text.HAL_RCC_OscConfig  stm32f4xx_hal_rcc.o
    0x08001da8   0x08001da8   0x000000b4   Code   RO           99    .text.HAL_SPI_Init  stm32f4xx_hal_spi.o
    0x08001e5c   0x08001e5c   0x000000a4   Code   RO           79    .text.HAL_SPI_MspInit  stm32f4xx_hal_msp.o
    0x08001f00   0x08001f00   0x000001f2   Code   RO          109    .text.HAL_SPI_Receive  stm32f4xx_hal_spi.o
    0x080020f2   0x080020f2   0x00000002   PAD
    0x080020f4   0x080020f4   0x00000252   Code   RO          107    .text.HAL_SPI_Transmit  stm32f4xx_hal_spi.o
    0x08002346   0x08002346   0x00000002   PAD
    0x08002348   0x08002348   0x00000318   Code   RO          111    .text.HAL_SPI_TransmitReceive  stm32f4xx_hal_spi.o
    0x08002660   0x08002660   0x0000002c   Code   RO          468    .text.HAL_SYSTICK_Config  stm32f4xx_hal_cortex.o
    0x0800268c   0x0800268c   0x000000b6   Code   RO          887    .text.HAL_TIMEx_MasterConfigSynchronization  stm32f4xx_hal_tim_ex.o
    0x08002742   0x08002742   0x00000002   PAD
    0x08002744   0x08002744   0x0000005a   Code   RO          592    .text.HAL_TIM_Base_Init  stm32f4xx_hal_tim.o
    0x0800279e   0x0800279e   0x00000002   PAD
    0x080027a0   0x080027a0   0x00000066   Code   RO           83    .text.HAL_TIM_Base_MspInit  stm32f4xx_hal_msp.o
    0x08002806   0x08002806   0x00000002   PAD
    0x08002808   0x08002808   0x0000019c   Code   RO          772    .text.HAL_TIM_ConfigClockSource  stm32f4xx_hal_tim.o
    0x080029a4   0x080029a4   0x000001c2   Code   RO          742    .text.HAL_TIM_IC_ConfigChannel  stm32f4xx_hal_tim.o
    0x08002b66   0x08002b66   0x00000002   PAD
    0x08002b68   0x08002b68   0x0000005a   Code   RO          666    .text.HAL_TIM_IC_Init  stm32f4xx_hal_tim.o
    0x08002bc2   0x08002bc2   0x00000002   PAD
    0x08002bc4   0x08002bc4   0x00000002   Code   RO          668    .text.HAL_TIM_IC_MspInit  stm32f4xx_hal_tim.o
    0x08002bc6   0x08002bc6   0x00000002   PAD
    0x08002bc8   0x08002bc8   0x0000005e   Code   RO          911    .text.HAL_UART_Init  stm32f4xx_hal_uart.o
    0x08002c26   0x08002c26   0x00000002   PAD
    0x08002c28   0x08002c28   0x0000006a   Code   RO           87    .text.HAL_UART_MspInit  stm32f4xx_hal_msp.o
    0x08002c92   0x08002c92   0x00000002   PAD
    0x08002c94   0x08002c94   0x00000286   Code   RO          927    .text.HAL_UART_Transmit  stm32f4xx_hal_uart.o
    0x08002f1a   0x08002f1a   0x00000002   PAD
    0x08002f1c   0x08002f1c   0x00000002   Code   RO           52    .text.HardFault_Handler  stm32f4xx_it.o
    0x08002f1e   0x08002f1e   0x00000002   PAD
    0x08002f20   0x08002f20   0x00000002   Code   RO           54    .text.MemManage_Handler  stm32f4xx_it.o
    0x08002f22   0x08002f22   0x00000002   PAD
    0x08002f24   0x08002f24   0x00000002   Code   RO           50    .text.NMI_Handler   stm32f4xx_it.o
    0x08002f26   0x08002f26   0x00000002   PAD
    0x08002f28   0x08002f28   0x00000002   Code   RO           64    .text.PendSV_Handler  stm32f4xx_it.o
    0x08002f2a   0x08002f2a   0x00000002   PAD
    0x08002f2c   0x08002f2c   0x000000e4   Code   RO          203    .text.SPI_WaitFlagStateUntilTimeout  stm32f4xx_hal_spi.o
    0x08003010   0x08003010   0x00000002   Code   RO           60    .text.SVC_Handler   stm32f4xx_it.o
    0x08003012   0x08003012   0x00000002   PAD
    0x08003014   0x08003014   0x00000004   Code   RO           66    .text.SysTick_Handler  stm32f4xx_it.o
    0x08003018   0x08003018   0x00000012   Code   RO         1031    .text.SystemInit    system_stm32f4xx.o
    0x0800302a   0x0800302a   0x00000002   PAD
    0x0800302c   0x0800302c   0x0000013c   Code   RO          596    .text.TIM_Base_SetConfig  stm32f4xx_hal_tim.o
    0x08003168   0x08003168   0x000000ee   Code   RO          915    .text.UART_SetConfig  stm32f4xx_hal_uart.o
    0x08003256   0x08003256   0x00000002   PAD
    0x08003258   0x08003258   0x00000002   Code   RO           58    .text.UsageFault_Handler  stm32f4xx_it.o
    0x0800325a   0x0800325a   0x00000002   PAD
    0x0800325c   0x0800325c   0x00000014   Code   RO         1052    .text._sys_close    retarget_io.o
    0x08003270   0x08003270   0x00000004   Code   RO         1062    .text._sys_flen     retarget_io.o
    0x08003274   0x08003274   0x00000010   Code   RO         1058    .text._sys_istty    retarget_io.o
    0x08003284   0x08003284   0x00000062   Code   RO         1050    .text._sys_open     retarget_io.o
    0x080032e6   0x080032e6   0x00000002   PAD
    0x080032e8   0x080032e8   0x00000006   Code   RO         1060    .text._sys_seek     retarget_io.o
    0x080032ee   0x080032ee   0x00000002   PAD
    0x080032f0   0x080032f0   0x0000038a   Code   RO         1054    .text._sys_write    retarget_io.o
    0x0800367a   0x0800367a   0x00000006   PAD
    0x08003680   0x08003680   0x000008ec   Code   RO           19    .text.cal_tof       main.o
    0x08003f6c   0x08003f6c   0x00000022   Code   RO           31    .text.fputc         main.o
    0x08003f8e   0x08003f8e   0x00000002   PAD
    0x08003f90   0x08003f90   0x000003f0   Code   RO           11    .text.main          main.o
    0x08004380   0x08004380   0x00000128   Code   RO           25    .text.pulse_gen     main.o
    0x080044a8   0x080044a8   0x00000098   Code   RO           29    .text.tdc_trigger_common  main.o
    0x08004540   0x08004540   0x0000003e   Code   RO         1213    CL$$btod_d2e        c_w.l(btod.o)
    0x0800457e   0x0800457e   0x00000046   Code   RO         1215    CL$$btod_d2e_denorm_low  c_w.l(btod.o)
    0x080045c4   0x080045c4   0x00000060   Code   RO         1214    CL$$btod_d2e_norm_op1  c_w.l(btod.o)
    0x08004624   0x08004624   0x00000338   Code   RO         1223    CL$$btod_div_common  c_w.l(btod.o)
    0x0800495c   0x0800495c   0x000000dc   Code   RO         1220    CL$$btod_e2e        c_w.l(btod.o)
    0x08004a38   0x08004a38   0x0000002a   Code   RO         1217    CL$$btod_ediv       c_w.l(btod.o)
    0x08004a62   0x08004a62   0x0000002a   Code   RO         1216    CL$$btod_emul       c_w.l(btod.o)
    0x08004a8c   0x08004a8c   0x00000244   Code   RO         1222    CL$$btod_mult_common  c_w.l(btod.o)
    0x08004cd0   0x08004cd0   0x00000030   Code   RO         1250    i.__ARM_fpclassify  m_wm.l(fpclassify.o)
    0x08004d00   0x08004d00   0x0000002c   Code   RO         1246    locale$$code        c_w.l(lc_numeric_c.o)
    0x08004d2c   0x08004d2c   0x00000150   Code   RO         1137    x$fpl$dadd          fz_wm.l(daddsub_clz.o)
    0x08004e7c   0x08004e7c   0x000002b4   Code   RO         1144    x$fpl$ddiv          fz_wm.l(ddiv.o)
    0x08005130   0x08005130   0x0000002e   Code   RO         1148    x$fpl$dflt          fz_wm.l(dflt_clz.o)
    0x0800515e   0x0800515e   0x00000002   PAD
    0x08005160   0x08005160   0x00000154   Code   RO         1153    x$fpl$dmul          fz_wm.l(dmul.o)
    0x080052b4   0x080052b4   0x0000009c   Code   RO         1177    x$fpl$dnaninf       fz_wm.l(dnaninf.o)
    0x08005350   0x08005350   0x0000000c   Code   RO         1179    x$fpl$dretinf       fz_wm.l(dretinf.o)
    0x0800535c   0x0800535c   0x000001dc   Code   RO         1139    x$fpl$dsub          fz_wm.l(daddsub_clz.o)
    0x08005538   0x08005538   0x0000001a   Code   RO         1454    x$fpl$fpinit        fz_wm.l(fpinit.o)
    0x08005552   0x08005552   0x00000004   Code   RO         1155    x$fpl$printf1       fz_wm.l(printf1.o)
    0x08005556   0x08005556   0x00000000   Code   RO         1181    x$fpl$usenofp       fz_wm.l(usenofp.o)
    0x08005556   0x08005556   0x00000028   Data   RO         1089    .constdata          c_w.l(_printf_hex_int.o)
    0x0800557e   0x0800557e   0x00000002   PAD
    0x08005580   0x08005580   0x00000094   Data   RO         1211    .constdata          c_w.l(bigflt0.o)
    0x08005614   0x08005614   0x00000010   Data   RO         1036    .rodata.AHBPrescTable  system_stm32f4xx.o
    0x08005624   0x08005624   0x00000008   Data   RO         1037    .rodata.APBPrescTable  system_stm32f4xx.o
    0x0800562c   0x0800562c   0x00000008   Data   RO         1067    .rodata.__stderr_name  retarget_io.o
    0x08005634   0x08005634   0x00000007   Data   RO         1065    .rodata.__stdin_name  retarget_io.o
    0x0800563b   0x0800563b   0x00000008   Data   RO         1066    .rodata.__stdout_name  retarget_io.o
    0x08005643   0x08005643   0x00000001   PAD
    0x08005644   0x08005644   0x00000020   Data   RO         1540    Region$$Table       anon$$obj.o
    0x08005664   0x08005664   0x0000001c   Data   RO         1245    locale$$data        c_w.l(lc_numeric_c.o)


    Execution Region RW_IRAM1 (Exec base: 0x20000000, Load base: 0x08005680, Size: 0x00000988, Max: 0x0001c000, ABSOLUTE)

    Exec Addr    Load Addr    Size         Type   Attr      Idx    E Section Name        Object

    0x20000000   0x08005680   0x00000004   Data   RW         1174    .data               c_w.l(stdio_streams.o)
    0x20000004   0x08005684   0x00000004   Data   RW         1175    .data               c_w.l(stdio_streams.o)
    0x20000008   0x08005688   0x00000004   Data   RW         1176    .data               c_w.l(stdio_streams.o)
    0x2000000c   0x0800568c   0x00000008   Data   RW          557    .data..L_MergedGlobals  stm32f4xx_hal.o
    0x20000014   0x08005694   0x00000004   Data   RW         1035    .data.SystemCoreClock  system_stm32f4xx.o
    0x20000018   0x08005698   0x0000000a   Data   RW           33    .data.TDC7200_reg_local_copy  main.o
    0x20000022   0x080056a2   0x00000006   PAD
    0x20000028        -       0x00000054   Zero   RW         1171    .bss                c_w.l(stdio_streams.o)
    0x2000007c        -       0x00000054   Zero   RW         1172    .bss                c_w.l(stdio_streams.o)
    0x200000d0        -       0x00000054   Zero   RW         1173    .bss                c_w.l(stdio_streams.o)
    0x20000124        -       0x00000060   Zero   RW         1253    .bss                c_w.l(libspace.o)
    0x20000184   0x080056a2   0x00000004   PAD
    0x20000188        -       0x00000068   Zero   RW           39    .bss..L_MergedGlobals  main.o
    0x200001f0        -       0x0000007e   Zero   RW           40    .bss..L_MergedGlobals.19  main.o
    0x2000026e   0x080056a2   0x00000002   PAD
    0x20000270        -       0x00000074   Zero   RW           41    .bss..L_MergedGlobals.20  main.o
    0x200002e4        -       0x00000058   Zero   RW           34    .bss.hspi2          main.o
    0x2000033c        -       0x00000048   Zero   RW           36    .bss.htim4          main.o
    0x20000384        -       0x00000004   Zero   RW          556    .bss.uwTick         stm32f4xx_hal.o
    0x20000388        -       0x00000200   Zero   RW            2    HEAP                startup_stm32f407xx.o
    0x20000588        -       0x00000400   Zero   RW            1    STACK               startup_stm32f407xx.o


    Execution Region RW_IRAM2 (Exec base: 0x2001c000, Load base: 0x080056a8, Size: 0x00000000, Max: 0x00004000, ABSOLUTE)

    **** No section assigned to this execution region ****


==============================================================================

Image component sizes


      Code (inc. data)   RO Data    RW Data    ZI Data      Debug   Object Name

      3774        288          0         10        506      16240   main.o
      1050          0         23          0          0       5918   retarget_io.o
        64         26        392          0       1536        852   startup_stm32f407xx.o
       204          0          0          8          4       7300   stm32f4xx_hal.o
       200          0          0          0          0      10530   stm32f4xx_hal_cortex.o
       456          0          0          0          0       5263   stm32f4xx_hal_gpio.o
       432          0          0          0          0       8564   stm32f4xx_hal_msp.o
      1420          0          0          0          0       7428   stm32f4xx_hal_rcc.o
      2292          0          0          0          0      26054   stm32f4xx_hal_spi.o
      1360          6          0          0          0      55041   stm32f4xx_hal_tim.o
       182          0          0          0          0      21246   stm32f4xx_hal_tim_ex.o
       978          0          0          0          0      31723   stm32f4xx_hal_uart.o
        28          0          0          0          0       1473   stm32f4xx_it.o
        18          0         24          4          0       2653   system_stm32f4xx.o

    ----------------------------------------------------------------------
     12532        320        472         24       2052     200285   Object Totals
         0          0         32          0          0          0   (incl. Generated)
        74          0          1          2          6          0   (incl. Padding)

    ----------------------------------------------------------------------

      Code (inc. data)   RO Data    RW Data    ZI Data      Debug   Library Member Name

         8          0          0          0          0         68   __main.o
       184          0          0          0          0         84   __printf_ss.o
         0          0          0          0          0          0   __rtentry.o
        12          0          0          0          0          0   __rtentry2.o
         6          0          0          0          0          0   __rtentry4.o
        52          8          0          0          0          0   __scatter.o
        26          0          0          0          0          0   __scatter_copy.o
        28          0          0          0          0          0   __scatter_zi.o
        48          6          0          0          0         96   _printf_char_common.o
        36          4          0          0          0         80   _printf_char_file.o
         6          0          0          0          0          0   _printf_f.o
      1052          0          0          0          0        148   _printf_fp_dec.o
       128         16          0          0          0         84   _printf_fp_infnan.o
        88          4         40          0          0         88   _printf_hex_int.o
       178          0          0          0          0         88   _printf_intcommon.o
         0          0          0          0          0          0   _printf_percent.o
         4          0          0          0          0          0   _printf_percent_end.o
         6          0          0          0          0          0   _printf_x.o
       228          4        148          0          0         96   bigflt0.o
      1936        128          0          0          0        668   btod.o
        10          0          0          0          0         68   defsig_exit.o
        50          0          0          0          0         88   defsig_general.o
        80         58          0          0          0         76   defsig_rtmem_inner.o
        14          0          0          0          0         80   defsig_rtmem_outer.o
        52         38          0          0          0         76   defsig_rtred_inner.o
        14          0          0          0          0         80   defsig_rtred_outer.o
        18          0          0          0          0         80   exit.o
        76          0          0          0          0         88   fclose.o
         8          0          0          0          0         68   ferror.o
       240          6          0          0          0        128   fopen.o
       248          6          0          0          0         84   fseek.o
        66          0          0          0          0         76   ftell.o
        94          0          0          0          0         80   h1_alloc.o
        52          0          0          0          0         68   h1_extend.o
        78          0          0          0          0         80   h1_free.o
        14          0          0          0          0         84   h1_init.o
         6          0          0          0          0        152   heapauxi.o
         4          0          0          0          0        136   hguard.o
         0          0          0          0          0          0   indicate_semi.o
       138          0          0          0          0        168   init_alloc.o
       312         46          0          0          0        112   initio.o
        44         10         28          0          0         76   lc_numeric_c.o
         2          0          0          0          0          0   libinit.o
        34          0          0          0          0          0   libinit2.o
         2          0          0          0          0          0   libshutdown.o
         6          0          0          0          0          0   libshutdown2.o
         8          4          0          0         96         68   libspace.o
       138          0          0          0          0         80   lludiv10.o
       240          0          0          0          0        100   lludivv7m.o
         0          0          0          0          0          0   maybetermalloc1.o
        24          4          0          0          0         84   noretval__2printf.o
         8          4          0          0          0         68   rt_errno_addr_intlibspace.o
         8          4          0          0          0         68   rt_heap_descriptor_intlibspace.o
         8          4          0          0          0         68   rt_locale_intlibspace.o
        78          0          0          0          0         80   rt_memclr_w.o
         2          0          0          0          0          0   rtexit.o
        10          0          0          0          0          0   rtexit2.o
        70          0          0          0          0         80   setvbuf.o
       264          6          0          0          0        160   stdio.o
         0          0          0         12        252          0   stdio_streams.o
       124          0          0          0          0         88   strcmpv7em.o
        12          4          0          0          0         68   sys_exit.o
        74          0          0          0          0         80   sys_stackheap_outer.o
        14          0          0          0          0         76   sys_wrch.o
         2          0          0          0          0         68   use_no_semi.o
       812         16          0          0          0        392   daddsub_clz.o
       692        140          0          0          0        264   ddiv.o
        46          0          0          0          0        116   dflt_clz.o
       340         12          0          0          0        152   dmul.o
       156          4          0          0          0        140   dnaninf.o
        12          0          0          0          0        116   dretinf.o
        26          0          0          0          0        116   fpinit.o
         4          0          0          0          0        116   printf1.o
         0          0          0          0          0          0   usenofp.o
        48          0          0          0          0        124   fpclassify.o

    ----------------------------------------------------------------------
      8922        536        218         12        352       6220   Library Totals
        14          0          2          0          4          0   (incl. Padding)

    ----------------------------------------------------------------------

      Code (inc. data)   RO Data    RW Data    ZI Data      Debug   Library Name

      6772        364        216         12        348       4684   c_w.l
      2088        172          0          0          0       1412   fz_wm.l
        48          0          0          0          0        124   m_wm.l

    ----------------------------------------------------------------------
      8922        536        218         12        352       6220   Library Totals

    ----------------------------------------------------------------------

==============================================================================


      Code (inc. data)   RO Data    RW Data    ZI Data      Debug   

     21454        856        690         36       2404     202865   Grand Totals
     21454        856        690         36       2404     202865   ELF Image Totals
     21454        856        690         36          0          0   ROM Totals

==============================================================================

    Total RO  Size (Code + RO Data)                22144 (  21.62kB)
    Total RW  Size (RW Data + ZI Data)              2440 (   2.38kB)
    Total ROM Size (Code + RO Data + RW Data)      22180 (  21.66kB)

==============================================================================

