Component: ARM Compiler 5.06 update 7 (build 960) Tool: armlink [4d3601]

==============================================================================

Section Cross References

    startup_stm32f407xx.o(STACK) refers (Special) to heapauxi.o(.text) for __use_two_region_memory
    startup_stm32f407xx.o(HEAP) refers (Special) to heapauxi.o(.text) for __use_two_region_memory
    startup_stm32f407xx.o(RESET) refers (Special) to heapauxi.o(.text) for __use_two_region_memory
    startup_stm32f407xx.o(RESET) refers to startup_stm32f407xx.o(STACK) for __initial_sp
    startup_stm32f407xx.o(RESET) refers to startup_stm32f407xx.o(.text) for Reset_Handler
    startup_stm32f407xx.o(RESET) refers to stm32f4xx_it.o(i.NMI_Handler) for NMI_Handler
    startup_stm32f407xx.o(RESET) refers to stm32f4xx_it.o(i.HardFault_Handler) for HardFault_Handler
    startup_stm32f407xx.o(RESET) refers to stm32f4xx_it.o(i.MemManage_Handler) for MemManage_Handler
    startup_stm32f407xx.o(RESET) refers to stm32f4xx_it.o(i.BusFault_Handler) for BusFault_Handler
    startup_stm32f407xx.o(RESET) refers to stm32f4xx_it.o(i.UsageFault_Handler) for UsageFault_Handler
    startup_stm32f407xx.o(RESET) refers to stm32f4xx_it.o(i.SVC_Handler) for SVC_Handler
    startup_stm32f407xx.o(RESET) refers to stm32f4xx_it.o(i.DebugMon_Handler) for DebugMon_Handler
    startup_stm32f407xx.o(RESET) refers to stm32f4xx_it.o(i.PendSV_Handler) for PendSV_Handler
    startup_stm32f407xx.o(RESET) refers to stm32f4xx_it.o(i.SysTick_Handler) for SysTick_Handler
    startup_stm32f407xx.o(RESET) refers to stm32f4xx_it.o(i.EXTI15_10_IRQHandler) for EXTI15_10_IRQHandler
    startup_stm32f407xx.o(.text) refers (Special) to heapauxi.o(.text) for __use_two_region_memory
    startup_stm32f407xx.o(.text) refers to system_stm32f4xx.o(i.SystemInit) for SystemInit
    startup_stm32f407xx.o(.text) refers to __main.o(!!!main) for __main
    startup_stm32f407xx.o(.text) refers to startup_stm32f407xx.o(HEAP) for Heap_Mem
    startup_stm32f407xx.o(.text) refers to startup_stm32f407xx.o(STACK) for Stack_Mem
    main.o(i.HAL_GPIO_EXTI_Callback) refers to main.o(.data) for .data
    main.o(i.MX_GPIO_Init) refers to rt_memclr_w.o(.text) for __aeabi_memclr4
    main.o(i.MX_GPIO_Init) refers to stm32f4xx_hal_gpio.o(i.HAL_GPIO_WritePin) for HAL_GPIO_WritePin
    main.o(i.MX_GPIO_Init) refers to stm32f4xx_hal_gpio.o(i.HAL_GPIO_Init) for HAL_GPIO_Init
    main.o(i.MX_GPIO_Init) refers to stm32f4xx_hal_cortex.o(i.HAL_NVIC_SetPriority) for HAL_NVIC_SetPriority
    main.o(i.MX_GPIO_Init) refers to stm32f4xx_hal_cortex.o(i.HAL_NVIC_EnableIRQ) for HAL_NVIC_EnableIRQ
    main.o(i.MX_SPI2_Init) refers to stm32f4xx_hal_spi.o(i.HAL_SPI_Init) for HAL_SPI_Init
    main.o(i.MX_SPI2_Init) refers to main.o(.bss) for .bss
    main.o(i.SystemClock_Config) refers to rt_memclr_w.o(.text) for __aeabi_memclr4
    main.o(i.SystemClock_Config) refers to stm32f4xx_hal_rcc.o(i.HAL_RCC_OscConfig) for HAL_RCC_OscConfig
    main.o(i.SystemClock_Config) refers to stm32f4xx_hal_rcc.o(i.HAL_RCC_ClockConfig) for HAL_RCC_ClockConfig
    main.o(i.TDC7200_reg_init) refers to _printf_percent.o(.ARM.Collect$$_printf_percent$$00000000) for _printf_percent
    main.o(i.TDC7200_reg_init) refers to _printf_x.o(.ARM.Collect$$_printf_percent$$0000000C) for _printf_x
    main.o(i.TDC7200_reg_init) refers to _printf_hex_int.o(.text) for _printf_longlong_hex
    main.o(i.TDC7200_reg_init) refers to stm32f4xx_hal_gpio.o(i.HAL_GPIO_WritePin) for HAL_GPIO_WritePin
    main.o(i.TDC7200_reg_init) refers to stm32f4xx_hal_spi.o(i.HAL_SPI_Transmit) for HAL_SPI_Transmit
    main.o(i.TDC7200_reg_init) refers to stm32f4xx_hal.o(i.HAL_Delay) for HAL_Delay
    main.o(i.TDC7200_reg_init) refers to noretval__2printf.o(.text) for __2printf
    main.o(i.TDC7200_reg_init) refers to stm32f4xx_hal_spi.o(i.HAL_SPI_Receive) for HAL_SPI_Receive
    main.o(i.TDC7200_reg_init) refers to main.o(.data) for .data
    main.o(i.TDC7200_reg_init) refers to main.o(.bss) for .bss
    main.o(i.fputc) refers to stm32f4xx_hal_uart.o(i.HAL_UART_Transmit) for HAL_UART_Transmit
    main.o(i.fputc) refers to main.o(.bss) for .bss
    main.o(i.main) refers to _printf_percent.o(.ARM.Collect$$_printf_percent$$00000000) for _printf_percent
    main.o(i.main) refers to _printf_f.o(.ARM.Collect$$_printf_percent$$00000003) for _printf_f
    main.o(i.main) refers to printf1.o(x$fpl$printf1) for _printf_fp_dec
    main.o(i.main) refers to stm32f4xx_hal.o(i.HAL_Init) for HAL_Init
    main.o(i.main) refers to main.o(i.SystemClock_Config) for SystemClock_Config
    main.o(i.main) refers to main.o(i.MX_GPIO_Init) for MX_GPIO_Init
    main.o(i.main) refers to main.o(i.MX_SPI2_Init) for MX_SPI2_Init
    main.o(i.main) refers to stm32f4xx_hal_uart.o(i.HAL_UART_Init) for HAL_UART_Init
    main.o(i.main) refers to noretval__2printf.o(.text) for __2printf
[...]
    .ARM.Collect$$libinit$$0000002E          0x0800022e   Section        0  libinit2.o(.ARM.Collect$$libinit$$0000002E)
    .ARM.Collect$$libinit$$00000030          0x0800022e   Section        0  libinit2.o(.ARM.Collect$$libinit$$00000030)
    .ARM.Collect$$libinit$$00000032          0x0800022e   Section        0  libinit2.o(.ARM.Collect$$libinit$$00000032)
    .ARM.Collect$$libinit$$00000033          0x0800022e   Section        2  libinit2.o(.ARM.Collect$$libinit$$00000033)
    .ARM.Collect$$libshutdown$$00000000      0x08000230   Section        2  libshutdown.o(.ARM.Collect$$libshutdown$$00000000)
    .ARM.Collect$$libshutdown$$00000002      0x08000232   Section        0  libshutdown2.o(.ARM.Collect$$libshutdown$$00000002)
    .ARM.Collect$$libshutdown$$00000004      0x08000232   Section        0  libshutdown2.o(.ARM.Collect$$libshutdown$$00000004)
    .ARM.Collect$$libshutdown$$00000005      0x08000232   Section        4  libshutdown2.o(.ARM.Collect$$libshutdown$$00000005)
    .ARM.Collect$$libshutdown$$00000006      0x08000236   Section        0  libshutdown2.o(.ARM.Collect$$libshutdown$$00000006)
    .ARM.Collect$$libshutdown$$00000009      0x08000236   Section        0  libshutdown2.o(.ARM.Collect$$libshutdown$$00000009)
    .ARM.Collect$$libshutdown$$0000000C      0x08000236   Section        0  libshutdown2.o(.ARM.Collect$$libshutdown$$0000000C)
    .ARM.Collect$$libshutdown$$0000000E      0x08000236   Section        0  libshutdown2.o(.ARM.Collect$$libshutdown$$0000000E)
    .ARM.Collect$$libshutdown$$00000011      0x08000236   Section        0  libshutdown2.o(.ARM.Collect$$libshutdown$$00000011)
    .ARM.Collect$$libshutdown$$00000012      0x08000236   Section        2  libshutdown2.o(.ARM.Collect$$libshutdown$$00000012)
    .ARM.Collect$$rtentry$$00000000          0x08000238   Section        0  __rtentry.o(.ARM.Collect$$rtentry$$00000000)
    .ARM.Collect$$rtentry$$00000002          0x08000238   Section        0  __rtentry2.o(.ARM.Collect$$rtentry$$00000002)
    .ARM.Collect$$rtentry$$00000004          0x08000238   Section        6  __rtentry4.o(.ARM.Collect$$rtentry$$00000004)
    .ARM.Collect$$rtentry$$00000009          0x0800023e   Section        0  __rtentry2.o(.ARM.Collect$$rtentry$$00000009)
    .ARM.Collect$$rtentry$$0000000A          0x0800023e   Section        4  __rtentry2.o(.ARM.Collect$$rtentry$$0000000A)
    .ARM.Collect$$rtentry$$0000000C          0x08000242   Section        0  __rtentry2.o(.ARM.Collect$$rtentry$$0000000C)
    .ARM.Collect$$rtentry$$0000000D          0x08000242   Section        8  __rtentry2.o(.ARM.Collect$$rtentry$$0000000D)
    .ARM.Collect$$rtexit$$00000000           0x0800024a   Section        2  rtexit.o(.ARM.Collect$$rtexit$$00000000)
    .ARM.Collect$$rtexit$$00000002           0x0800024c   Section        0  rtexit2.o(.ARM.Collect$$rtexit$$00000002)
    .ARM.Collect$$rtexit$$00000003           0x0800024c   Section        4  rtexit2.o(.ARM.Collect$$rtexit$$00000003)
    .ARM.Collect$$rtexit$$00000004           0x08000250   Section        6  rtexit2.o(.ARM.Collect$$rtexit$$00000004)
    .emb_text                                0x08000258   Section        0  maybetermalloc1.o(.emb_text)
    .text                                    0x08000258   Section       64  startup_stm32f407xx.o(.text)
    $v0                                      0x08000258   Number         0  startup_stm32f407xx.o(.text)
    .text                                    0x08000298   Section      238  lludivv7m.o(.text)
    .text                                    0x08000388   Section        0  noretval__2printf.o(.text)
    .text                                    0x080003a0   Section        0  __printf.o(.text)
    .text                                    0x08000408   Section        0  _printf_hex_int.o(.text)
    .text                                    0x08000460   Section       78  rt_memclr_w.o(.text)
    .text                                    0x080004b0   Section      128  strcmpv7m.o(.text)
    .text                                    0x08000530   Section        0  heapauxi.o(.text)
    .text                                    0x08000536   Section        0  _printf_intcommon.o(.text)
    .text                                    0x080005e8   Section        0  _printf_fp_dec.o(.text)
    _fp_digits                               0x080005eb   Thumb Code   432  _printf_fp_dec.o(.text)
    .text                                    0x08000a08   Section        0  _printf_char_file.o(.text)
    .text                                    0x08000a2c   Section        8  rt_locale_intlibspace.o(.text)
    .text                                    0x08000a34   Section      138  lludiv10.o(.text)
    .text                                    0x08000ac0   Section        0  _printf_char_common.o(.text)
    _printf_input_char                       0x08000ac1   Thumb Code    10  _printf_char_common.o(.text)
    .text                                    0x08000af0   Section        0  _printf_fp_infnan.o(.text)
    .text                                    0x08000b70   Section        0  bigflt0.o(.text)
    .text                                    0x08000c54   Section        0  ferror.o(.text)
    .text                                    0x08000c5c   Section        0  initio.o(.text)
    .text                                    0x08000d94   Section        8  libspace.o(.text)
    .text                                    0x08000d9c   Section       74  sys_stackheap_outer.o(.text)
    .text                                    0x08000de6   Section        0  h1_free.o(.text)
    .text                                    0x08000e34   Section        0  setvbuf.o(.text)
    .text                                    0x08000e7c   Section        0  fopen.o(.text)
    _freopen_locked                          0x08000e7d   Thumb Code     0  fopen.o(.text)
    .text                                    0x08000f68   Section        0  fclose.o(.text)
    .text                                    0x08000fb4   Section        0  exit.o(.text)
    .text                                    0x08000fc6   Section        0  defsig_rtred_outer.o(.text)
    .text                                    0x08000fd4   Section        8  rt_heap_descriptor_intlibspace.o(.text)
    .text                                    0x08000fdc   Section        0  hguard.o(.text)
    .text                                    0x08000fe0   Section        0  init_alloc.o(.text)
    .text                                    0x0800106a   Section        0  h1_alloc.o(.text)
    .text                                    0x080010c8   Section        0  fseek.o(.text)
    .text                                    0x080011c0   Section        0  stdio.o(.text)
    .text                                    0x080012b0   Section        0  defsig_exit.o(.text)
    .text                                    0x080012bc   Section        0  defsig_rtred_inner.o(.text)
    .text                                    0x080012f0   Section        0  sys_exit.o(.text)
    .text                                    0x080012fc   Section        0  h1_init.o(.text)
    .text                                    0x0800130a   Section        0  h1_extend.o(.text)
    .text                                    0x0800133e   Section        0  ftell.o(.text)
    .text                                    0x08001380   Section        0  defsig_general.o(.text)
    .text                                    0x080013b2   Section        0  defsig_rtmem_outer.o(.text)
    .text                                    0x080013c0   Section        0  sys_wrch.o(.text)
    .text                                    0x080013ce   Section        2  use_no_semi.o(.text)
    .text                                    0x080013d0   Section        0  indicate_semi.o(.text)
    .text                                    0x080013d0   Section        8  rt_errno_addr_intlibspace.o(.text)
    .text                                    0x080013d8   Section        0  defsig_rtmem_inner.o(.text)
    CL$$btod_d2e                             0x08001428   Section       62  btod.o(CL$$btod_d2e)
    CL$$btod_d2e_denorm_low                  0x08001466   Section       70  btod.o(CL$$btod_d2e_denorm_low)
    CL$$btod_d2e_norm_op1                    0x080014ac   Section       96  btod.o(CL$$btod_d2e_norm_op1)
    CL$$btod_div_common                      0x0800150c   Section      824  btod.o(CL$$btod_div_common)
    CL$$btod_e2e                             0x08001844   Section      220  btod.o(CL$$btod_e2e)
    CL$$btod_ediv                            0x08001920   Section       42  btod.o(CL$$btod_ediv)
    CL$$btod_emul                            0x0800194a   Section       42  btod.o(CL$$btod_emul)
    CL$$btod_mult_common                     0x08001974   Section      580  btod.o(CL$$btod_mult_common)
    i.BusFault_Handler                       0x08001bb8   Section        0  stm32f4xx_it.o(i.BusFault_Handler)
    i.DebugMon_Handler                       0x08001bba   Section        0  stm32f4xx_it.o(i.DebugMon_Handler)
    i.EXTI15_10_IRQHandler                   0x08001bbc   Section        0  stm32f4xx_it.o(i.EXTI15_10_IRQHandler)
    i.HAL_Delay                              0x08001bc4   Section        0  stm32f4xx_hal.o(i.HAL_Delay)
    i.HAL_GPIO_EXTI_Callback                 0x08001be8   Section        0  main.o(i.HAL_GPIO_EXTI_Callback)
    i.HAL_GPIO_EXTI_IRQHandler               0x08001bf4   Section        0  stm32f4xx_hal_gpio.o(i.HAL_GPIO_EXTI_IRQHandler)
    i.HAL_GPIO_Init                          0x08001c0c   Section        0  stm32f4xx_hal_gpio.o(i.HAL_GPIO_Init)
    i.HAL_GPIO_WritePin                      0x08001dfc   Section        0  stm32f4xx_hal_gpio.o(i.HAL_GPIO_WritePin)
    i.HAL_GetTick                            0x08001e08   Section        0  stm32f4xx_hal.o(i.HAL_GetTick)
    i.HAL_IncTick                            0x08001e14   Section        0  stm32f4xx_hal.o(i.HAL_IncTick)
    i.HAL_Init                               0x08001e24   Section        0  stm32f4xx_hal.o(i.HAL_Init)
    i.HAL_InitTick                           0x08001e58   Section        0  stm32f4xx_hal.o(i.HAL_InitTick)
    i.HAL_MspInit                            0x08001e98   Section        0  stm32f4xx_hal_msp.o(i.HAL_MspInit)
    i.HAL_NVIC_EnableIRQ                     0x08001ecc   Section        0  stm32f4xx_hal_cortex.o(i.HAL_NVIC_EnableIRQ)
    i.HAL_NVIC_SetPriority                   0x08001ee8   Section        0  stm32f4xx_hal_cortex.o(i.HAL_NVIC_SetPriority)
    i.HAL_NVIC_SetPriorityGrouping           0x08001f28   Section        0  stm32f4xx_hal_cortex.o(i.HAL_NVIC_SetPriorityGrouping)
    i.HAL_RCC_ClockConfig                    0x08001f4c   Section        0  stm32f4xx_hal_rcc.o(i.HAL_RCC_ClockConfig)
    i.HAL_RCC_GetPCLK1Freq                   0x08002080   Section        0  stm32f4xx_hal_rcc.o(i.HAL_RCC_GetPCLK1Freq)
    i.HAL_RCC_GetPCLK2Freq                   0x080020a0   Section        0  stm32f4xx_hal_rcc.o(i.HAL_RCC_GetPCLK2Freq)
    i.HAL_RCC_GetSysClockFreq                0x080020c0   Section        0  stm32f4xx_hal_rcc.o(i.HAL_RCC_GetSysClockFreq)
    i.HAL_RCC_OscConfig                      0x08002120   Section        0  stm32f4xx_hal_rcc.o(i.HAL_RCC_OscConfig)
    i.HAL_SPI_Init                           0x0800248c   Section        0  stm32f4xx_hal_spi.o(i.HAL_SPI_Init)
    i.HAL_SPI_MspInit                        0x08002548   Section        0  stm32f4xx_hal_msp.o(i.HAL_SPI_MspInit)
    i.HAL_SPI_Receive                        0x080025d8   Section        0  stm32f4xx_hal_spi.o(i.HAL_SPI_Receive)
    i.HAL_SPI_Transmit                       0x08002732   Section        0  stm32f4xx_hal_spi.o(i.HAL_SPI_Transmit)
    i.HAL_SPI_TransmitReceive                0x08002898   Section        0  stm32f4xx_hal_spi.o(i.HAL_SPI_TransmitReceive)
    i.HAL_SYSTICK_Config                     0x08002a7a   Section        0  stm32f4xx_hal_cortex.o(i.HAL_SYSTICK_Config)
    i.HAL_UART_Init                          0x08002aa2   Section        0  stm32f4xx_hal_uart.o(i.HAL_UART_Init)
    i.HAL_UART_MspInit                       0x08002b04   Section        0  stm32f4xx_hal_msp.o(i.HAL_UART_MspInit)
    i.HAL_UART_Transmit                      0x08002b6c   Section        0  stm32f4xx_hal_uart.o(i.HAL_UART_Transmit)
    i.HardFault_Handler                      0x08002c1e   Section        0  stm32f4xx_it.o(i.HardFault_Handler)
    i.ITM_SendChar                           0x08002c20   Section        0  retarget_io.o(i.ITM_SendChar)
    i.MX_GPIO_Init                           0x08002c44   Section        0  main.o(i.MX_GPIO_Init)
    MX_GPIO_Init                             0x08002c45   Thumb Code   184  main.o(i.MX_GPIO_Init)
    i.MX_SPI2_Init                           0x08002d0c   Section        0  main.o(i.MX_SPI2_Init)
    MX_SPI2_Init                             0x08002d0d   Thumb Code    58  main.o(i.MX_SPI2_Init)
    i.MemManage_Handler                      0x08002d50   Section        0  stm32f4xx_it.o(i.MemManage_Handler)
    i.NMI_Handler                            0x08002d52   Section        0  stm32f4xx_it.o(i.NMI_Handler)
    i.PendSV_Handler                         0x08002d54   Section        0  stm32f4xx_it.o(i.PendSV_Handler)
    i.SPI_EndRxTransaction                   0x08002d56   Section        0  stm32f4xx_hal_spi.o(i.SPI_EndRxTransaction)
    SPI_EndRxTransaction                     0x08002d57   Thumb Code    92  stm32f4xx_hal_spi.o(i.SPI_EndRxTransaction)
    i.SPI_EndRxTxTransaction                 0x08002db4   Section        0  stm32f4xx_hal_spi.o(i.SPI_EndRxTxTransaction)
    SPI_EndRxTxTransaction                   0x08002db5   Thumb Code    80  stm32f4xx_hal_spi.o(i.SPI_EndRxTxTransaction)
    i.SPI_WaitFlagStateUntilTimeout          0x08002e0c   Section        0  stm32f4xx_hal_spi.o(i.SPI_WaitFlagStateUntilTimeout)
    SPI_WaitFlagStateUntilTimeout            0x08002e0d   Thumb Code   180  stm32f4xx_hal_spi.o(i.SPI_WaitFlagStateUntilTimeout)
    i.SVC_Handler                            0x08002ec4   Section        0  stm32f4xx_it.o(i.SVC_Handler)
    i.SysTick_Handler                        0x08002ec6   Section        0  stm32f4xx_it.o(i.SysTick_Handler)
    i.SystemClock_Config                     0x08002ecc   Section        0  main.o(i.SystemClock_Config)
    i.SystemInit                             0x08002f4c   Section        0  system_stm32f4xx.o(i.SystemInit)
    i.TDC7200_reg_init                       0x08002f5c   Section        0  main.o(i.TDC7200_reg_init)
    i.UART_SetConfig                         0x08003418   Section        0  stm32f4xx_hal_uart.o(i.UART_SetConfig)
    UART_SetConfig                           0x08003419   Thumb Code   258  stm32f4xx_hal_uart.o(i.UART_SetConfig)
    i.UART_WaitOnFlagUntilTimeout            0x08003524   Section        0  stm32f4xx_hal_uart.o(i.UART_WaitOnFlagUntilTimeout)
    UART_WaitOnFlagUntilTimeout              0x08003525   Thumb Code   120  stm32f4xx_hal_uart.o(i.UART_WaitOnFlagUntilTimeout)
    i.UsageFault_Handler                     0x0800359c   Section        0  stm32f4xx_it.o(i.UsageFault_Handler)
    i.__ARM_fpclassify                       0x0800359e   Section        0  fpclassify.o(i.__ARM_fpclassify)
    i.__NVIC_SetPriority                     0x080035ce   Section        0  stm32f4xx_hal_cortex.o(i.__NVIC_SetPriority)
    __NVIC_SetPriority                       0x080035cf   Thumb Code    32  stm32f4xx_hal_cortex.o(i.__NVIC_SetPriority)
    i._sys_close                             0x080035ee   Section        0  retarget_io.o(i._sys_close)
    i._sys_flen                              0x08003606   Section        0  retarget_io.o(i._sys_flen)
    i._sys_istty                             0x08003612   Section        0  retarget_io.o(i._sys_istty)
    i._sys_open                              0x0800362c   Section        0  retarget_io.o(i._sys_open)
    i._sys_seek                              0x08003688   Section        0  retarget_io.o(i._sys_seek)
    i._sys_write                             0x0800368e   Section        0  retarget_io.o(i._sys_write)
    i.fputc                                  0x080036cc   Section        0  main.o(i.fputc)
    i.main                                   0x080036e4   Section        0  main.o(i.main)
    locale$$code                             0x08003c08   Section       44  lc_numeric_c.o(locale$$code)
    x$fpl$dadd                               0x08003c34   Section      336  daddsub_clz.o(x$fpl$dadd)
    $v0                                      0x08003c34   Number         0  daddsub_clz.o(x$fpl$dadd)
    _dadd1                                   0x08003c45   Thumb Code     0  daddsub_clz.o(x$fpl$dadd)
    x$fpl$ddiv                               0x08003d84   Section      688  ddiv.o(x$fpl$ddiv)
    $v0                                      0x08003d84   Number         0  ddiv.o(x$fpl$ddiv)
    ddiv_entry                               0x08003d8b   Thumb Code     0  ddiv.o(x$fpl$ddiv)
    x$fpl$dflt                               0x08004034   Section       46  dflt_clz.o(x$fpl$dflt)
    $v0                                      0x08004034   Number         0  dflt_clz.o(x$fpl$dflt)
    x$fpl$dmul                               0x08004064   Section      340  dmul.o(x$fpl$dmul)
    $v0                                      0x08004064   Number         0  dmul.o(x$fpl$dmul)
    x$fpl$dnaninf                            0x080041b8   Section      156  dnaninf.o(x$fpl$dnaninf)
    $v0                                      0x080041b8   Number         0  dnaninf.o(x$fpl$dnaninf)
    x$fpl$dretinf                            0x08004254   Section       12  dretinf.o(x$fpl$dretinf)
    $v0                                      0x08004254   Number         0  dretinf.o(x$fpl$dretinf)
    x$fpl$dsub                               0x08004260   Section      468  daddsub_clz.o(x$fpl$dsub)
    $v0                                      0x08004260   Number         0  daddsub_clz.o(x$fpl$dsub)
    _dsub1                                   0x08004271   Thumb Code     0  daddsub_clz.o(x$fpl$dsub)
    x$fpl$fpinit                             0x08004434   Section       10  fpinit.o(x$fpl$fpinit)
    $v0                                      0x08004434   Number         0  fpinit.o(x$fpl$fpinit)
    x$fpl$printf1                            0x0800443e   Section        4  printf1.o(x$fpl$printf1)
    $v0                                      0x0800443e   Number         0  printf1.o(x$fpl$printf1)
    .constdata                               0x08004442   Section       16  system_stm32f4xx.o(.constdata)
    x$fpl$usenofp                            0x08004442   Section        0  usenofp.o(x$fpl$usenofp)
    .constdata                               0x08004452   Section        8  system_stm32f4xx.o(.constdata)
    .constdata                               0x0800445a   Section        7  retarget_io.o(.constdata)
    .constdata                               0x08004461   Section        8  retarget_io.o(.constdata)
    .constdata                               0x08004469   Section        8  retarget_io.o(.constdata)
    .constdata                               0x08004471   Section       40  _printf_hex_int.o(.constdata)
    uc_hextab                                0x08004471   Data          20  _printf_hex_int.o(.constdata)
    lc_hextab                                0x08004485   Data          20  _printf_hex_int.o(.constdata)
    .constdata                               0x0800449c   Section      148  bigflt0.o(.constdata)
    tenpwrs_x                                0x0800449c   Data          60  bigflt0.o(.constdata)
    tenpwrs_i                                0x080044d8   Data          64  bigflt0.o(.constdata)
    locale$$data                             0x08004550   Section       28  lc_numeric_c.o(locale$$data)
    __lcnum_c_name                           0x08004554   Data           2  lc_numeric_c.o(locale$$data)
    __lcnum_c_start                          0x0800455c   Data           0  lc_numeric_c.o(locale$$data)
    __lcnum_c_point                          0x08004568   Data           0  lc_numeric_c.o(locale$$data)
    __lcnum_c_thousands                      0x0800456a   Data           0  lc_numeric_c.o(locale$$data)
    __lcnum_c_grouping                       0x0800456b   Data           0  lc_numeric_c.o(locale$$data)
    __lcnum_c_end                            0x0800456c   Data           0  lc_numeric_c.o(locale$$data)
    .data                                    0x20000000   Section      138  main.o(.data)
    .data                                    0x2000008c   Section       12  stm32f4xx_hal.o(.data)
    .data                                    0x20000098   Section        4  system_stm32f4xx.o(.data)
    .data                                    0x2000009c   Section        4  stdio_streams.o(.data)
    .data                                    0x200000a0   Section        4  stdio_streams.o(.data)
    .data                                    0x200000a4   Section        4  stdio_streams.o(.data)
    .bss                                     0x200000a8   Section      156  main.o(.bss)
    .bss                                     0x20000144   Section       84  stdio_streams.o(.bss)
    .bss                                     0x20000198   Section       84  stdio_streams.o(.bss)
    .bss                                     0x200001ec   Section       84  stdio_streams.o(.bss)
    .bss                                     0x20000240   Section       96  libspace.o(.bss)
    HEAP                                     0x200002a0   Section      512  startup_stm32f407xx.o(HEAP)
    Heap_Mem                                 0x200002a0   Data         512  startup_stm32f407xx.o(HEAP)
    STACK                                    0x200004a0   Section     1024  startup_stm32f407xx.o(STACK)
    Stack_Mem                                0x200004a0   Data        1024  startup_stm32f407xx.o(STACK)
    __initial_sp                             0x200008a0   Data           0  startup_stm32f407xx.o(STACK)

    Global Symbols

    Symbol Name                              Value     Ov Type        Size  Object(Section)

    BuildAttributes$$THM_ISAv4$E$P$D$K$B$S$7EM$VFPi3$EXTD16$VFPS$VFMA$PE$A:L22UL41UL21$X:L11$S22US41US21$IEEE1$IW$USESV6$~STKCKD$USESV7$~SHL$OTIME$ROPI$IEEEJ$EBA8$UX$STANDARDLIB$REQ8$PRES8$EABIv2 0x00000000   Number         0  anon$$obj.o ABSOLUTE
    __ARM_use_no_argv                        0x00000000   Number         0  main.o ABSOLUTE
    __ARM_exceptions_init                     - Undefined Weak Reference
    __alloca_initialize                       - Undefined Weak Reference
    __arm_fini_                               - Undefined Weak Reference
    __arm_preinit_                            - Undefined Weak Reference
    __cpp_initialize__aeabi_                  - Undefined Weak Reference
    __cxa_finalize                            - Undefined Weak Reference
    __sigvec_lookup                           - Undefined Weak Reference
    __user_heap_extent                        - Undefined Weak Reference
    _atexit_init                              - Undefined Weak Reference
    _call_atexit_fns                          - Undefined Weak Reference
    _clock_init                               - Undefined Weak Reference
    _fp_trap_init                             - Undefined Weak Reference
    _fp_trap_shutdown                         - Undefined Weak Reference
    _get_lc_collate                           - Undefined Weak Reference
    _get_lc_ctype                             - Undefined Weak Reference
    _get_lc_monetary                          - Undefined Weak Reference
    _get_lc_time                              - Undefined Weak Reference
    _getenv_init                              - Undefined Weak Reference
    _handle_redirection                       - Undefined Weak Reference
    _mutex_acquire                            - Undefined Weak Reference
    _mutex_free                               - Undefined Weak Reference
    _mutex_release                            - Undefined Weak Reference
    _printf_post_padding                      - Undefined Weak Reference
    _printf_pre_padding                       - Undefined Weak Reference
    _printf_truncate_unsigned                 - Undefined Weak Reference
    _rand_init                                - Undefined Weak Reference
    _signal_finish                            - Undefined Weak Reference
    _signal_init                              - Undefined Weak Reference
    __Vectors_Size                           0x00000188   Number         0  startup_stm32f407xx.o ABSOLUTE
    __Vectors                                0x08000000   Data           4  startup_stm32f407xx.o(RESET)
    __Vectors_End                            0x08000188   Data           0  startup_stm32f407xx.o(RESET)
    __main                                   0x08000189   Thumb Code     8  __main.o(!!!main)
    __scatterload                            0x08000191   Thumb Code     0  __scatter.o(!!!scatter)
    __scatterload_rt2                        0x08000191   Thumb Code    44  __scatter.o(!!!scatter)
    __scatterload_rt2_thumb_only             0x08000191   Thumb Code     0  __scatter.o(!!!scatter)
    __scatterload_null                       0x0800019f   Thumb Code     0  __scatter.o(!!!scatter)
    __scatterload_copy                       0x080001c5   Thumb Code    26  __scatter_copy.o(!!handler_copy)
    __scatterload_zeroinit                   0x080001e1   Thumb Code    28  __scatter_zi.o(!!handler_zi)
    _printf_f                                0x080001fd   Thumb Code     0  _printf_f.o(.ARM.Collect$$_printf_percent$$00000003)
    _printf_percent                          0x080001fd   Thumb Code     0  _printf_percent.o(.ARM.Collect$$_printf_percent$$00000000)
    _printf_x                                0x08000203   Thumb Code     0  _printf_x.o(.ARM.Collect$$_printf_percent$$0000000C)
    _printf_percent_end                      0x08000209   Thumb Code     0  _printf_percent_end.o(.ARM.Collect$$_printf_percent$$00000017)
    __rt_lib_init                            0x0800020d   Thumb Code     0  libinit.o(.ARM.Collect$$libinit$$00000000)
    __rt_lib_init_fp_1                       0x0800020f   Thumb Code     0  libinit2.o(.ARM.Collect$$libinit$$00000001)
    __rt_lib_init_heap_2                     0x08000213   Thumb Code     0  libinit2.o(.ARM.Collect$$libinit$$00000005)
    __rt_lib_init_preinit_1                  0x08000213   Thumb Code     0  libinit2.o(.ARM.Collect$$libinit$$00000004)
    __rt_lib_init_heap_1                     0x0800021b   Thumb Code     0  libinit2.o(.ARM.Collect$$libinit$$0000000A)
    __rt_lib_init_lc_common                  0x0800021b   Thumb Code     0  libinit2.o(.ARM.Collect$$libinit$$0000000F)
    __rt_lib_init_rand_1                     0x0800021b   Thumb Code     0  libinit2.o(.ARM.Collect$$libinit$$0000000E)
    __rt_lib_init_user_alloc_1               0x0800021b   Thumb Code     0  libinit2.o(.ARM.Collect$$libinit$$0000000C)
    __rt_lib_init_lc_collate_1               0x08000221   Thumb Code     0  libinit2.o(.ARM.Collect$$libinit$$00000011)
    __rt_lib_init_lc_ctype_1                 0x08000221   Thumb Code     0  libinit2.o(.ARM.Collect$$libinit$$00000013)
    __rt_lib_init_lc_monetary_1              0x08000221   Thumb Code     0  libinit2.o(.ARM.Collect$$libinit$$00000015)
    __rt_lib_init_lc_numeric_2               0x08000221   Thumb Code     0  libinit2.o(.ARM.Collect$$libinit$$00000016)
    __rt_lib_init_atexit_1                   0x0800022b   Thumb Code     0  libinit2.o(.ARM.Collect$$libinit$$0000001B)
    __rt_lib_init_clock_1                    0x0800022b   Thumb Code     0  libinit2.o(.ARM.Collect$$libinit$$00000021)
    __rt_lib_init_fp_trap_1                  0x0800022b   Thumb Code     0  libinit2.o(.ARM.Collect$$libinit$$0000001F)
    __rt_lib_init_getenv_1                   0x0800022b   Thumb Code     0  libinit2.o(.ARM.Collect$$libinit$$00000023)
    __rt_lib_init_lc_numeric_1               0x0800022b   Thumb Code     0  libinit2.o(.ARM.Collect$$libinit$$00000017)
    __rt_lib_init_lc_time_1                  0x0800022b   Thumb Code     0  libinit2.o(.ARM.Collect$$libinit$$00000019)
    __rt_lib_init_signal_1                   0x0800022b   Thumb Code     0  libinit2.o(.ARM.Collect$$libinit$$0000001D)
    __rt_lib_init_stdio_2                    0x0800022b   Thumb Code     0  libinit2.o(.ARM.Collect$$libinit$$00000024)
    __rt_lib_init_alloca_1                   0x0800022f   Thumb Code     0  libinit2.o(.ARM.Collect$$libinit$$0000002E)
    __rt_lib_init_argv_1                     0x0800022f   Thumb Code     0  libinit2.o(.ARM.Collect$$libinit$$0000002C)
    __rt_lib_init_cpp_1                      0x0800022f   Thumb Code     0  libinit2.o(.ARM.Collect$$libinit$$00000032)
    __rt_lib_init_exceptions_1               0x0800022f   Thumb Code     0  libinit2.o(.ARM.Collect$$libinit$$00000030)
    __rt_lib_init_return                     0x0800022f   Thumb Code     0  libinit2.o(.ARM.Collect$$libinit$$00000033)
    __rt_lib_init_stdio_1                    0x0800022f   Thumb Code     0  libinit2.o(.ARM.Collect$$libinit$$00000025)
    __rt_lib_shutdown                        0x08000231   Thumb Code     0  libshutdown.o(.ARM.Collect$$libshutdown$$00000000)
    __rt_lib_shutdown_cpp_1                  0x08000233   Thumb Code     0  libshutdown2.o(.ARM.Collect$$libshutdown$$00000004)
    __rt_lib_shutdown_fini_1                 0x08000233   Thumb Code     0  libshutdown2.o(.ARM.Collect$$libshutdown$$00000002)
    __rt_lib_shutdown_stdio_2                0x08000233   Thumb Code     0  libshutdown2.o(.ARM.Collect$$libshutdown$$00000005)
    __rt_lib_shutdown_fp_trap_1              0x08000237   Thumb Code     0  libshutdown2.o(.ARM.Collect$$libshutdown$$00000009)
    __rt_lib_shutdown_heap_1                 0x08000237   Thumb Code     0  libshutdown2.o(.ARM.Collect$$libshutdown$$00000011)
    __rt_lib_shutdown_return                 0x08000237   Thumb Code     0  libshutdown2.o(.ARM.Collect$$libshutdown$$00000012)
    __rt_lib_shutdown_signal_1               0x08000237   Thumb Code     0  libshutdown2.o(.ARM.Collect$$libshutdown$$0000000C)
    __rt_lib_shutdown_stdio_1                0x08000237   Thumb Code     0  libshutdown2.o(.ARM.Collect$$libshutdown$$00000006)
    __rt_lib_shutdown_user_alloc_1           0x08000237   Thumb Code     0  libshutdown2.o(.ARM.Collect$$libshutdown$$0000000E)
    __rt_entry                               0x08000239   Thumb Code     0  __rtentry.o(.ARM.Collect$$rtentry$$00000000)
    __rt_entry_presh_1                       0x08000239   Thumb Code     0  __rtentry2.o(.ARM.Collect$$rtentry$$00000002)
    __rt_entry_sh                            0x08000239   Thumb Code     0  __rtentry4.o(.ARM.Collect$$rtentry$$00000004)
    __rt_entry_li                            0x0800023f   Thumb Code     0  __rtentry2.o(.ARM.Collect$$rtentry$$0000000A)
    __rt_entry_postsh_1                      0x0800023f   Thumb Code     0  __rtentry2.o(.ARM.Collect$$rtentry$$00000009)
    __rt_entry_main                          0x08000243   Thumb Code     0  __rtentry2.o(.ARM.Collect$$rtentry$$0000000D)
    __rt_entry_postli_1                      0x08000243   Thumb Code     0  __rtentry2.o(.ARM.Collect$$rtentry$$0000000C)
    __rt_exit                                0x0800024b   Thumb Code     0  rtexit.o(.ARM.Collect$$rtexit$$00000000)
    __rt_exit_ls                             0x0800024d   Thumb Code     0  rtexit2.o(.ARM.Collect$$rtexit$$00000003)
    __rt_exit_prels_1                        0x0800024d   Thumb Code     0  rtexit2.o(.ARM.Collect$$rtexit$$00000002)
    __rt_exit_exit                           0x08000251   Thumb Code     0  rtexit2.o(.ARM.Collect$$rtexit$$00000004)
    Reset_Handler                            0x08000259   Thumb Code     8  startup_stm32f407xx.o(.text)
    _maybe_terminate_alloc                   0x08000259   Thumb Code     0  maybetermalloc1.o(.emb_text)
    ADC_IRQHandler                           0x08000273   Thumb Code     0  startup_stm32f407xx.o(.text)
    CAN1_RX0_IRQHandler                      0x08000273   Thumb Code     0  startup_stm32f407xx.o(.text)
    CAN1_RX1_IRQHandler                      0x08000273   Thumb Code     0  startup_stm32f407xx.o(.text)
    CAN1_SCE_IRQHandler                      0x08000273   Thumb Code     0  startup_stm32f407xx.o(.text)
    CAN1_TX_IRQHandler                       0x08000273   Thumb Code     0  startup_stm32f407xx.o(.text)
    CAN2_RX0_IRQHandler                      0x08000273   Thumb Code     0  startup_stm32f407xx.o(.text)
    CAN2_RX1_IRQHandler                      0x08000273   Thumb Code     0  startup_stm32f407xx.o(.text)
    CAN2_SCE_IRQHandler                      0x08000273   Thumb Code     0  startup_stm32f407xx.o(.text)
    CAN2_TX_IRQHandler                       0x08000273   Thumb Code     0  startup_stm32f407xx.o(.text)
    DCMI_IRQHandler                          0x08000273   Thumb Code     0  startup_stm32f407xx.o(.text)
    DMA1_Stream0_IRQHandler                  0x08000273   Thumb Code     0  startup_stm32f407xx.o(.text)
    DMA1_Stream1_IRQHandler                  0x08000273   Thumb Code     0  startup_stm32f407xx.o(.text)
    DMA1_Stream2_IRQHandler                  0x08000273   Thumb Code     0  startup_stm32f407xx.o(.text)
    DMA1_Stream3_IRQHandler                  0x08000273   Thumb Code     0  startup_stm32f407xx.o(.text)
    DMA1_Stream4_IRQHandler                  0x08000273   Thumb Code     0  startup_stm32f407xx.o(.text)
    DMA1_Stream5_IRQHandler                  0x08000273   Thumb Code     0  startup_stm32f407xx.o(.text)
    DMA1_Stream6_IRQHandler                  0x08000273   Thumb Code     0  startup_stm32f407xx.o(.text)
    DMA1_Stream7_IRQHandler                  0x08000273   Thumb Code     0  startup_stm32f407xx.o(.text)
    DMA2_Stream0_IRQHandler                  0x08000273   Thumb Code     0  startup_stm32f407xx.o(.text)
    DMA2_Stream1_IRQHandler                  0x08000273   Thumb Code     0  startup_stm32f407xx.o(.text)
    DMA2_Stream2_IRQHandler                  0x08000273   Thumb Code     0  startup_stm32f407xx.o(.text)
    DMA2_Stream3_IRQHandler                  0x08000273   Thumb Code     0  startup_stm32f407xx.o(.text)
    DMA2_Stream4_IRQHandler                  0x08000273   Thumb Code     0  startup_stm32f407xx.o(.text)
    DMA2_Stream5_IRQHandler                  0x08000273   Thumb Code     0  startup_stm32f407xx.o(.text)
    DMA2_Stream6_IRQHandler                  0x08000273   Thumb Code     0  startup_stm32f407xx.o(.text)
    DMA2_Stream7_IRQHandler                  0x08000273   Thumb Code     0  startup_stm32f407xx.o(.text)
    ETH_IRQHandler                           0x08000273   Thumb Code     0  startup_stm32f407xx.o(.text)
    ETH_WKUP_IRQHandler                      0x08000273   Thumb Code     0  startup_stm32f407xx.o(.text)
    EXTI0_IRQHandler                         0x08000273   Thumb Code     0  startup_stm32f407xx.o(.text)
    EXTI1_IRQHandler                         0x08000273   Thumb Code     0  startup_stm32f407xx.o(.text)
    EXTI2_IRQHandler                         0x08000273   Thumb Code     0  startup_stm32f407xx.o(.text)
    EXTI3_IRQHandler                         0x08000273   Thumb Code     0  startup_stm32f407xx.o(.text)
    EXTI4_IRQHandler                         0x08000273   Thumb Code     0  startup_stm32f407xx.o(.text)
    EXTI9_5_IRQHandler                       0x08000273   Thumb Code     0  startup_stm32f407xx.o(.text)
    FLASH_IRQHandler                         0x08000273   Thumb Code     0  startup_stm32f407xx.o(.text)
    FMC_IRQHandler                           0x08000273   Thumb Code     0  startup_stm32f407xx.o(.text)
    FPU_IRQHandler                           0x08000273   Thumb Code     0  startup_stm32f407xx.o(.text)
    HASH_RNG_IRQHandler                      0x08000273   Thumb Code     0  startup_stm32f407xx.o(.text)
    I2C1_ER_IRQHandler                       0x08000273   Thumb Code     0  startup_stm32f407xx.o(.text)
    I2C1_EV_IRQHandler                       0x08000273   Thumb Code     0  startup_stm32f407xx.o(.text)
    I2C2_ER_IRQHandler                       0x08000273   Thumb Code     0  startup_stm32f407xx.o(.text)
    I2C2_EV_IRQHandler                       0x08000273   Thumb Code     0  startup_stm32f407xx.o(.text)
    I2C3_ER_IRQHandler                       0x08000273   Thumb Code     0  startup_stm32f407xx.o(.text)
    I2C3_EV_IRQHandler                       0x08000273   Thumb Code     0  startup_stm32f407xx.o(.text)
    OTG_FS_IRQHandler                        0x08000273   Thumb Code     0  startup_stm32f407xx.o(.text)
    OTG_FS_WKUP_IRQHandler                   0x08000273   Thumb Code     0  startup_stm32f407xx.o(.text)
    OTG_HS_EP1_IN_IRQHandler                 0x08000273   Thumb Code     0  startup_stm32f407xx.o(.text)
    OTG_HS_EP1_OUT_IRQHandler                0x08000273   Thumb Code     0  startup_stm32f407xx.o(.text)
    OTG_HS_IRQHandler                        0x08000273   Thumb Code     0  startup_stm32f407xx.o(.text)
    OTG_HS_WKUP_IRQHandler                   0x08000273   Thumb Code     0  startup_stm32f407xx.o(.text)
    PVD_IRQHandler                           0x08000273   Thumb Code     0  startup_stm32f407xx.o(.text)
    RCC_IRQHandler                           0x08000273   Thumb Code     0  startup_stm32f407xx.o(.text)
    RTC_Alarm_IRQHandler                     0x08000273   Thumb Code     0  startup_stm32f407xx.o(.text)
    RTC_WKUP_IRQHandler                      0x08000273   Thumb Code     0  startup_stm32f407xx.o(.text)
    SDIO_IRQHandler                          0x08000273   Thumb Code     0  startup_stm32f407xx.o(.text)
    SPI1_IRQHandler                          0x08000273   Thumb Code     0  startup_stm32f407xx.o(.text)
    SPI2_IRQHandler                          0x08000273   Thumb Code     0  startup_stm32f407xx.o(.text)
    SPI3_IRQHandler                          0x08000273   Thumb Code     0  startup_stm32f407xx.o(.text)
    TAMP_STAMP_IRQHandler                    0x08000273   Thumb Code     0  startup_stm32f407xx.o(.text)
    TIM1_BRK_TIM9_IRQHandler                 0x08000273   Thumb Code     0  startup_stm32f407xx.o(.text)
    TIM1_CC_IRQHandler                       0x08000273   Thumb Code     0  startup_stm32f407xx.o(.text)
    TIM1_TRG_COM_TIM11_IRQHandler            0x08000273   Thumb Code     0  startup_stm32f407xx.o(.text)
    TIM1_UP_TIM10_IRQHandler                 0x08000273   Thumb Code     0  startup_stm32f407xx.o(.text)
    TIM2_IRQHandler                          0x08000273   Thumb Code     0  startup_stm32f407xx.o(.text)
    TIM3_IRQHandler                          0x08000273   Thumb Code     0  startup_stm32f407xx.o(.text)
    TIM4_IRQHandler                          0x08000273   Thumb Code     0  startup_stm32f407xx.o(.text)
    TIM5_IRQHandler                          0x08000273   Thumb Code     0  startup_stm32f407xx.o(.text)
    TIM6_DAC_IRQHandler                      0x08000273   Thumb Code     0  startup_stm32f407xx.o(.text)
    TIM7_IRQHandler                          0x08000273   Thumb Code     0  startup_stm32f407xx.o(.text)
    TIM8_BRK_TIM12_IRQHandler                0x08000273   Thumb Code     0  startup_stm32f407xx.o(.text)
    TIM8_CC_IRQHandler                       0x08000273   Thumb Code     0  startup_stm32f407xx.o(.text)
    TIM8_TRG_COM_TIM14_IRQHandler            0x08000273   Thumb Code     0  startup_stm32f407xx.o(.text)
    TIM8_UP_TIM13_IRQHandler                 0x08000273   Thumb Code     0  startup_stm32f407xx.o(.text)
    UART4_IRQHandler                         0x08000273   Thumb Code     0  startup_stm32f407xx.o(.text)
    UART5_IRQHandler                         0x08000273   Thumb Code     0  startup_stm32f407xx.o(.text)
    USART1_IRQHandler                        0x08000273   Thumb Code     0  startup_stm32f407xx.o(.text)
    USART2_IRQHandler                        0x08000273   Thumb Code     0  startup_stm32f407xx.o(.text)
    USART3_IRQHandler                        0x08000273   Thumb Code     0  startup_stm32f407xx.o(.text)
    USART6_IRQHandler                        0x08000273   Thumb Code     0  startup_stm32f407xx.o(.text)
    WWDG_IRQHandler                          0x08000273   Thumb Code     0  startup_stm32f407xx.o(.text)
    __user_initial_stackheap                 0x08000275   Thumb Code     0  startup_stm32f407xx.o(.text)
    __aeabi_uldivmod                         0x08000299   Thumb Code     0  lludivv7m.o(.text)
    _ll_udiv                                 0x08000299   Thumb Code   238  lludivv7m.o(.text)
    __2printf                                0x08000389   Thumb Code    20  noretval__2printf.o(.text)
    __printf                                 0x080003a1   Thumb Code   104  __printf.o(.text)
    _printf_int_hex                          0x08000409   Thumb Code    84  _printf_hex_int.o(.text)
    _printf_longlong_hex                     0x08000409   Thumb Code     0  _printf_hex_int.o(.text)
    __aeabi_memclr4                          0x08000461   Thumb Code     0  rt_memclr_w.o(.text)
    __aeabi_memclr8                          0x08000461   Thumb Code     0  rt_memclr_w.o(.text)
    __rt_memclr_w                            0x08000461   Thumb Code    78  rt_memclr_w.o(.text)
    _memset_w                                0x08000465   Thumb Code     0  rt_memclr_w.o(.text)
    strcmp                                   0x080004b1   Thumb Code   128  strcmpv7m.o(.text)
    __use_two_region_memory                  0x08000531   Thumb Code     2  heapauxi.o(.text)
    __rt_heap_escrow                         0x08000533   Thumb Code     2  heapauxi.o(.text)
    __rt_heap_expand                         0x08000535   Thumb Code     2  heapauxi.o(.text)
    _printf_int_common                       0x08000537   Thumb Code   178  _printf_intcommon.o(.text)
    __lib_sel_fp_printf                      0x080005e9   Thumb Code     2  _printf_fp_dec.o(.text)
    _printf_fp_dec_real                      0x0800079b   Thumb Code   620  _printf_fp_dec.o(.text)
    _printf_char_file                        0x08000a09   Thumb Code    32  _printf_char_file.o(.text)
    __rt_locale                              0x08000a2d   Thumb Code     8  rt_locale_intlibspace.o(.text)
    _ll_udiv10                               0x08000a35   Thumb Code   138  lludiv10.o(.text)
    _printf_char_common                      0x08000acb   Thumb Code    32  _printf_char_common.o(.text)
    _printf_fp_infnan                        0x08000af1   Thumb Code   112  _printf_fp_infnan.o(.text)
    _btod_etento                             0x08000b71   Thumb Code   224  bigflt0.o(.text)
    ferror                                   0x08000c55   Thumb Code     8  ferror.o(.text)
    _initio                                  0x08000c5d   Thumb Code   210  initio.o(.text)
    _terminateio                             0x08000d2f   Thumb Code    56  initio.o(.text)
    __user_libspace                          0x08000d95   Thumb Code     8  libspace.o(.text)
    __user_perproc_libspace                  0x08000d95   Thumb Code     0  libspace.o(.text)
    __user_perthread_libspace                0x08000d95   Thumb Code     0  libspace.o(.text)
    __user_setup_stackheap                   0x08000d9d   Thumb Code    74  sys_stackheap_outer.o(.text)
    free                                     0x08000de7   Thumb Code    78  h1_free.o(.text)
    setvbuf                                  0x08000e35   Thumb Code    70  setvbuf.o(.text)
    freopen                                  0x08000e7d   Thumb Code   158  fopen.o(.text)
    fopen                                    0x08000f1b   Thumb Code    74  fopen.o(.text)
    _fclose_internal                         0x08000f69   Thumb Code    76  fclose.o(.text)
    fclose                                   0x08000f69   Thumb Code     0  fclose.o(.text)
    exit                                     0x08000fb5   Thumb Code    18  exit.o(.text)
    __rt_SIGRTRED                            0x08000fc7   Thumb Code    14  defsig_rtred_outer.o(.text)
    __rt_heap_descriptor                     0x08000fd5   Thumb Code     8  rt_heap_descriptor_intlibspace.o(.text)
    __use_no_heap                            0x08000fdd   Thumb Code     2  hguard.o(.text)
    __heap$guard                             0x08000fdf   Thumb Code     2  hguard.o(.text)
    _terminate_user_alloc                    0x08000fe1   Thumb Code     2  init_alloc.o(.text)
    _init_user_alloc                         0x08000fe3   Thumb Code     2  init_alloc.o(.text)
    __Heap_Full                              0x08000fe5   Thumb Code    34  init_alloc.o(.text)
    __Heap_Broken                            0x08001007   Thumb Code     6  init_alloc.o(.text)
    _init_alloc                              0x0800100d   Thumb Code    94  init_alloc.o(.text)
    malloc                                   0x0800106b   Thumb Code    94  h1_alloc.o(.text)
    _fseek                                   0x080010c9   Thumb Code   242  fseek.o(.text)
    fseek                                    0x080010c9   Thumb Code     0  fseek.o(.text)
    _seterr                                  0x080011c1   Thumb Code    20  stdio.o(.text)
    _writebuf                                0x080011d5   Thumb Code    84  stdio.o(.text)
    _fflush                                  0x08001229   Thumb Code    70  stdio.o(.text)
    _deferredlazyseek                        0x0800126f   Thumb Code    60  stdio.o(.text)
    __sig_exit                               0x080012b1   Thumb Code    10  defsig_exit.o(.text)
    __rt_SIGRTRED_inner                      0x080012bd   Thumb Code    14  defsig_rtred_inner.o(.text)
    _sys_exit                                0x080012f1   Thumb Code     8  sys_exit.o(.text)
    __Heap_Initialize                        0x080012fd   Thumb Code    10  h1_init.o(.text)
    __Heap_DescSize                          0x08001307   Thumb Code     4  h1_init.o(.text)
    __Heap_ProvideMemory                     0x0800130b   Thumb Code    52  h1_extend.o(.text)
    _ftell_internal                          0x0800133f   Thumb Code    66  ftell.o(.text)
    ftell                                    0x0800133f   Thumb Code     0  ftell.o(.text)
    __default_signal_display                 0x08001381   Thumb Code    50  defsig_general.o(.text)
    __rt_SIGRTMEM                            0x080013b3   Thumb Code    14  defsig_rtmem_outer.o(.text)
    _ttywrch                                 0x080013c1   Thumb Code    14  sys_wrch.o(.text)
    __I$use$semihosting                      0x080013cf   Thumb Code     0  use_no_semi.o(.text)
    __use_no_semihosting_swi                 0x080013cf   Thumb Code     2  use_no_semi.o(.text)
    __aeabi_errno_addr                       0x080013d1   Thumb Code     8  rt_errno_addr_intlibspace.o(.text)
    __errno$intlibspace                      0x080013d1   Thumb Code     0  rt_errno_addr_intlibspace.o(.text)
    __rt_errno_addr$intlibspace              0x080013d1   Thumb Code     0  rt_errno_addr_intlibspace.o(.text)
    __semihosting_library_function           0x080013d1   Thumb Code     0  indicate_semi.o(.text)
    __rt_SIGRTMEM_inner                      0x080013d9   Thumb Code    22  defsig_rtmem_inner.o(.text)
    _btod_d2e                                0x08001429   Thumb Code    62  btod.o(CL$$btod_d2e)
    _d2e_denorm_low                          0x08001467   Thumb Code    70  btod.o(CL$$btod_d2e_denorm_low)
    _d2e_norm_op1                            0x080014ad   Thumb Code    96  btod.o(CL$$btod_d2e_norm_op1)
    __btod_div_common                        0x0800150d   Thumb Code   696  btod.o(CL$$btod_div_common)
    _e2e                                     0x08001845   Thumb Code   220  btod.o(CL$$btod_e2e)
    _btod_ediv                               0x08001921   Thumb Code    42  btod.o(CL$$btod_ediv)
    _btod_emul                               0x0800194b   Thumb Code    42  btod.o(CL$$btod_emul)
    __btod_mult_common                       0x08001975   Thumb Code   580  btod.o(CL$$btod_mult_common)
    BusFault_Handler                         0x08001bb9   Thumb Code     2  stm32f4xx_it.o(i.BusFault_Handler)
    DebugMon_Handler                         0x08001bbb   Thumb Code     2  stm32f4xx_it.o(i.DebugMon_Handler)
    EXTI15_10_IRQHandler                     0x08001bbd   Thumb Code     8  stm32f4xx_it.o(i.EXTI15_10_IRQHandler)
    HAL_Delay                                0x08001bc5   Thumb Code    32  stm32f4xx_hal.o(i.HAL_Delay)
    HAL_GPIO_EXTI_Callback                   0x08001be9   Thumb Code     8  main.o(i.HAL_GPIO_EXTI_Callback)
    HAL_GPIO_EXTI_IRQHandler                 0x08001bf5   Thumb Code    18  stm32f4xx_hal_gpio.o(i.HAL_GPIO_EXTI_IRQHandler)
    HAL_GPIO_Init                            0x08001c0d   Thumb Code   450  stm32f4xx_hal_gpio.o(i.HAL_GPIO_Init)
    HAL_GPIO_WritePin                        0x08001dfd   Thumb Code    10  stm32f4xx_hal_gpio.o(i.HAL_GPIO_WritePin)
    HAL_GetTick                              0x08001e09   Thumb Code     6  stm32f4xx_hal.o(i.HAL_GetTick)
    HAL_IncTick                              0x08001e15   Thumb Code    12  stm32f4xx_hal.o(i.HAL_IncTick)
    HAL_Init                                 0x08001e25   Thumb Code    48  stm32f4xx_hal.o(i.HAL_Init)
    HAL_InitTick                             0x08001e59   Thumb Code    54  stm32f4xx_hal.o(i.HAL_InitTick)
    HAL_MspInit                              0x08001e99   Thumb Code    48  stm32f4xx_hal_msp.o(i.HAL_MspInit)
    HAL_NVIC_EnableIRQ                       0x08001ecd   Thumb Code    26  stm32f4xx_hal_cortex.o(i.HAL_NVIC_EnableIRQ)
    HAL_NVIC_SetPriority                     0x08001ee9   Thumb Code    60  stm32f4xx_hal_cortex.o(i.HAL_NVIC_SetPriority)
    HAL_NVIC_SetPriorityGrouping             0x08001f29   Thumb Code    26  stm32f4xx_hal_cortex.o(i.HAL_NVIC_SetPriorityGrouping)
    HAL_RCC_ClockConfig                      0x08001f4d   Thumb Code   288  stm32f4xx_hal_rcc.o(i.HAL_RCC_ClockConfig)
    HAL_RCC_GetPCLK1Freq                     0x08002081   Thumb Code    20  stm32f4xx_hal_rcc.o(i.HAL_RCC_GetPCLK1Freq)
    HAL_RCC_GetPCLK2Freq                     0x080020a1   Thumb Code    20  stm32f4xx_hal_rcc.o(i.HAL_RCC_GetPCLK2Freq)
    HAL_RCC_GetSysClockFreq                  0x080020c1   Thumb Code    88  stm32f4xx_hal_rcc.o(i.HAL_RCC_GetSysClockFreq)
    HAL_RCC_OscConfig                        0x08002121   Thumb Code   856  stm32f4xx_hal_rcc.o(i.HAL_RCC_OscConfig)
    HAL_SPI_Init                             0x0800248d   Thumb Code   188  stm32f4xx_hal_spi.o(i.HAL_SPI_Init)
    HAL_SPI_MspInit                          0x08002549   Thumb Code   128  stm32f4xx_hal_msp.o(i.HAL_SPI_MspInit)
    HAL_SPI_Receive                          0x080025d9   Thumb Code   346  stm32f4xx_hal_spi.o(i.HAL_SPI_Receive)
    HAL_SPI_Transmit                         0x08002733   Thumb Code   358  stm32f4xx_hal_spi.o(i.HAL_SPI_Transmit)
    HAL_SPI_TransmitReceive                  0x08002899   Thumb Code   482  stm32f4xx_hal_spi.o(i.HAL_SPI_TransmitReceive)
    HAL_SYSTICK_Config                       0x08002a7b   Thumb Code    40  stm32f4xx_hal_cortex.o(i.HAL_SYSTICK_Config)
    HAL_UART_Init                            0x08002aa3   Thumb Code    98  stm32f4xx_hal_uart.o(i.HAL_UART_Init)
    HAL_UART_MspInit                         0x08002b05   Thumb Code    92  stm32f4xx_hal_msp.o(i.HAL_UART_MspInit)
    HAL_UART_Transmit                        0x08002b6d   Thumb Code   178  stm32f4xx_hal_uart.o(i.HAL_UART_Transmit)
    HardFault_Handler                        0x08002c1f   Thumb Code     2  stm32f4xx_it.o(i.HardFault_Handler)
    ITM_SendChar                             0x08002c21   Thumb Code    32  retarget_io.o(i.ITM_SendChar)
    MemManage_Handler                        0x08002d51   Thumb Code     2  stm32f4xx_it.o(i.MemManage_Handler)
    NMI_Handler                              0x08002d53   Thumb Code     2  stm32f4xx_it.o(i.NMI_Handler)
    PendSV_Handler                           0x08002d55   Thumb Code     2  stm32f4xx_it.o(i.PendSV_Handler)
    SVC_Handler                              0x08002ec5   Thumb Code     2  stm32f4xx_it.o(i.SVC_Handler)
    SysTick_Handler                          0x08002ec7   Thumb Code     4  stm32f4xx_it.o(i.SysTick_Handler)
    SystemClock_Config                       0x08002ecd   Thumb Code   120  main.o(i.SystemClock_Config)
    SystemInit                               0x08002f4d   Thumb Code    12  system_stm32f4xx.o(i.SystemInit)
    TDC7200_reg_init                         0x08002f5d   Thumb Code   842  main.o(i.TDC7200_reg_init)
    UsageFault_Handler                       0x0800359d   Thumb Code     2  stm32f4xx_it.o(i.UsageFault_Handler)
    __ARM_fpclassify                         0x0800359f   Thumb Code    48  fpclassify.o(i.__ARM_fpclassify)
    _sys_close                               0x080035ef   Thumb Code    24  retarget_io.o(i._sys_close)
    _sys_flen                                0x08003607   Thumb Code    12  retarget_io.o(i._sys_flen)
    _sys_istty                               0x08003613   Thumb Code    24  retarget_io.o(i._sys_istty)
    _sys_open                                0x0800362d   Thumb Code    68  retarget_io.o(i._sys_open)
    _sys_seek                                0x08003689   Thumb Code     6  retarget_io.o(i._sys_seek)
    _sys_write                               0x0800368f   Thumb Code    60  retarget_io.o(i._sys_write)
    fputc                                    0x080036cd   Thumb Code    20  main.o(i.fputc)
    main                                     0x080036e5   Thumb Code  1316  main.o(i.main)
    _get_lc_numeric                          0x08003c09   Thumb Code    44  lc_numeric_c.o(locale$$code)
    __aeabi_dadd                             0x08003c35   Thumb Code     0  daddsub_clz.o(x$fpl$dadd)
    _dadd                                    0x08003c35   Thumb Code   332  daddsub_clz.o(x$fpl$dadd)
    __aeabi_ddiv                             0x08003d85   Thumb Code     0  ddiv.o(x$fpl$ddiv)
    _ddiv                                    0x08003d85   Thumb Code   552  ddiv.o(x$fpl$ddiv)
    __aeabi_i2d                              0x08004035   Thumb Code     0  dflt_clz.o(x$fpl$dflt)
    _dflt                                    0x08004035   Thumb Code    46  dflt_clz.o(x$fpl$dflt)
    __aeabi_dmul                             0x08004065   Thumb Code     0  dmul.o(x$fpl$dmul)
    _dmul                                    0x08004065   Thumb Code   332  dmul.o(x$fpl$dmul)
    __fpl_dnaninf                            0x080041b9   Thumb Code   156  dnaninf.o(x$fpl$dnaninf)
    __fpl_dretinf                            0x08004255   Thumb Code    12  dretinf.o(x$fpl$dretinf)
    __aeabi_dsub                             0x08004261   Thumb Code     0  daddsub_clz.o(x$fpl$dsub)
    _dsub                                    0x08004261   Thumb Code   464  daddsub_clz.o(x$fpl$dsub)
    _fp_init                                 0x08004435   Thumb Code    10  fpinit.o(x$fpl$fpinit)
    __fplib_config_fpu_vfp                   0x0800443d   Thumb Code     0  fpinit.o(x$fpl$fpinit)
    __fplib_config_pureend_doubles           0x0800443d   Thumb Code     0  fpinit.o(x$fpl$fpinit)
    _printf_fp_dec                           0x0800443f   Thumb Code     4  printf1.o(x$fpl$printf1)
    AHBPrescTable                            0x08004442   Data          16  system_stm32f4xx.o(.constdata)
    __I$use$fp                               0x08004442   Number         0  usenofp.o(x$fpl$usenofp)
    APBPrescTable                            0x08004452   Data           8  system_stm32f4xx.o(.constdata)
    __stdin_name                             0x0800445a   Data           7  retarget_io.o(.constdata)
    __stdout_name                            0x08004461   Data           8  retarget_io.o(.constdata)
    __stderr_name                            0x08004469   Data           8  retarget_io.o(.constdata)
    Region$$Table$$Base                      0x08004530   Number         0  anon$$obj.o(Region$$Table)
    Region$$Table$$Limit                     0x08004550   Number         0  anon$$obj.o(Region$$Table)
    b0                                       0x20000000   Data           2  main.o(.data)
    b1                                       0x20000002   Data           2  main.o(.data)
    b2                                       0x20000004   Data           2  main.o(.data)
    b3                                       0x20000006   Data           2  main.o(.data)
    b4                                       0x20000008   Data           2  main.o(.data)
    b5                                       0x2000000a   Data           2  main.o(.data)
    b6                                       0x2000000c   Data           2  main.o(.data)
    b7                                       0x2000000e   Data           2  main.o(.data)
    b8                                       0x20000010   Data           2  main.o(.data)
    b9                                       0x20000012   Data           2  main.o(.data)
    b                                        0x20000014   Data           3  main.o(.data)
    i0                                       0x20000017   Data           3  main.o(.data)
    temp                                     0x2000001a   Data           3  main.o(.data)
    byte_data                                0x2000001d   Data           3  main.o(.data)
    flag                                     0x20000020   Data           4  main.o(.data)
    d0                                       0x20000024   Data           4  main.o(.data)
    d1                                       0x20000028   Data           4  main.o(.data)
    d2                                       0x2000002c   Data           4  main.o(.data)
    d3                                       0x20000030   Data           4  main.o(.data)
    d5                                       0x20000034   Data           4  main.o(.data)
    uClk                                     0x20000038   Data           4  main.o(.data)
    uTime                                    0x2000003c   Data           8  main.o(.data)
    uCal                                     0x20000044   Data           8  main.o(.data)
    CLOCKperiod                              0x20000050   Data           8  main.o(.data)
    calCount                                 0x20000058   Data           8  main.o(.data)
    normLSB                                  0x20000060   Data           8  main.o(.data)
    TOF                                      0x20000068   Data           8  main.o(.data)
    LSB                                      0x20000070   Data           8  main.o(.data)
    mTOF                                     0x20000078   Data           8  main.o(.data)
    TDC7200_reg_local_copy                   0x20000080   Data          10  main.o(.data)
    uwTickFreq                               0x2000008c   Data           1  stm32f4xx_hal.o(.data)
    uwTickPrio                               0x20000090   Data           4  stm32f4xx_hal.o(.data)
    uwTick                                   0x20000094   Data           4  stm32f4xx_hal.o(.data)
    SystemCoreClock                          0x20000098   Data           4  system_stm32f4xx.o(.data)
    __aeabi_stdin                            0x2000009c   Data           4  stdio_streams.o(.data)
    __aeabi_stdout                           0x200000a0   Data           4  stdio_streams.o(.data)
    __aeabi_stderr                           0x200000a4   Data           4  stdio_streams.o(.data)
    hspi2                                    0x200000a8   Data          88  main.o(.bss)
    huart6                                   0x20000100   Data          68  main.o(.bss)
    __stdin                                  0x20000144   Data          84  stdio_streams.o(.bss)
    __stdout                                 0x20000198   Data          84  stdio_streams.o(.bss)
    __stderr                                 0x200001ec   Data          84  stdio_streams.o(.bss)
    __libspace_start                         0x20000240   Data          96  libspace.o(.bss)
    __temporary_stack_top$libspace           0x200002a0   Data           0  libspace.o(.bss)



==============================================================================

Memory Map of the image

  Image Entry point : 0x08000189

  Load Region LR_IROM1 (Base: 0x08000000, Size: 0x00004614, Max: 0x00100000, ABSOLUTE)

    Execution Region ER_IROM1 (Exec base: 0x08000000, Load base: 0x08000000, Size: 0x0000456c, Max: 0x00100000, ABSOLUTE)

    Exec Addr    Load Addr    Size         Type   Attr      Idx    E Section Name        Object

    0x08000000   0x08000000   0x00000188   Data   RO            3    RESET               startup_stm32f407xx.o
    0x08000188   0x08000188   0x00000008   Code   RO         2346  * !!!main             c_w.l(__main.o)
    0x08000190   0x08000190   0x00000034   Code   RO         2740    !!!scatter          c_w.l(__scatter.o)
    0x080001c4   0x080001c4   0x0000001a   Code   RO         2742    !!handler_copy      c_w.l(__scatter_copy.o)
    0x080001de   0x080001de   0x00000002   PAD
    0x080001e0   0x080001e0   0x0000001c   Code   RO         2744    !!handler_zi        c_w.l(__scatter_zi.o)
    0x080001fc   0x080001fc   0x00000000   Code   RO         2339    .ARM.Collect$$_printf_percent$$00000000  c_w.l(_printf_percent.o)
    0x080001fc   0x080001fc   0x00000006   Code   RO         2338    .ARM.Collect$$_printf_percent$$00000003  c_w.l(_printf_f.o)
    0x08000202   0x08000202   0x00000006   Code   RO         2337    .ARM.Collect$$_printf_percent$$0000000C  c_w.l(_printf_x.o)
    0x08000208   0x08000208   0x00000004   Code   RO         2379    .ARM.Collect$$_printf_percent$$00000017  c_w.l(_printf_percent_end.o)
    0x0800020c   0x0800020c   0x00000002   Code   RO         2550    .ARM.Collect$$libinit$$00000000  c_w.l(libinit.o)
    0x0800020e   0x0800020e   0x00000004   Code   RO         2551    .ARM.Collect$$libinit$$00000001  c_w.l(libinit2.o)
    0x08000212   0x08000212   0x00000000   Code   RO         2554    .ARM.Collect$$libinit$$00000004  c_w.l(libinit2.o)
    0x08000212   0x08000212   0x00000008   Code   RO         2555    .ARM.Collect$$libinit$$00000005  c_w.l(libinit2.o)
    0x0800021a   0x0800021a   0x00000000   Code   RO         2557    .ARM.Collect$$libinit$$0000000A  c_w.l(libinit2.o)
    0x0800021a   0x0800021a   0x00000000   Code   RO         2559    .ARM.Collect$$libinit$$0000000C  c_w.l(libinit2.o)
    0x0800021a   0x0800021a   0x00000000   Code   RO         2561    .ARM.Collect$$libinit$$0000000E  c_w.l(libinit2.o)
    0x0800021a   0x0800021a   0x00000006   Code   RO         2562    .ARM.Collect$$libinit$$0000000F  c_w.l(libinit2.o)
    0x08000220   0x08000220   0x00000000   Code   RO         2564    .ARM.Collect$$libinit$$00000011  c_w.l(libinit2.o)
    0x08000220   0x08000220   0x00000000   Code   RO         2566    .ARM.Collect$$libinit$$00000013  c_w.l(libinit2.o)
    0x08000220   0x08000220   0x00000000   Code   RO         2568    .ARM.Collect$$libinit$$00000015  c_w.l(libinit2.o)
    0x08000220   0x08000220   0x0000000a   Code   RO         2569    .ARM.Collect$$libinit$$00000016  c_w.l(libinit2.o)
    0x0800022a   0x0800022a   0x00000000   Code   RO         2570    .ARM.Collect$$libinit$$00000017  c_w.l(libinit2.o)
    0x0800022a   0x0800022a   0x00000000   Code   RO         2572    .ARM.Collect$$libinit$$00000019  c_w.l(libinit2.o)
    0x0800022a   0x0800022a   0x00000000   Code   RO         2574    .ARM.Collect$$libinit$$0000001B  c_w.l(libinit2.o)
    0x0800022a   0x0800022a   0x00000000   Code   RO         2576    .ARM.Collect$$libinit$$0000001D  c_w.l(libinit2.o)
    0x0800022a   0x0800022a   0x00000000   Code   RO         2578    .ARM.Collect$$libinit$$0000001F  c_w.l(libinit2.o)
    0x0800022a   0x0800022a   0x00000000   Code   RO         2580    .ARM.Collect$$libinit$$00000021  c_w.l(libinit2.o)
    0x0800022a   0x0800022a   0x00000000   Code   RO         2582    .ARM.Collect$$libinit$$00000023  c_w.l(libinit2.o)
    0x0800022a   0x0800022a   0x00000004   Code   RO         2583    .ARM.Collect$$libinit$$00000024  c_w.l(libinit2.o)
    0x0800022e   0x0800022e   0x00000000   Code   RO         2584    .ARM.Collect$$libinit$$00000025  c_w.l(libinit2.o)
    0x0800022e   0x0800022e   0x00000000   Code   RO         2588    .ARM.Collect$$libinit$$0000002C  c_w.l(libinit2.o)
    0x0800022e   0x0800022e   0x00000000   Code   RO         2590    .ARM.Collect$$libinit$$0000002E  c_w.l(libinit2.o)
    0x0800022e   0x0800022e   0x00000000   Code   RO         2592    .ARM.Collect$$libinit$$00000030  c_w.l(libinit2.o)
    0x0800022e   0x0800022e   0x00000000   Code   RO         2594    .ARM.Collect$$libinit$$00000032  c_w.l(libinit2.o)
    0x0800022e   0x0800022e   0x00000002   Code   RO         2595    .ARM.Collect$$libinit$$00000033  c_w.l(libinit2.o)
    0x08000230   0x08000230   0x00000002   Code   RO         2721    .ARM.Collect$$libshutdown$$00000000  c_w.l(libshutdown.o)
    0x08000232   0x08000232   0x00000000   Code   RO         2597    .ARM.Collect$$libshutdown$$00000002  c_w.l(libshutdown2.o)
    0x08000232   0x08000232   0x00000000   Code   RO         2599    .ARM.Collect$$libshutdown$$00000004  c_w.l(libshutdown2.o)
    0x08000232   0x08000232   0x00000004   Code   RO         2600    .ARM.Collect$$libshutdown$$00000005  c_w.l(libshutdown2.o)
    0x08000236   0x08000236   0x00000000   Code   RO         2601    .ARM.Collect$$libshutdown$$00000006  c_w.l(libshutdown2.o)
    0x08000236   0x08000236   0x00000000   Code   RO         2604    .ARM.Collect$$libshutdown$$00000009  c_w.l(libshutdown2.o)
    0x08000236   0x08000236   0x00000000   Code   RO         2607    .ARM.Collect$$libshutdown$$0000000C  c_w.l(libshutdown2.o)
    0x08000236   0x08000236   0x00000000   Code   RO         2609    .ARM.Collect$$libshutdown$$0000000E  c_w.l(libshutdown2.o)
    0x08000236   0x08000236   0x00000000   Code   RO         2612    .ARM.Collect$$libshutdown$$00000011  c_w.l(libshutdown2.o)
    0x08000236   0x08000236   0x00000002   Code   RO         2613    .ARM.Collect$$libshutdown$$00000012  c_w.l(libshutdown2.o)
    0x08000238   0x08000238   0x00000000   Code   RO         2368    .ARM.Collect$$rtentry$$00000000  c_w.l(__rtentry.o)
    0x08000238   0x08000238   0x00000000   Code   RO         2392    .ARM.Collect$$rtentry$$00000002  c_w.l(__rtentry2.o)
    0x08000238   0x08000238   0x00000006   Code   RO         2404    .ARM.Collect$$rtentry$$00000004  c_w.l(__rtentry4.o)
    0x0800023e   0x0800023e   0x00000000   Code   RO         2394    .ARM.Collect$$rtentry$$00000009  c_w.l(__rtentry2.o)
    0x0800023e   0x0800023e   0x00000004   Code   RO         2395    .ARM.Collect$$rtentry$$0000000A  c_w.l(__rtentry2.o)
    0x08000242   0x08000242   0x00000000   Code   RO         2397    .ARM.Collect$$rtentry$$0000000C  c_w.l(__rtentry2.o)
    0x08000242   0x08000242   0x00000008   Code   RO         2398    .ARM.Collect$$rtentry$$0000000D  c_w.l(__rtentry2.o)
    0x0800024a   0x0800024a   0x00000002   Code   RO         2614    .ARM.Collect$$rtexit$$00000000  c_w.l(rtexit.o)
    0x0800024c   0x0800024c   0x00000000   Code   RO         2664    .ARM.Collect$$rtexit$$00000002  c_w.l(rtexit2.o)
    0x0800024c   0x0800024c   0x00000004   Code   RO         2665    .ARM.Collect$$rtexit$$00000003  c_w.l(rtexit2.o)
    0x08000250   0x08000250   0x00000006   Code   RO         2666    .ARM.Collect$$rtexit$$00000004  c_w.l(rtexit2.o)
    0x08000256   0x08000256   0x00000002   PAD
    0x08000258   0x08000258   0x00000000   Code   RO         2670    .emb_text           c_w.l(maybetermalloc1.o)
    0x08000258   0x08000258   0x00000040   Code   RO            4    .text               startup_stm32f407xx.o
    0x08000298   0x08000298   0x000000ee   Code   RO         2288    .text               c_w.l(lludivv7m.o)
    0x08000386   0x08000386   0x00000002   PAD
    0x08000388   0x08000388   0x00000018   Code   RO         2292    .text               c_w.l(noretval__2printf.o)
    0x080003a0   0x080003a0   0x00000068   Code   RO         2294    .text               c_w.l(__printf.o)
    0x08000408   0x08000408   0x00000058   Code   RO         2299    .text               c_w.l(_printf_hex_int.o)
    0x08000460   0x08000460   0x0000004e   Code   RO         2340    .text               c_w.l(rt_memclr_w.o)
    0x080004ae   0x080004ae   0x00000002   PAD
    0x080004b0   0x080004b0   0x00000080   Code   RO         2342    .text               c_w.l(strcmpv7m.o)
    0x08000530   0x08000530   0x00000006   Code   RO         2344    .text               c_w.l(heapauxi.o)
    0x08000536   0x08000536   0x000000b2   Code   RO         2373    .text               c_w.l(_printf_intcommon.o)
    0x080005e8   0x080005e8   0x0000041e   Code   RO         2375    .text               c_w.l(_printf_fp_dec.o)
    0x08000a06   0x08000a06   0x00000002   PAD
    0x08000a08   0x08000a08   0x00000024   Code   RO         2377    .text               c_w.l(_printf_char_file.o)
    0x08000a2c   0x08000a2c   0x00000008   Code   RO         2411    .text               c_w.l(rt_locale_intlibspace.o)
    0x08000a34   0x08000a34   0x0000008a   Code   RO         2413    .text               c_w.l(lludiv10.o)
    0x08000abe   0x08000abe   0x00000002   PAD
    0x08000ac0   0x08000ac0   0x00000030   Code   RO         2415    .text               c_w.l(_printf_char_common.o)
    0x08000af0   0x08000af0   0x00000080   Code   RO         2417    .text               c_w.l(_printf_fp_infnan.o)
    0x08000b70   0x08000b70   0x000000e4   Code   RO         2419    .text               c_w.l(bigflt0.o)
    0x08000c54   0x08000c54   0x00000008   Code   RO         2444    .text               c_w.l(ferror.o)
    0x08000c5c   0x08000c5c   0x00000138   Code   RO         2446    .text               c_w.l(initio.o)
    0x08000d94   0x08000d94   0x00000008   Code   RO         2459    .text               c_w.l(libspace.o)
    0x08000d9c   0x08000d9c   0x0000004a   Code   RO         2464    .text               c_w.l(sys_stackheap_outer.o)
    0x08000de6   0x08000de6   0x0000004e   Code   RO         2468    .text               c_w.l(h1_free.o)
    0x08000e34   0x08000e34   0x00000046   Code   RO         2524    .text               c_w.l(setvbuf.o)
    0x08000e7a   0x08000e7a   0x00000002   PAD
    0x08000e7c   0x08000e7c   0x000000ec   Code   RO         2527    .text               c_w.l(fopen.o)
    0x08000f68   0x08000f68   0x0000004c   Code   RO         2529    .text               c_w.l(fclose.o)
    0x08000fb4   0x08000fb4   0x00000012   Code   RO         2535    .text               c_w.l(exit.o)
    0x08000fc6   0x08000fc6   0x0000000e   Code   RO         2541    .text               c_w.l(defsig_rtred_outer.o)
    0x08000fd4   0x08000fd4   0x00000008   Code   RO         2621    .text               c_w.l(rt_heap_descriptor_intlibspace.o)
    0x08000fdc   0x08000fdc   0x00000004   Code   RO         2623    .text               c_w.l(hguard.o)
    0x08000fe0   0x08000fe0   0x0000008a   Code   RO         2625    .text               c_w.l(init_alloc.o)
    0x0800106a   0x0800106a   0x0000005e   Code   RO         2631    .text               c_w.l(h1_alloc.o)
    0x080010c8   0x080010c8   0x000000f8   Code   RO         2645    .text               c_w.l(fseek.o)
    0x080011c0   0x080011c0   0x000000f0   Code   RO         2647    .text               c_w.l(stdio.o)
    0x080012b0   0x080012b0   0x0000000a   Code   RO         2649    .text               c_w.l(defsig_exit.o)
    0x080012ba   0x080012ba   0x00000002   PAD
    0x080012bc   0x080012bc   0x00000034   Code   RO         2653    .text               c_w.l(defsig_rtred_inner.o)
    0x080012f0   0x080012f0   0x0000000c   Code   RO         2661    .text               c_w.l(sys_exit.o)
    0x080012fc   0x080012fc   0x0000000e   Code   RO         2672    .text               c_w.l(h1_init.o)
    0x0800130a   0x0800130a   0x00000034   Code   RO         2674    .text               c_w.l(h1_extend.o)
    0x0800133e   0x0800133e   0x00000042   Code   RO         2680    .text               c_w.l(ftell.o)
    0x08001380   0x08001380   0x00000032   Code   RO         2684    .text               c_w.l(defsig_general.o)
    0x080013b2   0x080013b2   0x0000000e   Code   RO         2686    .text               c_w.l(defsig_rtmem_outer.o)
    0x080013c0   0x080013c0   0x0000000e   Code   RO         2699    .text               c_w.l(sys_wrch.o)
    0x080013ce   0x080013ce   0x00000002   Code   RO         2703    .text               c_w.l(use_no_semi.o)
    0x080013d0   0x080013d0   0x00000000   Code   RO         2705    .text               c_w.l(indicate_semi.o)
    0x080013d0   0x080013d0   0x00000008   Code   RO         2709    .text               c_w.l(rt_errno_addr_intlibspace.o)
    0x080013d8   0x080013d8   0x00000050   Code   RO         2715    .text               c_w.l(defsig_rtmem_inner.o)
    0x08001428   0x08001428   0x0000003e   Code   RO         2422    CL$$btod_d2e        c_w.l(btod.o)
    0x08001466   0x08001466   0x00000046   Code   RO         2424    CL$$btod_d2e_denorm_low  c_w.l(btod.o)
    0x080014ac   0x080014ac   0x00000060   Code   RO         2423    CL$$btod_d2e_norm_op1  c_w.l(btod.o)
    0x0800150c   0x0800150c   0x00000338   Code   RO         2432    CL$$btod_div_common  c_w.l(btod.o)
    0x08001844   0x08001844   0x000000dc   Code   RO         2429    CL$$btod_e2e        c_w.l(btod.o)
    0x08001920   0x08001920   0x0000002a   Code   RO         2426    CL$$btod_ediv       c_w.l(btod.o)
    0x0800194a   0x0800194a   0x0000002a   Code   RO         2425    CL$$btod_emul       c_w.l(btod.o)
    0x08001974   0x08001974   0x00000244   Code   RO         2431    CL$$btod_mult_common  c_w.l(btod.o)
    0x08001bb8   0x08001bb8   0x00000002   Code   RO          191    i.BusFault_Handler  stm32f4xx_it.o
    0x08001bba   0x08001bba   0x00000002   Code   RO          192    i.DebugMon_Handler  stm32f4xx_it.o
    0x08001bbc   0x08001bbc   0x00000008   Code   RO          193    i.EXTI15_10_IRQHandler  stm32f4xx_it.o
    0x08001bc4   0x08001bc4   0x00000024   Code   RO         1523    i.HAL_Delay         stm32f4xx_hal.o
    0x08001be8   0x08001be8   0x0000000c   Code   RO           14    i.HAL_GPIO_EXTI_Callback  main.o
    0x08001bf4   0x08001bf4   0x00000018   Code   RO          996    i.HAL_GPIO_EXTI_IRQHandler  stm32f4xx_hal_gpio.o
    0x08001c0c   0x08001c0c   0x000001f0   Code   RO          997    i.HAL_GPIO_Init     stm32f4xx_hal_gpio.o
    0x08001dfc   0x08001dfc   0x0000000a   Code   RO         1001    i.HAL_GPIO_WritePin  stm32f4xx_hal_gpio.o
    0x08001e06   0x08001e06   0x00000002   PAD
    0x08001e08   0x08001e08   0x0000000c   Code   RO         1529    i.HAL_GetTick       stm32f4xx_hal.o
    0x08001e14   0x08001e14   0x00000010   Code   RO         1535    i.HAL_IncTick       stm32f4xx_hal.o
    0x08001e24   0x08001e24   0x00000034   Code   RO         1536    i.HAL_Init          stm32f4xx_hal.o
    0x08001e58   0x08001e58   0x00000040   Code   RO         1537    i.HAL_InitTick      stm32f4xx_hal.o
    0x08001e98   0x08001e98   0x00000034   Code   RO          272    i.HAL_MspInit       stm32f4xx_hal_msp.o
    0x08001ecc   0x08001ecc   0x0000001a   Code   RO         1386    i.HAL_NVIC_EnableIRQ  stm32f4xx_hal_cortex.o
    0x08001ee6   0x08001ee6   0x00000002   PAD
    0x08001ee8   0x08001ee8   0x00000040   Code   RO         1392    i.HAL_NVIC_SetPriority  stm32f4xx_hal_cortex.o
    0x08001f28   0x08001f28   0x00000024   Code   RO         1393    i.HAL_NVIC_SetPriorityGrouping  stm32f4xx_hal_cortex.o
    0x08001f4c   0x08001f4c   0x00000134   Code   RO          643    i.HAL_RCC_ClockConfig  stm32f4xx_hal_rcc.o
    0x08002080   0x08002080   0x00000020   Code   RO          650    i.HAL_RCC_GetPCLK1Freq  stm32f4xx_hal_rcc.o
    0x080020a0   0x080020a0   0x00000020   Code   RO          651    i.HAL_RCC_GetPCLK2Freq  stm32f4xx_hal_rcc.o
    0x080020c0   0x080020c0   0x00000060   Code   RO          652    i.HAL_RCC_GetSysClockFreq  stm32f4xx_hal_rcc.o
    0x08002120   0x08002120   0x0000036c   Code   RO          655    i.HAL_RCC_OscConfig  stm32f4xx_hal_rcc.o
    0x0800248c   0x0800248c   0x000000bc   Code   RO          331    i.HAL_SPI_Init      stm32f4xx_hal_spi.o
    0x08002548   0x08002548   0x00000090   Code   RO          274    i.HAL_SPI_MspInit   stm32f4xx_hal_msp.o
    0x080025d8   0x080025d8   0x0000015a   Code   RO          334    i.HAL_SPI_Receive   stm32f4xx_hal_spi.o
    0x08002732   0x08002732   0x00000166   Code   RO          339    i.HAL_SPI_Transmit  stm32f4xx_hal_spi.o
    0x08002898   0x08002898   0x000001e2   Code   RO          340    i.HAL_SPI_TransmitReceive  stm32f4xx_hal_spi.o
    0x08002a7a   0x08002a7a   0x00000028   Code   RO         1397    i.HAL_SYSTICK_Config  stm32f4xx_hal_cortex.o
    0x08002aa2   0x08002aa2   0x00000062   Code   RO         1839    i.HAL_UART_Init     stm32f4xx_hal_uart.o
    0x08002b04   0x08002b04   0x00000068   Code   RO          276    i.HAL_UART_MspInit  stm32f4xx_hal_msp.o
    0x08002b6c   0x08002b6c   0x000000b2   Code   RO         1847    i.HAL_UART_Transmit  stm32f4xx_hal_uart.o
    0x08002c1e   0x08002c1e   0x00000002   Code   RO          194    i.HardFault_Handler  stm32f4xx_it.o
    0x08002c20   0x08002c20   0x00000024   Code   RO         2203    i.ITM_SendChar      retarget_io.o
    0x08002c44   0x08002c44   0x000000c8   Code   RO           15    i.MX_GPIO_Init      main.o
    0x08002d0c   0x08002d0c   0x00000044   Code   RO           16    i.MX_SPI2_Init      main.o
    0x08002d50   0x08002d50   0x00000002   Code   RO          195    i.MemManage_Handler  stm32f4xx_it.o
    0x08002d52   0x08002d52   0x00000002   Code   RO          196    i.NMI_Handler       stm32f4xx_it.o
    0x08002d54   0x08002d54   0x00000002   Code   RO          197    i.PendSV_Handler    stm32f4xx_it.o
    0x08002d56   0x08002d56   0x0000005c   Code   RO          368    i.SPI_EndRxTransaction  stm32f4xx_hal_spi.o
    0x08002db2   0x08002db2   0x00000002   PAD
    0x08002db4   0x08002db4   0x00000058   Code   RO          369    i.SPI_EndRxTxTransaction  stm32f4xx_hal_spi.o
    0x08002e0c   0x08002e0c   0x000000b8   Code   RO          374    i.SPI_WaitFlagStateUntilTimeout  stm32f4xx_hal_spi.o
    0x08002ec4   0x08002ec4   0x00000002   Code   RO          198    i.SVC_Handler       stm32f4xx_it.o
    0x08002ec6   0x08002ec6   0x00000004   Code   RO          199    i.SysTick_Handler   stm32f4xx_it.o
    0x08002eca   0x08002eca   0x00000002   PAD
    0x08002ecc   0x08002ecc   0x00000080   Code   RO           17    i.SystemClock_Config  main.o
    0x08002f4c   0x08002f4c   0x00000010   Code   RO         2168    i.SystemInit        system_stm32f4xx.o
    0x08002f5c   0x08002f5c   0x000004bc   Code   RO           18    i.TDC7200_reg_init  main.o
    0x08003418   0x08003418   0x0000010c   Code   RO         1865    i.UART_SetConfig    stm32f4xx_hal_uart.o
    0x08003524   0x08003524   0x00000078   Code   RO         1868    i.UART_WaitOnFlagUntilTimeout  stm32f4xx_hal_uart.o
    0x0800359c   0x0800359c   0x00000002   Code   RO          200    i.UsageFault_Handler  stm32f4xx_it.o
    0x0800359e   0x0800359e   0x00000030   Code   RO         2457    i.__ARM_fpclassify  m_wm.l(fpclassify.o)
    0x080035ce   0x080035ce   0x00000020   Code   RO         1399    i.__NVIC_SetPriority  stm32f4xx_hal_cortex.o
    0x080035ee   0x080035ee   0x00000018   Code   RO         2204    i._sys_close        retarget_io.o
    0x08003606   0x08003606   0x0000000c   Code   RO         2205    i._sys_flen         retarget_io.o
    0x08003612   0x08003612   0x00000018   Code   RO         2206    i._sys_istty        retarget_io.o
    0x0800362a   0x0800362a   0x00000002   PAD
    0x0800362c   0x0800362c   0x0000005c   Code   RO         2207    i._sys_open         retarget_io.o
    0x08003688   0x08003688   0x00000006   Code   RO         2209    i._sys_seek         retarget_io.o
    0x0800368e   0x0800368e   0x0000003c   Code   RO         2210    i._sys_write        retarget_io.o
    0x080036ca   0x080036ca   0x00000002   PAD
    0x080036cc   0x080036cc   0x00000018   Code   RO           19    i.fputc             main.o
    0x080036e4   0x080036e4   0x00000524   Code   RO           20    i.main              main.o
    0x08003c08   0x08003c08   0x0000002c   Code   RO         2453    locale$$code        c_w.l(lc_numeric_c.o)
    0x08003c34   0x08003c34   0x00000150   Code   RO         2348    x$fpl$dadd          fz_wm.l(daddsub_clz.o)
    0x08003d84   0x08003d84   0x000002b0   Code   RO         2355    x$fpl$ddiv          fz_wm.l(ddiv.o)
    0x08004034   0x08004034   0x0000002e   Code   RO         2359    x$fpl$dflt          fz_wm.l(dflt_clz.o)
    0x08004062   0x08004062   0x00000002   PAD
    0x08004064   0x08004064   0x00000154   Code   RO         2364    x$fpl$dmul          fz_wm.l(dmul.o)
    0x080041b8   0x080041b8   0x0000009c   Code   RO         2386    x$fpl$dnaninf       fz_wm.l(dnaninf.o)
    0x08004254   0x08004254   0x0000000c   Code   RO         2388    x$fpl$dretinf       fz_wm.l(dretinf.o)
    0x08004260   0x08004260   0x000001d4   Code   RO         2350    x$fpl$dsub          fz_wm.l(daddsub_clz.o)
    0x08004434   0x08004434   0x0000000a   Code   RO         2659    x$fpl$fpinit        fz_wm.l(fpinit.o)
    0x0800443e   0x0800443e   0x00000004   Code   RO         2366    x$fpl$printf1       fz_wm.l(printf1.o)
    0x08004442   0x08004442   0x00000000   Code   RO         2390    x$fpl$usenofp       fz_wm.l(usenofp.o)
    0x08004442   0x08004442   0x00000010   Data   RO         2169    .constdata          system_stm32f4xx.o
    0x08004452   0x08004452   0x00000008   Data   RO         2170    .constdata          system_stm32f4xx.o
    0x0800445a   0x0800445a   0x00000007   Data   RO         2211    .constdata          retarget_io.o
    0x08004461   0x08004461   0x00000008   Data   RO         2212    .constdata          retarget_io.o
    0x08004469   0x08004469   0x00000008   Data   RO         2213    .constdata          retarget_io.o
    0x08004471   0x08004471   0x00000028   Data   RO         2300    .constdata          c_w.l(_printf_hex_int.o)
    0x08004499   0x08004499   0x00000003   PAD
    0x0800449c   0x0800449c   0x00000094   Data   RO         2420    .constdata          c_w.l(bigflt0.o)
    0x08004530   0x08004530   0x00000020   Data   RO         2738    Region$$Table       anon$$obj.o
    0x08004550   0x08004550   0x0000001c   Data   RO         2452    locale$$data        c_w.l(lc_numeric_c.o)


    Execution Region RW_IRAM1 (Exec base: 0x20000000, Load base: 0x0800456c, Size: 0x000008a0, Max: 0x0001c000, ABSOLUTE)

    Exec Addr    Load Addr    Size         Type   Attr      Idx    E Section Name        Object

    0x20000000   0x0800456c   0x0000008a   Data   RW           23    .data               main.o
    0x2000008a   0x080045f6   0x00000002   PAD
    0x2000008c   0x080045f8   0x0000000c   Data   RW         1543    .data               stm32f4xx_hal.o
    0x20000098   0x08004604   0x00000004   Data   RW         2171    .data               system_stm32f4xx.o
    0x2000009c   0x08004608   0x00000004   Data   RW         2383    .data               c_w.l(stdio_streams.o)
    0x200000a0   0x0800460c   0x00000004   Data   RW         2384    .data               c_w.l(stdio_streams.o)
    0x200000a4   0x08004610   0x00000004   Data   RW         2385    .data               c_w.l(stdio_streams.o)
    0x200000a8        -       0x0000009c   Zero   RW           21    .bss                main.o
    0x20000144        -       0x00000054   Zero   RW         2380    .bss                c_w.l(stdio_streams.o)
    0x20000198        -       0x00000054   Zero   RW         2381    .bss                c_w.l(stdio_streams.o)
    0x200001ec        -       0x00000054   Zero   RW         2382    .bss                c_w.l(stdio_streams.o)
    0x20000240        -       0x00000060   Zero   RW         2460    .bss                c_w.l(libspace.o)
    0x200002a0        -       0x00000200   Zero   RW            2    HEAP                startup_stm32f407xx.o
    0x200004a0        -       0x00000400   Zero   RW            1    STACK               startup_stm32f407xx.o


    Execution Region RW_IRAM2 (Exec base: 0x2001c000, Load base: 0x08004614, Size: 0x00000000, Max: 0x00004000, ABSOLUTE)

    **** No section assigned to this execution region ****


==============================================================================

Image component sizes


      Code (inc. data)   RO Data    RW Data    ZI Data      Debug   Object Name

      2960        706          0        138        156     672998   main.o
       254         28         23          0          0       6746   retarget_io.o
        64         26        392          0       1536        844   startup_stm32f407xx.o
       180         28          0         12          0       9421   stm32f4xx_hal.o
       198         14          0          0          0      33951   stm32f4xx_hal_cortex.o
       530         52          0          0          0       2819   stm32f4xx_hal_gpio.o
       300         32          0          0          0       2371   stm32f4xx_hal_msp.o
      1344         72          0          0          0       5240   stm32f4xx_hal_rcc.o
      1738         12          0          0          0       8490   stm32f4xx_hal_spi.o
       664         10          0          0          0       4204   stm32f4xx_hal_uart.o
        28          0          0          0          0       4653   stm32f4xx_it.o
        16          4         24          4          0       1127   system_stm32f4xx.o

    ----------------------------------------------------------------------
      8288        984        471        156       1692     752864   Object Totals
         0          0         32          0          0          0   (incl. Generated)
        12          0          0          2          0          0   (incl. Padding)

    ----------------------------------------------------------------------

      Code (inc. data)   RO Data    RW Data    ZI Data      Debug   Library Member Name

         8          0          0          0          0         68   __main.o
       104          0          0          0          0         84   __printf.o
         0          0          0          0          0          0   __rtentry.o
        12          0          0          0          0          0   __rtentry2.o
         6          0          0          0          0          0   __rtentry4.o
        52          8          0          0          0          0   __scatter.o
        26          0          0          0          0          0   __scatter_copy.o
        28          0          0          0          0          0   __scatter_zi.o
        48          6          0          0          0         96   _printf_char_common.o
        36          4          0          0          0         80   _printf_char_file.o
         6          0          0          0          0          0   _printf_f.o
      1054          0          0          0          0        216   _printf_fp_dec.o
       128         16          0          0          0         84   _printf_fp_infnan.o
        88          4         40          0          0         88   _printf_hex_int.o
       178          0          0          0          0         88   _printf_intcommon.o
         0          0          0          0          0          0   _printf_percent.o
         4          0          0          0          0          0   _printf_percent_end.o
         6          0          0          0          0          0   _printf_x.o
       228          4        148          0          0         96   bigflt0.o
      1936        128          0          0          0        672   btod.o
        10          0          0          0          0         68   defsig_exit.o
        50          0          0          0          0         88   defsig_general.o
        80         58          0          0          0         76   defsig_rtmem_inner.o
        14          0          0          0          0         80   defsig_rtmem_outer.o
        52         38          0          0          0         76   defsig_rtred_inner.o
        14          0          0          0          0         80   defsig_rtred_outer.o
        18          0          0          0          0         80   exit.o
        76          0          0          0          0         88   fclose.o
         8          0          0          0          0         68   ferror.o
       236          4          0          0          0        128   fopen.o
       248          6          0          0          0         84   fseek.o
        66          0          0          0          0         76   ftell.o
        94          0          0          0          0         80   h1_alloc.o
        52          0          0          0          0         68   h1_extend.o
        78          0          0          0          0         80   h1_free.o
        14          0          0          0          0         84   h1_init.o
         6          0          0          0          0        152   heapauxi.o
         4          0          0          0          0        136   hguard.o
         0          0          0          0          0          0   indicate_semi.o
       138          0          0          0          0        168   init_alloc.o
       312         46          0          0          0        112   initio.o
        44         10         28          0          0         76   lc_numeric_c.o
         2          0          0          0          0          0   libinit.o
        34          0          0          0          0          0   libinit2.o
         2          0          0          0          0          0   libshutdown.o
         6          0          0          0          0          0   libshutdown2.o
         8          4          0          0         96         68   libspace.o
       138          0          0          0          0         80   lludiv10.o
       238          0          0          0          0        100   lludivv7m.o
         0          0          0          0          0          0   maybetermalloc1.o
        24          4          0          0          0         84   noretval__2printf.o
         8          4          0          0          0         68   rt_errno_addr_intlibspace.o
         8          4          0          0          0         68   rt_heap_descriptor_intlibspace.o
         8          4          0          0          0         68   rt_locale_intlibspace.o
        78          0          0          0          0         80   rt_memclr_w.o
         2          0          0          0          0          0   rtexit.o
        10          0          0          0          0          0   rtexit2.o
        70          0          0          0          0         80   setvbuf.o
       240          6          0          0          0        156   stdio.o
         0          0          0         12        252          0   stdio_streams.o
       128          0          0          0          0         68   strcmpv7m.o
        12          4          0          0          0         68   sys_exit.o
        74          0          0          0          0         80   sys_stackheap_outer.o
        14          0          0          0          0         76   sys_wrch.o
         2          0          0          0          0         68   use_no_semi.o
       804         16          0          0          0        368   daddsub_clz.o
       688        140          0          0          0        256   ddiv.o
        46          0          0          0          0        116   dflt_clz.o
       340         12          0          0          0        152   dmul.o
       156          4          0          0          0        140   dnaninf.o
        12          0          0          0          0        116   dretinf.o
        10          0          0          0          0        116   fpinit.o
         4          0          0          0          0        116   printf1.o
         0          0          0          0          0          0   usenofp.o
        48          0          0          0          0        124   fpclassify.o

    ----------------------------------------------------------------------
      8794        534        219         12        348       6236   Library Totals
        18          0          3          0          0          0   (incl. Padding)

    ----------------------------------------------------------------------

      Code (inc. data)   RO Data    RW Data    ZI Data      Debug   Library Name

      6668        362        216         12        348       4732   c_w.l
      2060        172          0          0          0       1380   fz_wm.l
        48          0          0          0          0        124   m_wm.l

    ----------------------------------------------------------------------
      8794        534        219         12        348       6236   Library Totals

    ----------------------------------------------------------------------

==============================================================================


      Code (inc. data)   RO Data    RW Data    ZI Data      Debug   

     17082       1518        690        168       2040     750448   Grand Totals
     17082       1518        690        168       2040     750448   ELF Image Totals
     17082       1518        690        168          0          0   ROM Totals

==============================================================================

    Total RO  Size (Code + RO Data)                17772 (  17.36kB)
    Total RW  Size (RW Data + ZI Data)              2208 (   2.16kB)
    Total ROM Size (Code + RO Data + RW Data)      17940 (  17.52kB)

==============================================================================

