******************************************************************************
                  MSP430 Linker Unix v21.6.0                   
******************************************************************************
>> Linked Mon Jan  9 17:41:40 2023

OUTPUT FILE NAME:   <FR6047_USSSWLib_template_example.out>
ENTRY POINT SYMBOL: "_c_int00_noargs_mpu"  address: 000058fa


MEMORY CONFIGURATION

         name            origin    length      used     unused   attr    fill
----------------------  --------  ---------  --------  --------  ----  --------
  TINYRAM               0000000a   00000016  00000000  00000016  RWIX
  BSL                   00001000   00000800  00000000  00000800  RWIX
  CAL_CONF              00001900   00000100  00000000  00000100  RWIX
  TLV                   00001a00   00000100  00000000  00000100  RWIX
  BOOTROM               00001b00   00000100  00000000  00000100  RWIX
  RAM                   00001c00   00001000  00000322  00000cde  RWIX
  LEARAM                00002c00   00000ec8  00000a38  00000490  RWIX
  LEASTACK              00003ac8   00000138  00000000  00000138  RWIX
  FRAM                  00004000   0000bf80  00001a8d  0000a4f3  RWIX
  JTAGSIGNATURE         0000ff80   00000004  00000004  00000000  RWIX  ffff 
  BSLSIGNATURE          0000ff84   00000004  00000004  00000000  RWIX  ffff 
  IPESIGNATURE          0000ff88   00000008  00000008  00000000  RWIX  ffff 
  INT00                 0000ff90   00000002  00000000  00000002  RWIX
  INT01                 0000ff92   00000002  00000000  00000002  RWIX
  INT02                 0000ff94   00000002  00000000  00000002  RWIX
  INT03                 0000ff96   00000002  00000000  00000002  RWIX
  INT04                 0000ff98   00000002  00000000  00000002  RWIX
  INT05                 0000ff9a   00000002  00000000  00000002  RWIX
  INT06                 0000ff9c   00000002  00000000  00000002  RWIX
  INT07                 0000ff9e   00000002  00000000  00000002  RWIX
  INT08                 0000ffa0   00000002  00000000  00000002  RWIX
  INT09                 0000ffa2   00000002  00000000  00000002  RWIX
  INT10                 0000ffa4   00000002  00000000  00000002  RWIX
  INT11                 0000ffa6   00000002  00000000  00000002  RWIX
  INT12                 0000ffa8   00000002  00000000  00000002  RWIX
  INT13                 0000ffaa   00000002  00000000  00000002  RWIX
  INT14                 0000ffac   00000002  00000002  00000000  RWIX
  INT15                 0000ffae   00000002  00000002  00000000  RWIX
  INT16                 0000ffb0   00000002  00000002  00000000  RWIX
  INT17                 0000ffb2   00000002  00000002  00000000  RWIX
  INT18                 0000ffb4   00000002  00000002  00000000  RWIX
  INT19                 0000ffb6   00000002  00000002  00000000  RWIX
  INT20                 0000ffb8   00000002  00000002  00000000  RWIX
  INT21                 0000ffba   00000002  00000002  00000000  RWIX
  INT22                 0000ffbc   00000002  00000002  00000000  RWIX
  INT23                 0000ffbe   00000002  00000002  00000000  RWIX
  INT24                 0000ffc0   00000002  00000002  00000000  RWIX
  INT25                 0000ffc2   00000002  00000002  00000000  RWIX
  INT26                 0000ffc4   00000002  00000002  00000000  RWIX
  INT27                 0000ffc6   00000002  00000002  00000000  RWIX
  INT28                 0000ffc8   00000002  00000002  00000000  RWIX
  INT29                 0000ffca   00000002  00000002  00000000  RWIX
  INT30                 0000ffcc   00000002  00000002  00000000  RWIX
  INT31                 0000ffce   00000002  00000002  00000000  RWIX
  INT32                 0000ffd0   00000002  00000002  00000000  RWIX
  INT33                 0000ffd2   00000002  00000002  00000000  RWIX
  INT34                 0000ffd4   00000002  00000002  00000000  RWIX
  INT35                 0000ffd6   00000002  00000002  00000000  RWIX
  INT36                 0000ffd8   00000002  00000002  00000000  RWIX
  INT37                 0000ffda   00000002  00000002  00000000  RWIX
  INT38                 0000ffdc   00000002  00000002  00000000  RWIX
  INT39                 0000ffde   00000002  00000002  00000000  RWIX
  INT40                 0000ffe0   00000002  00000002  00000000  RWIX
  INT41                 0000ffe2   00000002  00000002  00000000  RWIX
  INT42                 0000ffe4   00000002  00000002  00000000  RWIX
  INT43                 0000ffe6   00000002  00000002  00000000  RWIX
  INT44                 0000ffe8   00000002  00000002  00000000  RWIX
  INT45                 0000ffea   00000002  00000002  00000000  RWIX
  INT46                 0000ffec   00000002  00000002  00000000  RWIX
  INT47                 0000ffee   00000002  00000002  00000000  RWIX
  INT48                 0000fff0   00000002  00000002  00000000  RWIX
  INT49                 0000fff2   00000002  00000002  00000000  RWIX
  INT50                 0000fff4   00000002  00000002  00000000  RWIX
  INT51                 0000fff6   00000002  00000002  00000000  RWIX
  INT52                 0000fff8   00000002  00000002  00000000  RWIX
  INT53                 0000fffa   00000002  00000002  00000000  RWIX
  INT54                 0000fffc   00000002  00000002  00000000  RWIX
  RESET                 0000fffe   00000002  00000002  00000000  RWIX
  FRAM2                 00010000   00033ff0  000070e2  0002cf0e  RWIX
  LIB_VERSION           00043ff0   00000010  00000008  00000008  RWIX


SECTION ALLOCATION MAP

 output                                  attributes/
section   page    origin      length       input sections
--------  ----  ----------  ----------   ----------------
.TI.persistent 
*          0    00004000    00000be4     
                  00004000    00000a50     USS_userConfig.obj (.TI.persistent:gNVMemBlock)
                  00004a50    0000008a     USS_userConfig.obj (.TI.persistent:ussAlgConfig)
                  00004ada    00000038     USS_Lib_HAL.obj (.TI.persistent)
                  00004b12    00000030     USS_userConfig.obj (.TI.persistent:gUSSHilbertCoeffs)
                  00004b42    00000022     USS_userConfig.obj (.TI.persistent:gUssSWConfig)
                  00004b64    00000022     USS_userConfig.obj (.TI.persistent:ussMeasurementConfig)
                  00004b86    0000001a     USS_userConfig.obj (.TI.persistent:ussCaptureConfig)
                  00004ba0    00000014     USS_userConfig.obj (.TI.persistent:ussPulseConfig)
                  00004bb4    00000010     USS_userConfig.obj (.TI.persistent:ussMeterConfig)
                  00004bc4    0000000c     USS_userConfig.obj (.TI.persistent:ussPLLConfig)
                  00004bd0    0000000c     USS_userConfig.obj (.TI.persistent:ussSystemConfig)
                  00004bdc    00000004     USS_userConfig.obj (.TI.persistent:singDualToneConfig)
                  00004be0    00000002     USS_userConfig.obj (.TI.persistent:ussInterruptConfig)
                  00004be2    00000002     USS_userConfig.obj (.TI.persistent:ussTriggerConfig)

.binit     0    00004000    00000000     

.cio       0    00004be4    00000000     UNINITIALIZED

.sysmem    0    00004be4    00000000     UNINITIALIZED

.ipestruct 
*          0    00004c00    00000000     UNINITIALIZED

.ipe       0    00004c00    00000000     UNINITIALIZED

.ipe_const 
*          0    00004c00    00000000     UNINITIALIZED

.ipe:_isr 
*          0    00004c00    00000000     UNINITIALIZED

.USS_ramfunc 
*          0    00004c00    00000b10     
                  00004c00    00000296     USS_SW_CCS_large_code_large_data.lib : USS_computeAbsTOF_hilbert.obj (.USS_ramfunc:USS_computeAbsTOF_hilbert)
                  00004e96    000001e2                                          : USS_math.obj (.USS_ramfunc:USS_iq30Atan2)
                  00005078    00000178                                          : USS_computeAbsTOF_lobe.obj (.USS_ramfunc:USS_computeAbsTOF_lobe_track)
                  000051f0    00000104                                          : USS_support_lea.obj (.USS_ramfunc:USS_corr3)
                  000052f4    000000fc                                          : USS_math.obj (.USS_ramfunc:USS_iq31Div)
                  000053f0    000000d6                                          : USS_cosInterpolation.obj (.USS_ramfunc:USS_cosInterpolation)
                  000054c6    000000c4                                          : USS_math.obj (.USS_ramfunc:USS_iq31toiq29Asin)
                  0000558a    00000092                                          : USS_math.obj (.USS_ramfunc:USS_iq31Cos)
                  0000561c    00000058                                          : USS_computeAbsTOF_lobe.obj (.USS_ramfunc:USS_computeAbsTOF_lobe)
                  00005674    00000042                                          : USS_support_lea.obj (.USS_ramfunc:USS_runParabolicInterpolation32)
                  000056b6    0000003c                                          : USS_support_lea.obj (.USS_ramfunc:USS_runWindow)
                  000056f2    0000001e                                          : USS_support_lea.obj (.USS_ramfunc:USS_runParabolicInterpolation)

.cinit     0    00005a6e    00000020     
                  00005a6e    00000006     (.cinit..bss.load) [load image, compression = zero_init]
                  00005a74    00000006     (.cinit..leaRAM.load) [load image, compression = zero_init]
                  00005a7a    00000004     (__TI_handler_table)
                  00005a7e    00000010     (__TI_cinit_table)

.libVersion 
*          0    00043ff0    00000008     
                  00043ff0    00000008     USS_SW_CCS_large_code_large_data.lib : ussSwLibCommonAlgorithms.obj (.libVersion:retain)

.init_array 
*          0    00004000    00000000     UNINITIALIZED

.text:_isr 
*          0    00005710    0000021c     
                  00005710    0000009e     USS_Lib_HAL.obj (.text:_isr:ISR_SDHS)
                  000057ae    0000006a     USS_Lib_HAL.obj (.text:_isr:ISR_SAPH)
                  00005818    00000052     USS_Lib_HAL.obj (.text:_isr:ISR_UUPS)
                  0000586a    0000002a     USS_Lib_HAL.obj (.text:_isr:USSLIB_HAL_TIMER_INT_CCRn)
                  00005894    00000024     USS_Lib_HAL.obj (.text:_isr:ISR_HSPLL)
                  000058b8    00000022     USS_Lib_HAL.obj (.text:_isr:USSLIB_HAL_TIMER_INT)
                  000058da    00000020     USS_Lib_HAL.obj (.text:_isr:USS_LEA_ISR)
                  000058fa    00000020     rts430x_lc_ld_eabi.lib : boot.c.obj (.text:_isr:_c_int00_noargs_mpu)
                  0000591a    0000000a     USS_Lib_HAL.obj (.text:_isr:DMA_HSPLL)
                  00005924    00000008     rts430x_lc_ld_eabi.lib : isr_trap.asm.obj (.text:_isr:__TI_ISR_TRAP)

.bss       0    00001c00    00000122     UNINITIALIZED
                  00001c00    00000116     (.common:gUSSAlgObject)
                  00001d16    00000004     (.common:USSSWLIB_USS_interrupt_status)
                  00001d1a    00000002     USS_SW_CCS_large_code_large_data.lib : ussSwLibAlgorithms.obj (.bss)
                  00001d1c    00000002     (.common:USSSWLIB_USS_measurementPeriod)
                  00001d1e    00000002     (.common:USS_LEA_IFG)
                  00001d20    00000002     (.common:state)

.stack     0    00002a00    00000200     UNINITIALIZED
                  00002a00    00000004     rts430x_lc_ld_eabi.lib : boot.c.obj (.stack)
                  00002a04    000001fc     --HOLE--

.leaRAM    0    00002c00    00000a38     UNINITIALIZED
                  00002c00    000009d8     USS_userConfig.obj (.leaRAM)
                  000035d8    00000040     USS_SW_CCS_large_code_large_data.lib : ussSwLibAlgorithms.obj (.leaRAM)
                  00003618    00000018                                          : USS_lea.obj (.leaRAM)
                  00003630    00000008                                          : USS_math.obj (.leaRAM)

$fill000   0    0000ff80    00000004     
                  0000ff80    00000004     --HOLE-- [fill = ffff]

$fill001   0    0000ff84    00000004     
                  0000ff84    00000004     --HOLE-- [fill = ffff]

$fill002   0    0000ff88    00000008     
                  0000ff88    00000008     --HOLE-- [fill = ffff]

SDHS       0    0000ffac    00000002     
                  0000ffac    00000002     USS_Lib_HAL.obj (.int14)

SAPH       0    0000ffae    00000002     
                  0000ffae    00000002     USS_Lib_HAL.obj (.int15)

HSPLL      0    0000ffb0    00000002     
                  0000ffb0    00000002     USS_Lib_HAL.obj (.int16)

UUPS       0    0000ffb2    00000002     
                  0000ffb2    00000002     USS_Lib_HAL.obj (.int17)

LEA        0    0000ffb4    00000002     
                  0000ffb4    00000002     USS_Lib_HAL.obj (.int18)

PORT9      0    0000ffb6    00000002     
                  0000ffb6    00000002     rts430x_lc_ld_eabi.lib : int19.asm.obj (.int19)

PORT8      0    0000ffb8    00000002     
                  0000ffb8    00000002     rts430x_lc_ld_eabi.lib : int20.asm.obj (.int20)

PORT7      0    0000ffba    00000002     
                  0000ffba    00000002     rts430x_lc_ld_eabi.lib : int21.asm.obj (.int21)

EUSCI_B1   0    0000ffbc    00000002     
                  0000ffbc    00000002     rts430x_lc_ld_eabi.lib : int22.asm.obj (.int22)

EUSCI_A3   0    0000ffbe    00000002     
                  0000ffbe    00000002     rts430x_lc_ld_eabi.lib : int23.asm.obj (.int23)

EUSCI_A2   0    0000ffc0    00000002     
                  0000ffc0    00000002     rts430x_lc_ld_eabi.lib : int24.asm.obj (.int24)

PORT6      0    0000ffc2    00000002     
                  0000ffc2    00000002     rts430x_lc_ld_eabi.lib : int25.asm.obj (.int25)

PORT5      0    0000ffc4    00000002     
                  0000ffc4    00000002     rts430x_lc_ld_eabi.lib : int26.asm.obj (.int26)

TIMER4_A1 
*          0    0000ffc6    00000002     
                  0000ffc6    00000002     rts430x_lc_ld_eabi.lib : int27.asm.obj (.int27)

TIMER4_A0 
*          0    0000ffc8    00000002     
                  0000ffc8    00000002     rts430x_lc_ld_eabi.lib : int28.asm.obj (.int28)

AES256     0    0000ffca    00000002     
                  0000ffca    00000002     rts430x_lc_ld_eabi.lib : int29.asm.obj (.int29)

RTC_C      0    0000ffcc    00000002     
                  0000ffcc    00000002     rts430x_lc_ld_eabi.lib : int30.asm.obj (.int30)

LCD_C      0    0000ffce    00000002     
                  0000ffce    00000002     rts430x_lc_ld_eabi.lib : int31.asm.obj (.int31)

PORT4      0    0000ffd0    00000002     
                  0000ffd0    00000002     rts430x_lc_ld_eabi.lib : int32.asm.obj (.int32)

PORT3      0    0000ffd2    00000002     
                  0000ffd2    00000002     rts430x_lc_ld_eabi.lib : int33.asm.obj (.int33)

TIMER3_A1 
*          0    0000ffd4    00000002     
                  0000ffd4    00000002     rts430x_lc_ld_eabi.lib : int34.asm.obj (.int34)

TIMER3_A0 
*          0    0000ffd6    00000002     
                  0000ffd6    00000002     rts430x_lc_ld_eabi.lib : int35.asm.obj (.int35)

PORT2      0    0000ffd8    00000002     
                  0000ffd8    00000002     rts430x_lc_ld_eabi.lib : int36.asm.obj (.int36)

TIMER2_A1 
*          0    0000ffda    00000002     
                  0000ffda    00000002     rts430x_lc_ld_eabi.lib : int37.asm.obj (.int37)

TIMER2_A0 
*          0    0000ffdc    00000002     
                  0000ffdc    00000002     rts430x_lc_ld_eabi.lib : int38.asm.obj (.int38)

PORT1      0    0000ffde    00000002     
                  0000ffde    00000002     rts430x_lc_ld_eabi.lib : int39.asm.obj (.int39)

TIMER1_A1 
*          0    0000ffe0    00000002     
                  0000ffe0    00000002     USS_Lib_HAL.obj (.int40)

TIMER1_A0 
*          0    0000ffe2    00000002     
                  0000ffe2    00000002     USS_Lib_HAL.obj (.int41)

DMA        0    0000ffe4    00000002     
                  0000ffe4    00000002     USS_Lib_HAL.obj (.int42)

EUSCI_A1   0    0000ffe6    00000002     
                  0000ffe6    00000002     rts430x_lc_ld_eabi.lib : int43.asm.obj (.int43)

TIMER0_A1 
*          0    0000ffe8    00000002     
                  0000ffe8    00000002     rts430x_lc_ld_eabi.lib : int44.asm.obj (.int44)

TIMER0_A0 
*          0    0000ffea    00000002     
                  0000ffea    00000002     rts430x_lc_ld_eabi.lib : int45.asm.obj (.int45)

ADC12_B    0    0000ffec    00000002     
                  0000ffec    00000002     rts430x_lc_ld_eabi.lib : int46.asm.obj (.int46)

EUSCI_B0   0    0000ffee    00000002     
                  0000ffee    00000002     rts430x_lc_ld_eabi.lib : int47.asm.obj (.int47)

EUSCI_A0   0    0000fff0    00000002     
                  0000fff0    00000002     rts430x_lc_ld_eabi.lib : int48.asm.obj (.int48)

WDT        0    0000fff2    00000002     
                  0000fff2    00000002     rts430x_lc_ld_eabi.lib : int49.asm.obj (.int49)

TIMER0_B1 
*          0    0000fff4    00000002     
                  0000fff4    00000002     rts430x_lc_ld_eabi.lib : int50.asm.obj (.int50)

TIMER0_B0 
*          0    0000fff6    00000002     
                  0000fff6    00000002     rts430x_lc_ld_eabi.lib : int51.asm.obj (.int51)

COMP_E     0    0000fff8    00000002     
                  0000fff8    00000002     rts430x_lc_ld_eabi.lib : int52.asm.obj (.int52)

UNMI       0    0000fffa    00000002     
                  0000fffa    00000002     rts430x_lc_ld_eabi.lib : int53.asm.obj (.int53)

SYSNMI     0    0000fffc    00000002     
                  0000fffc    00000002     rts430x_lc_ld_eabi.lib : int54.asm.obj (.int54)

.reset     0    0000fffe    00000002     
                  0000fffe    00000002     rts430x_lc_ld_eabi.lib : boot.c.obj (.reset)

.const     0    0000592c    00000141     
                  0000592c    00000100     QmathLib_CCS_MPY32_5xx_6xx_CPUX_large_code_large_data.lib : _QNtables.o (.const:_Q16div_coeffs)
                  00005a2c    00000041     IQmathLib_CCS_MPY32_5xx_6xx_CPUX_large_code_large_data.lib : _IQNtables.o (.const:.string:_IQ6div_lookup)

.text      0    00010000    000070e2     
                  00010000    00000a92     USS_SW_CCS_large_code_large_data.lib : USS_init.obj (.text:USS_init)
                  00010a92    00000856                                          : USS_computeAbsTOF_lobeWide.obj (.text:USS_computeAbsTOF_lobeWide)
                  000112e8    000004d2                                          : USS_computeDeltaTOF_estimate.obj (.text:USS_computeDeltaTOF_estimate)
                  000117ba    0000049a                                          : ussSwLibAlgorithms.obj (.text:USS_initAlgorithms)
                  00011c54    0000034e                                          : USS_computeDeltaTOF_water.obj (.text:USS_computeDeltaTOF_water)
                  00011fa2    0000034e     rts430x_lc_ld_eabi.lib : div64u.c.obj (.text:__mspabi_divull)
                  000122f0    0000034c     USS_SW_CCS_large_code_large_data.lib : USS_computeAbsTOF_hilbertWide.obj (.text:USS_computeAbsTOF_hilbertWide)
                  0001263c    000002d4     ussSwLibCalibration.obj (.text:USS_verifyHSPLLFrequency)
                  00012910    00000278     ussSwLibCommonSAPH.obj (.text:commonValidateSAPHconfigruation)
                  00012b88    00000250     USS_SW_CCS_large_code_large_data.lib : USS_support_lea.obj (.text:USS_corrN)
                  00012dd8    00000244                                          : USS_computeAbsTOF_lobe.obj (.text:USS_computeAbsTOF_lobe_search)
                  0001301c    00000228                                          : USS_updateADCParams.obj (.text:USS_updateADCParams)
                  00013244    00000226                                          : USS_computeDeltaTOF_estimate.obj (.text:USS_runSampleCorrection)
                  0001346a    00000208                                          : USS_computeDeltaTOF_water.obj (.text:USS_runSampleCorrection)
                  00013672    000001ec                                          : ussSwLibAlgorithms.obj (.text:privateRunAlg)
                  0001385e    000001d4     ussSwLibConfiguration.obj (.text:USS_updateSAPHConfiguration)
                  00013a32    000001d4     IQmathLib_CCS_MPY32_5xx_6xx_CPUX_large_code_large_data.lib : _IQNdiv.o (.text:_IQ16div)
                  00013c06    000001d4                                                                : _IQNdiv.o (.text:_IQ21div)
                  00013dda    000001d4                                                                : _IQNdiv.o (.text:_IQ27div)
                  00013fae    000001d2     USS_SW_CCS_large_code_large_data.lib : USS_run.obj (.text:USS_run)
                  00014180    000001d2     IQmathLib_CCS_MPY32_5xx_6xx_CPUX_large_code_large_data.lib : _IQNdiv.o (.text:_IQ28div)
                  00014352    000001c2                                                                : _IQNdiv.o (.text:_IQ30div)
                  00014514    00000190     USS_SW_CCS_large_code_large_data.lib : USS_computeDeltaTOF_estimate.obj (.text:USS_generateWindow)
                  000146a4    00000164                                          : ussSwLibAlgorithms.obj (.text:USS_updateClockRelativeError)
                  00014808    00000162     ussSwLibCommonSAPH.obj (.text:commonConfigurePPGDutyCyle)
                  0001496a    00000160     USS_SW_CCS_large_code_large_data.lib : USS_computeDeltaTOF_water.obj (.text:USS_generateWindow)
                  00014aca    00000132     rts430x_lc_ld_eabi.lib : fs_add.asm.obj (.text)
                  00014bfc    00000114     ussSwLibConfiguration.obj (.text:USS_updateHSPLLConfiguration)
                  00014d10    000000d6     main.obj (.text:main)
                  00014de6    000000d0     USS_SW_CCS_large_code_large_data.lib : USS_support_lea.obj (.text:USS_calculateMax)
                  00014eb6    000000ca     ussSwLibCommonHSPLL.obj (.text:commonGetHSPLLFreqInHz)
                  00014f80    000000ca     USS_SW_CCS_large_code_large_data.lib : ussSwLibCommonAlgorithms.obj (.text:commonGetPLLFreqInHz)
                  0001504a    000000be     QmathLib_CCS_MPY32_5xx_6xx_CPUX_large_code_large_data.lib : _QNdiv.o (.text:_Q15div)
                  00015108    000000ba     ussSwLibMeasurement.obj (.text:USS_commonTriggerSingleCapture)
                  000151c2    000000ba     USS_SW_CCS_large_code_large_data.lib : ussSwLibAlgorithms.obj (.text:USS_getResultsInFloat)
                  0001527c    000000ba     ussSwLibCommonUSS.obj (.text:commonIsconversionSuccessfull)
                  00015336    000000b8     rts430x_lc_ld_eabi.lib : fs_mpy.asm.obj (.text)
                  000153ee    000000b6     USS_SW_CCS_large_code_large_data.lib : ussSwLibAlgorithms.obj (.text:privatePadCaptures)
                  000154a4    000000ae                                          : USS_filter.obj (.text:USS_filter)
                  00015552    00000096     ussSwLibCommonUSS.obj (.text:commonUpdateUSSULPbiasDelay)
                  000155e8    00000090     rts430x_lc_ld_eabi.lib : fs_div.asm.obj (.text)
                  00015678    0000008a     USS_SW_CCS_large_code_large_data.lib : USS_computeVolumeFlowRate_gas.obj (.text:USS_computeVolumeFlowRate_gas)
                  00015702    0000008a                                          : USS_computeVolumeFlowRate_water.obj (.text:USS_computeVolumeFlowRate_water)
                  0001578c    00000084     system_pre_init.obj (.text:_system_pre_init)
                  00015810    00000082     USS_SW_CCS_large_code_large_data.lib : USS_cosInterpolation.obj (.text:USS_generateOmega)
                  00015892    00000082     ussSwLibConfiguration.obj (.text:USS_updateSDHSConfiguration)
                  00015914    00000080     IQmathLib_CCS_MPY32_5xx_6xx_CPUX_large_code_large_data.lib : __IQNrsmpy.o (.text:_IQ15rsmpy)
                  00015994    00000080     ussSwLibCommonTimer.obj (.text:commonTimerGenerateLowPowerDelay)
                  00015a14    0000007e     IQmathLib_CCS_MPY32_5xx_6xx_CPUX_large_code_large_data.lib : __IQNrsmpy.o (.text:_IQ19rsmpy)
                  00015a92    0000007e     rts430x_lc_ld_eabi.lib : fs_tol.asm.obj (.text)
                  00015b10    0000007c     IQmathLib_CCS_MPY32_5xx_6xx_CPUX_large_code_large_data.lib : __IQNrsmpy.o (.text:_IQ30rsmpy)
                  00015b8c    0000007a     ussSwLibCommonSDHS.obj (.text:commonValidateSDHSconfigruation)
                  00015c06    00000078     rts430x_lc_ld_eabi.lib : autoinit.c.obj (.text:__TI_auto_init_nobinit_nopinit_hold_wdt:__TI_auto_init_nobinit_nopinit_hold_wdt)
                  00015c7e    00000074     USS_SW_CCS_large_code_large_data.lib : ussSwLibAlgorithms.obj (.text:USS_runAlgorithmsFixedPoint)
                  00015cf2    00000072     IQmathLib_CCS_MPY32_5xx_6xx_CPUX_large_code_large_data.lib : _IQNtoF.o (.text:_IQ16toF)
                  00015d64    00000072                                                                : _IQNtoF.o (.text:_IQ21toF)
                  00015dd6    00000072                                                                : _IQNtoF.o (.text:_IQ27toF)
                  00015e48    00000072                                                                : _IQNtoF.o (.text:_IQ30toF)
                  00015eba    0000006c     ussSwLibMeasurement.obj (.text:USS_startLowPowerUltrasonicCapture)
                  00015f26    00000068     rts430x_lc_ld_eabi.lib : fs_toi.asm.obj (.text)
                  00015f8e    00000066     USS_SW_CCS_large_code_large_data.lib : ussSwLibCommonAlgorithms.obj (.text:commonValidateAlgorithmsConfiguration)
                  00015ff4    00000060                                          : ussSwLibCommonAlgorithms.obj (.text:commonValidateMeterConstantConfiguration)
                  00016054    0000005e                                          : USS_support_lea.obj (.text:USS_addOffset)
                  000160b2    0000005e                                          : USS_support_lea.obj (.text:USS_lea_invokeCommand)
                  00016110    0000005e                                          : USS_support_lea.obj (.text:USS_scaleSamples)
                  0001616e    0000005c     IQmathLib_CCS_MPY32_5xx_6xx_CPUX_large_code_large_data.lib : __IQNmpy.o (.text:_IQ21mpy)
                  000161ca    0000005c     rts430x_lc_ld_eabi.lib : mult64_f5hw.asm.obj (.text:__mpyll)
                  00016226    0000005a     ussSwLibCommonUSS.obj (.text:commonWaitForconversion)
                  00016280    00000058     rts430x_lc_ld_eabi.lib : div32u.asm.obj (.text)
                  000162d8    00000056     IQmathLib_CCS_MPY32_5xx_6xx_CPUX_large_code_large_data.lib : __IQNrmpy.o (.text:_IQ12rmpy)
                  0001632e    00000054     USS_SW_CCS_large_code_large_data.lib : USS_support_lea.obj (.text:USS_addSamples)
                  00016382    00000054                                          : USS_support_lea.obj (.text:USS_corr)
                  000163d6    00000054     IQmathLib_CCS_MPY32_5xx_6xx_CPUX_large_code_large_data.lib : __IQNmpy.o (.text:_IQ20mpy)
                  0001642a    00000054     rts430x_lc_ld_eabi.lib : rem64u.c.obj (.text:__mspabi_remull)
                  0001647e    00000052     USS_SW_CCS_large_code_large_data.lib : USS_support_lea.obj (.text:USS_fir)
                  000164d0    00000052     main.obj (.text:uartTxHexByte)
                  00016522    00000050     USS_SW_CCS_large_code_large_data.lib : USS_support_lea.obj (.text:USS_copyArrayRight)
                  00016572    00000050     main.obj (.text:uartTxUSSResult)
                  000165c2    0000004e     USS_SW_CCS_large_code_large_data.lib : USS_support_lea.obj (.text:USS_copyArrayLeft)
                  00016610    0000004e                                          : USS_lea.obj (.text:USS_lea_init)
                  0001665e    0000004e     IQmathLib_CCS_MPY32_5xx_6xx_CPUX_large_code_large_data.lib : __IQNmpy.o (.text:_IQ19mpy)
                  000166ac    0000004e     QmathLib_CCS_MPY32_5xx_6xx_CPUX_large_code_large_data.lib : __QNrmpy.o (.text:_Q12rmpy)
                  000166fa    0000004e     ussSwLibCommonTimer.obj (.text:commonTimerConfigureTimer)
                  00016748    0000004c     ussSwLibConfiguration.obj (.text:USS_updateUSSInterruptsConfiguration)
                  00016794    0000004c     ussSwLibCommonTimer.obj (.text:commonTimerConfigurePeriodMeasurement)
                  000167e0    0000004c     rts430x_lc_ld_eabi.lib : fs_toul.asm.obj (.text)
                  0001682c    0000004a     ussSwLibMeasurement.obj (.text:USS_configureUltrasonicMeasurement)
                  00016876    0000004a     IQmathLib_CCS_MPY32_5xx_6xx_CPUX_large_code_large_data.lib : __IQNmpy.o (.text:_IQ24mpy)
                  000168c0    00000048                                                                : __IQNmpy.o (.text:_IQ30mpy)
                  00016908    00000048     ussSwLibCommonTimer.obj (.text:commonTimerWaitEvent)
                  00016950    00000046     USS_SW_CCS_large_code_large_data.lib : USS_support_lea.obj (.text:USS_copy)
                  00016996    00000040     ussSwLibCommonUSS.obj (.text:commonDetermineVariant)
                  000169d6    00000040     rts430x_lc_ld_eabi.lib : div32s.asm.obj (.text)
                  00016a16    0000003e     ussSwLibCommonSDHS.obj (.text:commonSDHSConfigModOpt)
                  00016a54    0000003e     rts430x_lc_ld_eabi.lib : asr32.asm.obj (.text:l_asr_const)
                  00016a92    0000003e                            : lsl32.asm.obj (.text:l_lsl_const)
                  00016ad0    0000003e                            : lsr32.asm.obj (.text:l_lsr_const)
                  00016b0e    0000003c     ussSwLibConfiguration.obj (.text:USS_resetUSSModule)
                  00016b4a    0000003c     ussSwLibCommonSDHS.obj (.text:commonSDHSRestoreSDHSDTCA)
                  00016b86    0000003a     rts430x_lc_ld_eabi.lib : lsl64.c.obj (.text:__mspabi_sllll)
                  00016bc0    0000003a                            : lsr64.c.obj (.text:__mspabi_srlll)
                  00016bfa    00000038     USS_SW_CCS_large_code_large_data.lib : USS_support_lea.obj (.text:USS_zeroInit)
                  00016c32    00000038     ussSwLibCommonTimer.obj (.text:commonTimerConfigureTick)
                  00016c6a    00000036     rts430x_lc_ld_eabi.lib : fs_itof.asm.obj (.text)
                  00016ca0    00000034     ussSwLibCommonTimer.obj (.text:commonTimerPeriodMeasurementClear)
                  00016cd4    00000032     ussSwLibCommonInterrupts.obj (.text:commonDisableCaptureInterrupts)
                  00016d06    00000032     ussSwLibCommonUSS.obj (.text:commonPrepareForUSSPowerUp)
                  00016d38    00000032     rts430x_lc_ld_eabi.lib : fs_ultof.asm.obj (.text)
                  00016d6a    00000030     USS_SW_CCS_large_code_large_data.lib : ussSwLibAlgorithms.obj (.text:USS_getDNSPtr)
                  00016d9a    00000030                                          : ussSwLibAlgorithms.obj (.text:USS_getUPSPtr)
                  00016dca    00000030     ussSwLibCommonTimer.obj (.text:commonTimerConfigureDelay)
                  00016dfa    0000002e     ussSwLibCommonHSPLL.obj (.text:commonValidateHSPLLconfiguration)
                  00016e28    0000002c     ussSwLibAlgorithm.obj (.text:USS_runAlgorithms)
                  00016e54    0000002c     MSPMPU_INIT_LIB_CCS_msp430_large_code_large_data.lib : mpu_init.o (.text:__mpu_init)
                  00016e80    0000002c     rts430x_lc_ld_eabi.lib : mult3264_f5hw.asm.obj (.text:__mpyull)
                  00016eac    00000028     ussSwLibCommonInterrupts.obj (.text:commonEnableCommonCaptureInterrupts)
                  00016ed4    00000028     ussSwLibCommonTimer.obj (.text:commonTimerPeriodMeasurementStart)
                  00016efc    00000026     ussSwLibCommonTimer.obj (.text:commonTimerWaitTickEvent)
                  00016f22    00000024     ussSwLibCommonTimer.obj (.text:commonTimerPeriodMeasurementDisableInterrupts)
                  00016f46    00000024     rts430x_lc_ld_eabi.lib : copy_zero_init.c.obj (.text:decompress:ZI:__TI_zero_init)
                  00016f6a    00000024                            : fs_utof.asm.obj (.text)
                  00016f8e    00000024                            : mult32_f5hw.asm.obj (.text)
                  00016fb2    0000001e     ussSwLibConfiguration.obj (.text:USS_updateUUPSConfiguration)
                  00016fd0    0000001e     ussSwLibCommonUSS.obj (.text:commonDetermineSiliconVersion)
                  00016fee    0000001e     ussSwLibCommonUSS.obj (.text:commonPowerUpUSS)
                  0001700c    0000001c     rts430x_lc_ld_eabi.lib : mult1632_f5hw.asm.obj (.text:__mpysl)
                  00017028    00000018                            : mult16_f5hw.asm.obj (.text)
                  00017040    00000012     ussSwLibMeasurement.obj (.text:USS_waitForAppTimerElapse)
                  00017052    00000010     ussSwLibCommonHSPLL.obj (.text:commonStabilizeOscillator)
                  00017062    00000010     rts430x_lc_ld_eabi.lib : lsr32.asm.obj (.text:l_lsr)
                  00017072    0000000e     ussSwLibMeasurement.obj (.text:USS_configAppTimerPeriod)
                  00017080    0000000e     rts430x_lc_ld_eabi.lib : labs.c.obj (.text:labs)
                  0001708e    0000000c     ussSwLibCommonInterrupts.obj (.text:commonEnableCaptureInterrupts)
                  0001709a    0000000a     ussSwLibISR.obj (.text:USS_registerHSPLLInterruptCallback)
                  000170a4    0000000a     rts430x_lc_ld_eabi.lib : abs.c.obj (.text:abs)
                  000170ae    0000000a     ussSwLibCommonTimer.obj (.text:commonTimerPeriodMeasurementWaitEvent1)
                  000170b8    0000000a     ussSwLibCommonTimer.obj (.text:commonTimerPeriodMeasurementWaitEvent2)
                  000170c2    0000000a     main.obj (.text:handlePllUnlockEvent)
                  000170cc    0000000a     rts430x_lc_ld_eabi.lib : lsr16.asm.obj (.text)
                  000170d6    00000006                            : exit.c.obj (.text:abort)
                  000170dc    00000004     ussSwLibVFRCalib.obj (.text:USS_calibrateVolumeFlowRate)
                  000170e0    00000002     rts430x_lc_ld_eabi.lib : startup.c.obj (.text:_system_post_cinit)

MODULE SUMMARY

       Module                                code    ro data   rw data
       ------                                ----    -------   -------
    ./
       main.obj                              386     0         0      
       system_pre_init.obj                   132     0         0      
    +--+-------------------------------------+-------+---------+---------+
       Total:                                518     0         0      
                                                                      
    ./USS_Config/
       USS_userConfig.obj                    0       0         5508   
    +--+-------------------------------------+-------+---------+---------+
       Total:                                0       0         5508   
                                                                      
    ./ussSWLib/USS_HAL/
       USS_Lib_HAL.obj                       500     16        58     
    +--+-------------------------------------+-------+---------+---------+
       Total:                                500     16        58     
                                                                      
    ./ussSWLib/source/
       ussSwLibConfiguration.obj             1040    0         0      
       ussSwLibCalibration.obj               724     0         0      
       ussSwLibMeasurement.obj               400     0         0      
       ussSwLibAlgorithm.obj                 44      0         0      
       ussSwLibISR.obj                       10      0         4      
       ussSwLibVFRCalib.obj                  4       0         0      
    +--+-------------------------------------+-------+---------+---------+
       Total:                                2222    0         4      
                                                                      
    ./ussSWLib/source/common/
       ussSwLibCommonSAPH.obj                986     0         0      
       ussSwLibCommonTimer.obj               644     0         0      
       ussSwLibCommonUSS.obj                 600     0         0      
       ussSwLibCommonHSPLL.obj               264     0         0      
       ussSwLibCommonSDHS.obj                244     0         0      
       ussSwLibCommonInterrupts.obj          102     0         0      
    +--+-------------------------------------+-------+---------+---------+
       Total:                                2840    0         0      
                                                                      
    /home/nikhil/ti/ccs1210/ccs/ccs_base/msp430/lib/FR59xx/MSPMPU_INIT_LIB_CCS_msp430_large_code_large_data.lib
       mpu_init.o                            44      0         0      
    +--+-------------------------------------+-------+---------+---------+
       Total:                                44      0         0      
                                                                      
    /home/nikhil/ti/ccs1210/ccs/tools/compiler/ti-cgt-msp430_21.6.0.LTS/lib/rts430x_lc_ld_eabi.lib
       div64u.c.obj                          846     0         0      
       fs_add.asm.obj                        306     0         0      
       fs_mpy.asm.obj                        184     0         0      
       fs_div.asm.obj                        144     0         0      
       fs_tol.asm.obj                        126     0         0      
       autoinit.c.obj                        120     0         0      
       fs_toi.asm.obj                        104     0         0      
       mult64_f5hw.asm.obj                   92      0         0      
       div32u.asm.obj                        88      0         0      
       rem64u.c.obj                          84      0         0      
       lsr32.asm.obj                         78      0         0      
       fs_toul.asm.obj                       76      0         0      
       div32s.asm.obj                        64      0         0      
       asr32.asm.obj                         62      0         0      
       lsl32.asm.obj                         62      0         0      
       lsl64.c.obj                           58      0         0      
       lsr64.c.obj                           58      0         0      
       fs_itof.asm.obj                       54      0         0      
       fs_ultof.asm.obj                      50      0         0      
       mult3264_f5hw.asm.obj                 44      0         0      
       copy_zero_init.c.obj                  36      0         0      
       fs_utof.asm.obj                       36      0         0      
       mult32_f5hw.asm.obj                   36      0         0      
       boot.c.obj                            32      2         0      
       mult1632_f5hw.asm.obj                 28      0         0      
       mult16_f5hw.asm.obj                   24      0         0      
       labs.c.obj                            14      0         0      
       abs.c.obj                             10      0         0      
       lsr16.asm.obj                         10      0         0      
       isr_trap.asm.obj                      8       0         0      
       exit.c.obj                            6       0         0      
       int19.asm.obj                         0       2         0      
       int20.asm.obj                         0       2         0      
       int21.asm.obj                         0       2         0      
       int22.asm.obj                         0       2         0      
       int23.asm.obj                         0       2         0      
       int24.asm.obj                         0       2         0      
       int25.asm.obj                         0       2         0      
       int26.asm.obj                         0       2         0      
       int27.asm.obj                         0       2         0      
       int28.asm.obj                         0       2         0      
       int29.asm.obj                         0       2         0      
       int30.asm.obj                         0       2         0      
       int31.asm.obj                         0       2         0      
       int32.asm.obj                         0       2         0      
       int33.asm.obj                         0       2         0      
       int34.asm.obj                         0       2         0      
       int35.asm.obj                         0       2         0      
       int36.asm.obj                         0       2         0      
       int37.asm.obj                         0       2         0      
       int38.asm.obj                         0       2         0      
       int39.asm.obj                         0       2         0      
       int43.asm.obj                         0       2         0      
       int44.asm.obj                         0       2         0      
       int45.asm.obj                         0       2         0      
       int46.asm.obj                         0       2         0      
       int47.asm.obj                         0       2         0      
       int48.asm.obj                         0       2         0      
       int49.asm.obj                         0       2         0      
       int50.asm.obj                         0       2         0      
       int51.asm.obj                         0       2         0      
       int52.asm.obj                         0       2         0      
       int53.asm.obj                         0       2         0      
       int54.asm.obj                         0       2         0      
       startup.c.obj                         2       0         0      
    +--+-------------------------------------+-------+---------+---------+
       Total:                                2942    68        0      
                                                                      
    /home/nikhil/ti/msp/USS_02_40_00_00/USS/lib/IQMathLibrary/libraries/CCS/MPY32/5xx_6xx/IQmathLib_CCS_MPY32_5xx_6xx_CPUX_large_code_large_data.lib
       _IQNdiv.o                             2320    0         0      
       _IQNtoF.o                             456     0         0      
       __IQNmpy.o                            400     0         0      
       __IQNrsmpy.o                          378     0         0      
       __IQNrmpy.o                           86      0         0      
       _IQNtables.o                          0       65        0      
    +--+-------------------------------------+-------+---------+---------+
       Total:                                3640    65        0      
                                                                      
    /home/nikhil/ti/msp/USS_02_40_00_00/USS/lib/IQMathLibrary/libraries/CCS/MPY32/5xx_6xx/QmathLib_CCS_MPY32_5xx_6xx_CPUX_large_code_large_data.lib
       _QNtables.o                           0       256       0      
       _QNdiv.o                              190     0         0      
       __QNrmpy.o                            78      0         0      
    +--+-------------------------------------+-------+---------+---------+
       Total:                                268     256       0      
                                                                      
    /home/nikhil/ti/msp/USS_02_40_00_00/USS/lib/USS/CCS/USS_SW_CCS_large_code_large_data.lib
       ussSwLibAlgorithms.obj                2606    0         346    
       USS_init.obj                          2706    0         0      
       USS_computeDeltaTOF_estimate.obj      2184    0         0      
       USS_computeAbsTOF_lobeWide.obj        2134    0         0      
       USS_support_lea.obj                   2032    0         0      
       USS_computeDeltaTOF_water.obj         1718    0         0      
       USS_math.obj                          1076    0         8      
       USS_computeAbsTOF_lobe.obj            1044    0         0      
       USS_computeAbsTOF_hilbertWide.obj     844     0         0      
       USS_computeAbsTOF_hilbert.obj         662     0         0      
       USS_updateADCParams.obj               552     0         0      
       USS_run.obj                           466     0         0      
       ussSwLibCommonAlgorithms.obj          400     8         0      
       USS_cosInterpolation.obj              344     0         0      
       USS_filter.obj                        174     0         0      
       USS_computeVolumeFlowRate_gas.obj     138     0         0      
       USS_computeVolumeFlowRate_water.obj   138     0         0      
       USS_lea.obj                           78      0         26     
    +--+-------------------------------------+-------+---------+---------+
       Total:                                19296   8         380    
                                                                      
       Stack:                                0       0         512    
       Linker Generated:                     0       32        0      
    +--+-------------------------------------+-------+---------+---------+
       Grand Total:                          32270   445       6462   


LINKER GENERATED COPY TABLES

__TI_cinit_table @ 00005a7e records: 2, size/record: 8, table size: 16
	.bss: load addr=00005a6e, load size=00000006 bytes, run addr=00001c00, run size=00000122 bytes, compression=zero_init
	.leaRAM: load addr=00005a74, load size=00000006 bytes, run addr=00002c00, run size=00000a38 bytes, compression=zero_init


LINKER GENERATED HANDLER TABLE

__TI_handler_table @ 00005a7a records: 1, size/record: 4, table size: 4
	index: 0, handler: __TI_zero_init


GLOBAL SYMBOLS: SORTED ALPHABETICALLY BY Name 

address   name                                         
-------   ----                                         
00000800  ADC12CTL0                                    
00000801  ADC12CTL0_H                                  
00000800  ADC12CTL0_L                                  
00000802  ADC12CTL1                                    
00000803  ADC12CTL1_H                                  
00000802  ADC12CTL1_L                                  
00000804  ADC12CTL2                                    
00000805  ADC12CTL2_H                                  
00000804  ADC12CTL2_L                                  
00000806  ADC12CTL3                                    
00000807  ADC12CTL3_H                                  
00000806  ADC12CTL3_L                                  
0000080a  ADC12HI                                      
0000080b  ADC12HI_H                                    
0000080a  ADC12HI_L                                    
00000812  ADC12IER0                                    
00000813  ADC12IER0_H                                  
00000812  ADC12IER0_L                                  
00000814  ADC12IER1                                    
00000815  ADC12IER1_H                                  
00000814  ADC12IER1_L                                  
00000816  ADC12IER2                                    
00000817  ADC12IER2_H                                  
00000816  ADC12IER2_L                                  
0000080c  ADC12IFGR0                                   
0000080d  ADC12IFGR0_H                                 
0000080c  ADC12IFGR0_L                                 
0000080e  ADC12IFGR1                                   
0000080f  ADC12IFGR1_H                                 
0000080e  ADC12IFGR1_L                                 
00000810  ADC12IFGR2                                   
00000811  ADC12IFGR2_H                                 
00000810  ADC12IFGR2_L                                 
00000818  ADC12IV                                      
00000819  ADC12IV_H                                    
00000818  ADC12IV_L                                    
00000808  ADC12LO                                      
00000809  ADC12LO_H                                    
00000808  ADC12LO_L                                    
00000820  ADC12MCTL0                                   
00000821  ADC12MCTL0_H                                 
00000820  ADC12MCTL0_L                                 
00000822  ADC12MCTL1                                   
00000834  ADC12MCTL10                                  
00000835  ADC12MCTL10_H                                
00000834  ADC12MCTL10_L                                
00000836  ADC12MCTL11                                  
00000837  ADC12MCTL11_H                                
00000836  ADC12MCTL11_L                                
00000838  ADC12MCTL12                                  
00000839  ADC12MCTL12_H                                
00000838  ADC12MCTL12_L                                
0000083a  ADC12MCTL13                                  
0000083b  ADC12MCTL13_H                                
0000083a  ADC12MCTL13_L                                
0000083c  ADC12MCTL14                                  
0000083d  ADC12MCTL14_H                                
0000083c  ADC12MCTL14_L                                
0000083e  ADC12MCTL15                                  
0000083f  ADC12MCTL15_H                                
0000083e  ADC12MCTL15_L                                
00000840  ADC12MCTL16                                  
00000841  ADC12MCTL16_H                                
00000840  ADC12MCTL16_L                                
00000842  ADC12MCTL17                                  
00000843  ADC12MCTL17_H                                
00000842  ADC12MCTL17_L                                
00000844  ADC12MCTL18                                  
00000845  ADC12MCTL18_H                                
00000844  ADC12MCTL18_L                                
00000846  ADC12MCTL19                                  
00000847  ADC12MCTL19_H                                
00000846  ADC12MCTL19_L                                
00000823  ADC12MCTL1_H                                 
00000822  ADC12MCTL1_L                                 
00000824  ADC12MCTL2                                   
00000848  ADC12MCTL20                                  
00000849  ADC12MCTL20_H                                
00000848  ADC12MCTL20_L                                
0000084a  ADC12MCTL21                                  
0000084b  ADC12MCTL21_H                                
0000084a  ADC12MCTL21_L                                
0000084c  ADC12MCTL22                                  
0000084d  ADC12MCTL22_H                                
0000084c  ADC12MCTL22_L                                
0000084e  ADC12MCTL23                                  
0000084f  ADC12MCTL23_H                                
0000084e  ADC12MCTL23_L                                
00000850  ADC12MCTL24                                  
00000851  ADC12MCTL24_H                                
00000850  ADC12MCTL24_L                                
00000852  ADC12MCTL25                                  
00000853  ADC12MCTL25_H                                
00000852  ADC12MCTL25_L                                
00000854  ADC12MCTL26                                  
00000855  ADC12MCTL26_H                                
00000854  ADC12MCTL26_L                                
00000856  ADC12MCTL27                                  
00000857  ADC12MCTL27_H                                
00000856  ADC12MCTL27_L                                
00000858  ADC12MCTL28                                  
00000859  ADC12MCTL28_H                                
00000858  ADC12MCTL28_L                                
0000085a  ADC12MCTL29                                  
0000085b  ADC12MCTL29_H                                
0000085a  ADC12MCTL29_L                                
00000825  ADC12MCTL2_H                                 
00000824  ADC12MCTL2_L                                 
00000826  ADC12MCTL3                                   
0000085c  ADC12MCTL30                                  
0000085d  ADC12MCTL30_H                                
0000085c  ADC12MCTL30_L                                
0000085e  ADC12MCTL31                                  
0000085f  ADC12MCTL31_H                                
0000085e  ADC12MCTL31_L                                
00000827  ADC12MCTL3_H                                 
00000826  ADC12MCTL3_L                                 
00000828  ADC12MCTL4                                   
00000829  ADC12MCTL4_H                                 
00000828  ADC12MCTL4_L                                 
0000082a  ADC12MCTL5                                   
0000082b  ADC12MCTL5_H                                 
0000082a  ADC12MCTL5_L                                 
0000082c  ADC12MCTL6                                   
0000082d  ADC12MCTL6_H                                 
0000082c  ADC12MCTL6_L                                 
0000082e  ADC12MCTL7                                   
0000082f  ADC12MCTL7_H                                 
0000082e  ADC12MCTL7_L                                 
00000830  ADC12MCTL8                                   
00000831  ADC12MCTL8_H                                 
00000830  ADC12MCTL8_L                                 
00000832  ADC12MCTL9                                   
00000833  ADC12MCTL9_H                                 
00000832  ADC12MCTL9_L                                 
00000860  ADC12MEM0                                    
00000861  ADC12MEM0_H                                  
00000860  ADC12MEM0_L                                  
00000862  ADC12MEM1                                    
00000874  ADC12MEM10                                   
00000875  ADC12MEM10_H                                 
00000874  ADC12MEM10_L                                 
00000876  ADC12MEM11                                   
00000877  ADC12MEM11_H                                 
00000876  ADC12MEM11_L                                 
00000878  ADC12MEM12                                   
00000879  ADC12MEM12_H                                 
00000878  ADC12MEM12_L                                 
0000087a  ADC12MEM13                                   
0000087b  ADC12MEM13_H                                 
0000087a  ADC12MEM13_L                                 
0000087c  ADC12MEM14                                   
0000087d  ADC12MEM14_H                                 
0000087c  ADC12MEM14_L                                 
0000087e  ADC12MEM15                                   
0000087f  ADC12MEM15_H                                 
0000087e  ADC12MEM15_L                                 
00000880  ADC12MEM16                                   
00000881  ADC12MEM16_H                                 
00000880  ADC12MEM16_L                                 
00000882  ADC12MEM17                                   
00000883  ADC12MEM17_H                                 
00000882  ADC12MEM17_L                                 
00000884  ADC12MEM18                                   
00000885  ADC12MEM18_H                                 
00000884  ADC12MEM18_L                                 
00000886  ADC12MEM19                                   
00000887  ADC12MEM19_H                                 
00000886  ADC12MEM19_L                                 
00000863  ADC12MEM1_H                                  
00000862  ADC12MEM1_L                                  
00000864  ADC12MEM2                                    
00000888  ADC12MEM20                                   
00000889  ADC12MEM20_H                                 
00000888  ADC12MEM20_L                                 
0000088a  ADC12MEM21                                   
0000088b  ADC12MEM21_H                                 
0000088a  ADC12MEM21_L                                 
0000088c  ADC12MEM22                                   
0000088d  ADC12MEM22_H                                 
0000088c  ADC12MEM22_L                                 
0000088e  ADC12MEM23                                   
0000088f  ADC12MEM23_H                                 
0000088e  ADC12MEM23_L                                 
00000890  ADC12MEM24                                   
00000891  ADC12MEM24_H                                 
00000890  ADC12MEM24_L                                 
00000892  ADC12MEM25                                   
00000893  ADC12MEM25_H                                 
00000892  ADC12MEM25_L                                 
00000894  ADC12MEM26                                   
00000895  ADC12MEM26_H                                 
00000894  ADC12MEM26_L                                 
00000896  ADC12MEM27                                   
00000897  ADC12MEM27_H                                 
00000896  ADC12MEM27_L                                 
00000898  ADC12MEM28                                   
00000899  ADC12MEM28_H                                 
00000898  ADC12MEM28_L                                 
0000089a  ADC12MEM29                                   
0000089b  ADC12MEM29_H                                 
0000089a  ADC12MEM29_L                                 
00000865  ADC12MEM2_H                                  
00000864  ADC12MEM2_L                                  
00000866  ADC12MEM3                                    
0000089c  ADC12MEM30                                   
0000089d  ADC12MEM30_H                                 
0000089c  ADC12MEM30_L                                 
0000089e  ADC12MEM31                                   
0000089f  ADC12MEM31_H                                 
0000089e  ADC12MEM31_L                                 
00000867  ADC12MEM3_H                                  
00000866  ADC12MEM3_L                                  
00000868  ADC12MEM4                                    
00000869  ADC12MEM4_H                                  
00000868  ADC12MEM4_L                                  
0000086a  ADC12MEM5                                    
0000086b  ADC12MEM5_H                                  
0000086a  ADC12MEM5_L                                  
0000086c  ADC12MEM6                                    
0000086d  ADC12MEM6_H                                  
0000086c  ADC12MEM6_L                                  
0000086e  ADC12MEM7                                    
0000086f  ADC12MEM7_H                                  
0000086e  ADC12MEM7_L                                  
00000870  ADC12MEM8                                    
00000871  ADC12MEM8_H                                  
00000870  ADC12MEM8_L                                  
00000872  ADC12MEM9                                    
00000873  ADC12MEM9_H                                  
00000872  ADC12MEM9_L                                  
000009c0  AESACTL0                                     
000009c1  AESACTL0_H                                   
000009c0  AESACTL0_L                                   
000009c2  AESACTL1                                     
000009c3  AESACTL1_H                                   
000009c2  AESACTL1_L                                   
000009c8  AESADIN                                      
000009c9  AESADIN_H                                    
000009c8  AESADIN_L                                    
000009ca  AESADOUT                                     
000009cb  AESADOUT_H                                   
000009ca  AESADOUT_L                                   
000009c6  AESAKEY                                      
000009c7  AESAKEY_H                                    
000009c6  AESAKEY_L                                    
000009c4  AESASTAT                                     
000009c5  AESASTAT_H                                   
000009c4  AESASTAT_L                                   
000009cc  AESAXDIN                                     
000009cd  AESAXDIN_H                                   
000009cc  AESAXDIN_L                                   
000009ce  AESAXIN                                      
000009cf  AESAXIN_H                                    
000009ce  AESAXIN_L                                    
000004be  BCD2BIN                                      
000004bf  BCD2BIN_H                                    
000004be  BCD2BIN_L                                    
000004bc  BIN2BCD                                      
000004bd  BIN2BCD_H                                    
000004bc  BIN2BCD_L                                    
000170d6  C$$EXIT                                      
0000043e  CAPTIO0CTL                                   
0000043f  CAPTIO0CTL_H                                 
0000043e  CAPTIO0CTL_L                                 
0000047e  CAPTIO1CTL                                   
0000047f  CAPTIO1CTL_H                                 
0000047e  CAPTIO1CTL_L                                 
000008c0  CECTL0                                       
000008c1  CECTL0_H                                     
000008c0  CECTL0_L                                     
000008c2  CECTL1                                       
000008c3  CECTL1_H                                     
000008c2  CECTL1_L                                     
000008c4  CECTL2                                       
000008c5  CECTL2_H                                     
000008c4  CECTL2_L                                     
000008c6  CECTL3                                       
000008c7  CECTL3_H                                     
000008c6  CECTL3_L                                     
000008cc  CEINT                                        
000008cd  CEINT_H                                      
000008cc  CEINT_L                                      
000008ce  CEIV                                         
000008cf  CEIV_H                                       
000008ce  CEIV_L                                       
00000996  CRC16DIRBW0                                  
00000997  CRC16DIRBW0_H                                
00000996  CRC16DIRBW0_L                                
00000990  CRC16DIW0                                    
00000991  CRC16DIW0_H                                  
00000990  CRC16DIW0_L                                  
00000998  CRC16INIRESW0                                
00000999  CRC16INIRESW0_H                              
00000998  CRC16INIRESW0_L                              
0000099e  CRC16RESRW0                                  
0000099f  CRC16RESRW0_H                                
0000099e  CRC16RESRW0_L                                
00000986  CRC32DIRBW0                                  
00000987  CRC32DIRBW0_H                                
00000986  CRC32DIRBW0_L                                
00000984  CRC32DIRBW1                                  
00000985  CRC32DIRBW1_H                                
00000984  CRC32DIRBW1_L                                
00000980  CRC32DIW0                                    
00000981  CRC32DIW0_H                                  
00000980  CRC32DIW0_L                                  
00000982  CRC32DIW1                                    
00000983  CRC32DIW1_H                                  
00000982  CRC32DIW1_L                                  
00000988  CRC32INIRESW0                                
00000989  CRC32INIRESW0_H                              
00000988  CRC32INIRESW0_L                              
0000098a  CRC32INIRESW1                                
0000098b  CRC32INIRESW1_H                              
0000098a  CRC32INIRESW1_L                              
0000098e  CRC32RESRW0                                  
0000098f  CRC32RESRW0_H                                
0000098e  CRC32RESRW0_L                                
0000098c  CRC32RESRW1                                  
0000098d  CRC32RESRW1_H                                
0000098c  CRC32RESRW1_L                                
00000150  CRCDI                                        
00000152  CRCDIRB                                      
00000153  CRCDIRB_H                                    
00000152  CRCDIRB_L                                    
00000151  CRCDI_H                                      
00000150  CRCDI_L                                      
00000154  CRCINIRES                                    
00000155  CRCINIRES_H                                  
00000154  CRCINIRES_L                                  
00000156  CRCRESR                                      
00000157  CRCRESR_H                                    
00000156  CRCRESR_L                                    
00000160  CSCTL0                                       
00000161  CSCTL0_H                                     
00000160  CSCTL0_L                                     
00000162  CSCTL1                                       
00000163  CSCTL1_H                                     
00000162  CSCTL1_L                                     
00000164  CSCTL2                                       
00000165  CSCTL2_H                                     
00000164  CSCTL2_L                                     
00000166  CSCTL3                                       
00000167  CSCTL3_H                                     
00000166  CSCTL3_L                                     
00000168  CSCTL4                                       
00000169  CSCTL4_H                                     
00000168  CSCTL4_L                                     
0000016a  CSCTL5                                       
0000016b  CSCTL5_H                                     
0000016a  CSCTL5_L                                     
0000016c  CSCTL6                                       
0000016d  CSCTL6_H                                     
0000016c  CSCTL6_L                                     
00000510  DMA0CTL                                      
00000511  DMA0CTL_H                                    
00000510  DMA0CTL_L                                    
00000516  DMA0DA                                       
00000518  DMA0DAH                                      
00000516  DMA0DAL                                      
00000512  DMA0SA                                       
00000514  DMA0SAH                                      
00000512  DMA0SAL                                      
0000051a  DMA0SZ                                       
0000051b  DMA0SZ_H                                     
0000051a  DMA0SZ_L                                     
00000520  DMA1CTL                                      
00000521  DMA1CTL_H                                    
00000520  DMA1CTL_L                                    
00000526  DMA1DA                                       
00000528  DMA1DAH                                      
00000526  DMA1DAL                                      
00000522  DMA1SA                                       
00000524  DMA1SAH                                      
00000522  DMA1SAL                                      
0000052a  DMA1SZ                                       
0000052b  DMA1SZ_H                                     
0000052a  DMA1SZ_L                                     
00000530  DMA2CTL                                      
00000531  DMA2CTL_H                                    
00000530  DMA2CTL_L                                    
00000536  DMA2DA                                       
00000538  DMA2DAH                                      
00000536  DMA2DAL                                      
00000532  DMA2SA                                       
00000534  DMA2SAH                                      
00000532  DMA2SAL                                      
0000053a  DMA2SZ                                       
0000053b  DMA2SZ_H                                     
0000053a  DMA2SZ_L                                     
00000540  DMA3CTL                                      
00000541  DMA3CTL_H                                    
00000540  DMA3CTL_L                                    
00000546  DMA3DA                                       
00000548  DMA3DAH                                      
00000546  DMA3DAL                                      
00000542  DMA3SA                                       
00000544  DMA3SAH                                      
00000542  DMA3SAL                                      
0000054a  DMA3SZ                                       
0000054b  DMA3SZ_H                                     
0000054a  DMA3SZ_L                                     
00000550  DMA4CTL                                      
00000551  DMA4CTL_H                                    
00000550  DMA4CTL_L                                    
00000556  DMA4DA                                       
00000558  DMA4DAH                                      
00000556  DMA4DAL                                      
00000552  DMA4SA                                       
00000554  DMA4SAH                                      
00000552  DMA4SAL                                      
0000055a  DMA4SZ                                       
0000055b  DMA4SZ_H                                     
0000055a  DMA4SZ_L                                     
00000560  DMA5CTL                                      
00000561  DMA5CTL_H                                    
00000560  DMA5CTL_L                                    
00000566  DMA5DA                                       
00000568  DMA5DAH                                      
00000566  DMA5DAL                                      
00000562  DMA5SA                                       
00000564  DMA5SAH                                      
00000562  DMA5SAL                                      
0000056a  DMA5SZ                                       
0000056b  DMA5SZ_H                                     
0000056a  DMA5SZ_L                                     
00000500  DMACTL0                                      
00000501  DMACTL0_H                                    
00000500  DMACTL0_L                                    
00000502  DMACTL1                                      
00000503  DMACTL1_H                                    
00000502  DMACTL1_L                                    
00000504  DMACTL2                                      
00000505  DMACTL2_H                                    
00000504  DMACTL2_L                                    
00000508  DMACTL4                                      
00000509  DMACTL4_H                                    
00000508  DMACTL4_L                                    
0000050e  DMAIV                                        
0000050f  DMAIV_H                                      
0000050e  DMAIV_L                                      
0000591a  DMA_HSPLL                                    
00000140  FRCTL0                                       
00000141  FRCTL0_H                                     
00000140  FRCTL0_L                                     
00000144  GCCTL0                                       
00000145  GCCTL0_H                                     
00000144  GCCTL0_L                                     
00000146  GCCTL1                                       
00000147  GCCTL1_H                                     
00000146  GCCTL1_L                                     
00000ef0  HSPLLCTL                                     
00000ef1  HSPLLCTL_H                                   
00000ef0  HSPLLCTL_L                                   
00000eee  HSPLLDESCHI                                  
00000eef  HSPLLDESCHI_H                                
00000eee  HSPLLDESCHI_L                                
00000eec  HSPLLDESCLO                                  
00000eed  HSPLLDESCLO_H                                
00000eec  HSPLLDESCLO_L                                
00000ee8  HSPLLICR                                     
00000ee9  HSPLLICR_H                                   
00000ee8  HSPLLICR_L                                   
00000ee0  HSPLLIIDX                                    
00000ee1  HSPLLIIDX_H                                  
00000ee0  HSPLLIIDX_L                                  
00000ee6  HSPLLIMSC                                    
00000ee7  HSPLLIMSC_H                                  
00000ee6  HSPLLIMSC_L                                  
00000eea  HSPLLISR                                     
00000eeb  HSPLLISR_H                                   
00000eea  HSPLLISR_L                                   
00000ee2  HSPLLMIS                                     
00000ee3  HSPLLMIS_H                                   
00000ee2  HSPLLMIS_L                                   
00000ee4  HSPLLRIS                                     
00000ee5  HSPLLRIS_H                                   
00000ee4  HSPLLRIS_L                                   
00000ef2  HSPLLUSSXTLCTL                               
00000ef3  HSPLLUSSXTLCTL_H                             
00000ef2  HSPLLUSSXTLCTL_L                             
00005894  ISR_HSPLL                                    
000057ae  ISR_SAPH                                     
00005710  ISR_SDHS                                     
00005818  ISR_UUPS                                     
00000a04  LCDCBLKCTL                                   
00000a05  LCDCBLKCTL_H                                 
00000a04  LCDCBLKCTL_L                                 
00000a12  LCDCCPCTL                                    
00000a13  LCDCCPCTL_H                                  
00000a12  LCDCCPCTL_L                                  
00000a00  LCDCCTL0                                     
00000a01  LCDCCTL0_H                                   
00000a00  LCDCCTL0_L                                   
00000a02  LCDCCTL1                                     
00000a03  LCDCCTL1_H                                   
00000a02  LCDCCTL1_L                                   
00000a1e  LCDCIV                                       
00000a1f  LCDCIV_H                                     
00000a1e  LCDCIV_L                                     
00000a06  LCDCMEMCTL                                   
00000a07  LCDCMEMCTL_H                                 
00000a06  LCDCMEMCTL_L                                 
00000a0a  LCDCPCTL0                                    
00000a0b  LCDCPCTL0_H                                  
00000a0a  LCDCPCTL0_L                                  
00000a0c  LCDCPCTL1                                    
00000a0d  LCDCPCTL1_H                                  
00000a0c  LCDCPCTL1_L                                  
00000a0e  LCDCPCTL2                                    
00000a0f  LCDCPCTL2_H                                  
00000a0e  LCDCPCTL2_L                                  
00000a10  LCDCPCTL3                                    
00000a11  LCDCPCTL3_H                                  
00000a10  LCDCPCTL3_L                                  
00000a08  LCDCVCTL                                     
00000a09  LCDCVCTL_H                                   
00000a08  LCDCVCTL_L                                   
00000a20  LCDM1                                        
00000a29  LCDM10                                       
00000a2a  LCDM11                                       
00000a2b  LCDM12                                       
00000a2c  LCDM13                                       
00000a2d  LCDM14                                       
00000a2e  LCDM15                                       
00000a2f  LCDM16                                       
00000a30  LCDM17                                       
00000a31  LCDM18                                       
00000a32  LCDM19                                       
00000a21  LCDM2                                        
00000a33  LCDM20                                       
00000a34  LCDM21                                       
00000a35  LCDM22                                       
00000a36  LCDM23                                       
00000a37  LCDM24                                       
00000a38  LCDM25                                       
00000a39  LCDM26                                       
00000a3a  LCDM27                                       
00000a3b  LCDM28                                       
00000a3c  LCDM29                                       
00000a22  LCDM3                                        
00000a3d  LCDM30                                       
00000a3e  LCDM31                                       
00000a3f  LCDM32                                       
00000a40  LCDM33_LCDBM1                                
00000a41  LCDM34_LCDBM2                                
00000a42  LCDM35_LCDBM3                                
00000a43  LCDM36_LCDBM4                                
00000a44  LCDM37_LCDBM5                                
00000a45  LCDM38_LCDBM6                                
00000a46  LCDM39_LCDBM7                                
00000a23  LCDM4                                        
00000a47  LCDM40_LCDBM8                                
00000a48  LCDM41_LCDBM9                                
00000a49  LCDM42_LCDBM10                               
00000a4a  LCDM43_LCDBM11                               
00000a4b  LCDM44_LCDBM12                               
00000a4c  LCDM45_LCDBM13                               
00000a4d  LCDM46_LCDBM14                               
00000a4e  LCDM47_LCDBM15                               
00000a4f  LCDM48_LCDBM16                               
00000a50  LCDM49_LCDBM17                               
00000a24  LCDM5                                        
00000a51  LCDM50_LCDBM18                               
00000a52  LCDM51_LCDBM19                               
00000a53  LCDM52_LCDBM20                               
00000a25  LCDM6                                        
00000a26  LCDM7                                        
00000a27  LCDM8                                        
00000a28  LCDM9                                        
00000a80  LEACAP                                       
00000a82  LEACAPH                                      
00000a80  LEACAPL                                      
00000a98  LEACMA                                       
00000a9a  LEACMAH                                      
00000a98  LEACMAL                                      
00000a9c  LEACMCTL                                     
00000a9e  LEACMCTLH                                    
00000a9c  LEACMCTLL                                    
00000aa8  LEACMDSTAT                                   
00000aaa  LEACMDSTATH                                  
00000aa8  LEACMDSTATL                                  
00000a84  LEACNF0                                      
00000a86  LEACNF0H                                     
00000a84  LEACNF0L                                     
00000a88  LEACNF1                                      
00000a8a  LEACNF1H                                     
00000a88  LEACNF1L                                     
00000a8c  LEACNF2                                      
00000a8e  LEACNF2H                                     
00000a8c  LEACNF2L                                     
00000ab4  LEADSTSTAT                                   
00000ab6  LEADSTSTATH                                  
00000ab4  LEADSTSTATL                                  
00000af4  LEAIE                                        
00000af6  LEAIEH                                       
00000af4  LEAIEL                                       
00000af8  LEAIFG                                       
00000afa  LEAIFGH                                      
00000af8  LEAIFGL                                      
00000af0  LEAIFGSET                                    
00000af2  LEAIFGSETH                                   
[...]
00000ee0  HSPLLIIDX                                    
00000ee0  HSPLLIIDX_L                                  
00000ee1  HSPLLIIDX_H                                  
00000ee2  HSPLLMIS                                     
00000ee2  HSPLLMIS_L                                   
00000ee3  HSPLLMIS_H                                   
00000ee4  HSPLLRIS                                     
00000ee4  HSPLLRIS_L                                   
00000ee5  HSPLLRIS_H                                   
00000ee6  HSPLLIMSC                                    
00000ee6  HSPLLIMSC_L                                  
00000ee7  HSPLLIMSC_H                                  
00000ee8  HSPLLICR                                     
00000ee8  HSPLLICR_L                                   
00000ee9  HSPLLICR_H                                   
00000eea  HSPLLISR                                     
00000eea  HSPLLISR_L                                   
00000eeb  HSPLLISR_H                                   
00000eec  HSPLLDESCLO                                  
00000eec  HSPLLDESCLO_L                                
00000eed  HSPLLDESCLO_H                                
00000eee  HSPLLDESCHI                                  
00000eee  HSPLLDESCHI_L                                
00000eef  HSPLLDESCHI_H                                
00000ef0  HSPLLCTL                                     
00000ef0  HSPLLCTL_L                                   
00000ef1  HSPLLCTL_H                                   
00000ef2  HSPLLUSSXTLCTL                               
00000ef2  HSPLLUSSXTLCTL_L                             
00000ef3  HSPLLUSSXTLCTL_H                             
00000f00  MTIFPGCNF                                    
00000f00  MTIFPGCNF_L                                  
00000f01  MTIFPGCNF_H                                  
00000f02  MTIFPGKVAL                                   
00000f02  MTIFPGKVAL_L                                 
00000f03  MTIFPGKVAL_H                                 
00000f04  MTIFPGCTL                                    
00000f04  MTIFPGCTL_L                                  
00000f05  MTIFPGCTL_H                                  
00000f06  MTIFPGSR                                     
00000f06  MTIFPGSR_L                                   
00000f07  MTIFPGSR_H                                   
00000f08  MTIFPCCNF                                    
00000f08  MTIFPCCNF_L                                  
00000f09  MTIFPCCNF_H                                  
00000f0a  MTIFPCR                                      
00000f0a  MTIFPCR_L                                    
00000f0b  MTIFPCR_H                                    
00000f0c  MTIFPCCTL                                    
00000f0c  MTIFPCCTL_L                                  
00000f0d  MTIFPCCTL_H                                  
00000f0e  MTIFPCSR                                     
00000f0e  MTIFPCSR_L                                   
00000f0f  MTIFPCSR_H                                   
00000f10  MTIFTPCTL                                    
00000f10  MTIFTPCTL_L                                  
00000f11  MTIFTPCTL_H                                  
00001513  mpu_sam_value                                
00001c00  gUSSAlgObject                                
00001d16  USSSWLIB_USS_interrupt_status                
00001d1c  USSSWLIB_USS_measurementPeriod               
00001d1e  USS_LEA_IFG                                  
00001d20  state                                        
00002a00  _stack                                       
00002c00  __STACK_END                                  
00002c00  gUSSLEATempMemBlock                          
00003178  gUSSLEARAMReservedBlock1                     
0000319c  gUSSLEARAMReservedBlock2                     
00003448  gUSSBinaryPattern                            
000035d8  gFilterConstant                              
00003600  gHilbertFilterConstant                       
00003618  USS_lea_params                               
00003624  USS_lea_scratch                              
00003630  USS_lea_poly_params                          
00004000  fram_rw_start                                
00004000  gNVMemBlock                                  
00004a50  ussAlgConfig                                 
00004ada  USSSWLIB_SAPH_DATAERR_callback               
00004ade  USSSWLIB_SAPH_TMFTO_callback                 
00004ae2  USSSWLIB_SAPH_SEQDN_callback                 
00004ae6  USSSWLIB_SAPH_PNGDN_callback                 
00004aea  USSSWLIB_UUPS_PREQIG_callback                
00004aee  USSSWLIB_UUPS_PTMOUT_callback                
00004af2  USSSWLIB_UUPS_STPBYDB_callback               
00004af6  USSSWLIB_HSPLL_PLLunlock_callback            
00004afa  USSSWLIB_SDHS_OVF_callback                   
00004afe  USSSWLIB_SDHS_ACQDONE_callback               
00004b02  USSSWLIB_SDHS_SSTRG_callback                 
00004b06  USSSWLIB_SDHS_DTRDY_callback                 
00004b0a  USSSWLIB_SDHS_WINHI_callback                 
00004b0e  USSSWLIB_SDHS_WINLO_callback                 
00004b12  gUSSHilbertCoeffs                            
00004b42  gUssSWConfig                                 
00004b64  ussMeasurementConfig                         
00004b86  ussCaptureConfig                             
00004ba0  ussPulseConfig                               
00004bb4  ussMeterConfig                               
00004bc4  ussPLLConfig                                 
00004bd0  ussSystemConfig                              
00004bdc  singDualToneConfig                           
00004be0  ussInterruptConfig                           
00004be2  ussTriggerConfig                             
00004c00  USS_computeAbsTOF_hilbert                    
00004c00  fram_ipe_end                                 
00004c00  fram_ipe_start                               
00004c00  fram_rx_start                                
00004e96  USS_iq30Atan2                                
000051f0  USS_corr3                                    
000052f4  USS_iq31Div                                  
000053f0  USS_cosInterpolation                         
000054c6  USS_iq31toiq29Asin                           
0000558a  USS_iq31Cos                                  
0000561c  USS_computeAbsTOF_lobe                       
00005674  USS_runParabolicInterpolation32              
000056b6  USS_runWindow                                
000056f2  USS_runParabolicInterpolation                
00005710  ISR_SDHS                                     
000057ae  ISR_SAPH                                     
00005818  ISR_UUPS                                     
0000586a  USSLIB_HAL_TIMER_INT_CCRn                    
00005894  ISR_HSPLL                                    
000058b8  USSLIB_HAL_TIMER_INT                         
000058da  USS_LEA_ISR                                  
000058fa  _c_int00_noargs_mpu                          
0000591a  DMA_HSPLL                                    
00005924  __TI_ISR_TRAP                                
0000592c  _Q16div_coeffs                               
00005a2c  _IQ6div_lookup                               
00005a7a  __TI_Handler_Table_Base                      
00005a7e  __TI_CINIT_Base                              
00005a7e  __TI_Handler_Table_Limit                     
00005a8e  __TI_CINIT_Limit                             
00005a8e  __TI_CINIT_Warm                              
0000a501  mpu_ctl0_value                               
0000ffac  __TI_int14                                   
0000ffae  __TI_int15                                   
0000ffb0  __TI_int16                                   
0000ffb2  __TI_int17                                   
0000ffb4  __TI_int18                                   
0000ffb6  __TI_int19                                   
0000ffb8  __TI_int20                                   
0000ffba  __TI_int21                                   
0000ffbc  __TI_int22                                   
0000ffbe  __TI_int23                                   
0000ffc0  __TI_int24                                   
0000ffc2  __TI_int25                                   
0000ffc4  __TI_int26                                   
0000ffc6  __TI_int27                                   
0000ffc8  __TI_int28                                   
0000ffca  __TI_int29                                   
0000ffcc  __TI_int30                                   
0000ffce  __TI_int31                                   
0000ffd0  __TI_int32                                   
0000ffd2  __TI_int33                                   
0000ffd4  __TI_int34                                   
0000ffd6  __TI_int35                                   
0000ffd8  __TI_int36                                   
0000ffda  __TI_int37                                   
0000ffdc  __TI_int38                                   
0000ffde  __TI_int39                                   
0000ffe0  __TI_int40                                   
0000ffe2  __TI_int41                                   
0000ffe4  __TI_int42                                   
0000ffe6  __TI_int43                                   
0000ffe8  __TI_int44                                   
0000ffea  __TI_int45                                   
0000ffec  __TI_int46                                   
0000ffee  __TI_int47                                   
0000fff0  __TI_int48                                   
0000fff2  __TI_int49                                   
0000fff4  __TI_int50                                   
0000fff6  __TI_int51                                   
0000fff8  __TI_int52                                   
0000fffa  __TI_int53                                   
0000fffc  __TI_int54                                   
0000fffe  _reset_vector                                
00010000  USS_init                                     
00010a92  USS_computeAbsTOF_lobeWide                   
000112e8  USS_computeDeltaTOF_estimate                 
000117ba  USS_initAlgorithms                           
00011c54  USS_computeDeltaTOF_water                    
00011fa2  __mspabi_divull                              
000122f0  USS_computeAbsTOF_hilbertWide                
0001263c  USS_verifyHSPLLFrequency                     
00012910  commonValidateSAPHconfigruation              
00012b88  USS_corrN                                    
0001301c  USS_updateADCParams                          
0001385e  USS_updateSAPHConfiguration                  
00013a32  _IQ16div                                     
00013c06  _IQ21div                                     
00013dda  _IQ27div                                     
00013fae  USS_run                                      
00014180  _IQ28div                                     
00014352  _IQ30div                                     
000146a4  USS_updateClockRelativeError                 
00014808  commonConfigurePPGDutyCyle                   
00014aca  __mspabi_subf                                
00014ad0  __mspabi_addf                                
00014bfc  USS_updateHSPLLConfiguration                 
00014d10  main                                         
00014de6  USS_calculateMax                             
00014eb6  commonGetHSPLLFreqInHz                       
00014f80  commonGetPLLFreqInHz                         
0001504a  _Q15div                                      
00015108  USS_commonTriggerSingleCapture               
000151c2  USS_getResultsInFloat                        
0001527c  commonIsconversionSuccessfull                
00015336  __mspabi_mpyf                                
000153ee  privatePadCaptures                           
000154a4  USS_filter                                   
00015552  commonUpdateUSSULPbiasDelay                  
000155e8  __mspabi_divf                                
00015678  USS_computeVolumeFlowRate_gas                
00015702  USS_computeVolumeFlowRate_water              
0001578c  _system_pre_init                             
00015892  USS_updateSDHSConfiguration                  
00015914  _IQ15rsmpy                                   
00015994  commonTimerGenerateLowPowerDelay             
00015a14  _IQ19rsmpy                                   
00015a92  __mspabi_fixfli                              
00015b10  _IQ30rsmpy                                   
00015b8c  commonValidateSDHSconfigruation              
00015c06  __TI_auto_init_nobinit_nopinit_hold_wdt      
00015c7e  USS_runAlgorithmsFixedPoint                  
00015cf2  _IQ16toF                                     
00015d64  _IQ21toF                                     
00015dd6  _IQ27toF                                     
00015e48  _IQ30toF                                     
00015eba  USS_startLowPowerUltrasonicCapture           
00015f26  __mspabi_fixfi                               
00015f8e  commonValidateAlgorithmsConfiguration        
00015ff4  commonValidateMeterConstantConfiguration     
00016054  USS_addOffset                                
00016110  USS_scaleSamples                             
0001616e  _IQ21mpy                                     
000161ca  __mspabi_mpyll_f5hw                          
00016226  commonWaitForconversion                      
00016280  __mspabi_divul                               
00016280  __mspabi_remul                               
000162d8  _IQ12rmpy                                    
0001632e  USS_addSamples                               
00016382  USS_corr                                     
000163d6  _IQ20mpy                                     
0001642a  __mspabi_remull                              
0001647e  USS_fir                                      
00016522  USS_copyArrayRight                           
000165c2  USS_copyArrayLeft                            
00016610  USS_lea_init                                 
0001665e  _IQ19mpy                                     
000166ac  _Q12rmpy                                     
000166fa  commonTimerConfigureTimer                    
00016748  USS_updateUSSInterruptsConfiguration         
00016794  commonTimerConfigurePeriodMeasurement        
000167e0  __mspabi_fixful                              
0001682c  USS_configureUltrasonicMeasurement           
00016876  _IQ24mpy                                     
000168c0  _IQ30mpy                                     
00016950  USS_copy                                     
00016996  commonDetermineVariant                       
000169d6  __mspabi_divli                               
000169d6  __mspabi_remli                               
00016a16  commonSDHSConfigModOpt                       
00016a54  __mspabi_sral_15                             
00016a58  __mspabi_sral_14                             
00016a5c  __mspabi_sral_13                             
00016a60  __mspabi_sral_12                             
00016a64  __mspabi_sral_11                             
00016a68  __mspabi_sral_10                             
00016a6c  __mspabi_sral_9                              
00016a70  __mspabi_sral_8                              
00016a74  __mspabi_sral_7                              
00016a78  __mspabi_sral_6                              
00016a7c  __mspabi_sral_5                              
00016a80  __mspabi_sral_4                              
00016a84  __mspabi_sral_3                              
00016a88  __mspabi_sral_2                              
00016a8c  __mspabi_sral_1                              
00016a92  __mspabi_slll_15                             
00016a96  __mspabi_slll_14                             
00016a9a  __mspabi_slll_13                             
00016a9e  __mspabi_slll_12                             
00016aa2  __mspabi_slll_11                             
00016aa6  __mspabi_slll_10                             
00016aaa  __mspabi_slll_9                              
00016aae  __mspabi_slll_8                              
00016ab2  __mspabi_slll_7                              
00016ab6  __mspabi_slll_6                              
00016aba  __mspabi_slll_5                              
00016abe  __mspabi_slll_4                              
00016ac2  __mspabi_slll_3                              
00016ac6  __mspabi_slll_2                              
00016aca  __mspabi_slll_1                              
00016ad0  __mspabi_srll_15                             
00016ad4  __mspabi_srll_14                             
00016ad8  __mspabi_srll_13                             
00016adc  __mspabi_srll_12                             
00016ae0  __mspabi_srll_11                             
00016ae4  __mspabi_srll_10                             
00016ae8  __mspabi_srll_9                              
00016aec  __mspabi_srll_8                              
00016af0  __mspabi_srll_7                              
00016af4  __mspabi_srll_6                              
00016af8  __mspabi_srll_5                              
00016afc  __mspabi_srll_4                              
00016b00  __mspabi_srll_3                              
00016b04  __mspabi_srll_2                              
00016b08  __mspabi_srll_1                              
00016b0e  USS_resetUSSModule                           
00016b4a  commonSDHSRestoreSDHSDTCA                    
00016b86  __mspabi_sllll                               
00016bc0  __mspabi_srlll                               
00016bfa  USS_zeroInit                                 
00016c32  commonTimerConfigureTick                     
00016c6a  __mspabi_fltif                               
00016ca0  commonTimerPeriodMeasurementClear            
00016cd4  commonDisableCaptureInterrupts               
00016d06  commonPrepareForUSSPowerUp                   
00016d38  __mspabi_fltulf                              
00016d6a  USS_getDNSPtr                                
00016d9a  USS_getUPSPtr                                
00016dca  commonTimerConfigureDelay                    
00016dfa  commonValidateHSPLLconfiguration             
00016e28  USS_runAlgorithms                            
00016e54  __mpu_init                                   
00016e80  __mspabi_mpyull_f5hw                         
00016ed4  commonTimerPeriodMeasurementStart            
00016efc  commonTimerWaitTickEvent                     
00016f22  commonTimerPeriodMeasurementDisableInterrupts
00016f46  __TI_zero_init                               
00016f6a  __mspabi_fltuf                               
00016f8e  __mspabi_mpyl_f5hw                           
00016fb2  USS_updateUUPSConfiguration                  
00016fd0  commonDetermineSiliconVersion                
00016fee  commonPowerUpUSS                             
0001700c  __mspabi_mpysl_f5hw                          
00017028  __mspabi_mpyi_f5hw                           
00017040  USS_waitForAppTimerElapse                    
00017052  commonStabilizeOscillator                    
00017062  __mspabi_srll                                
00017072  USS_configAppTimerPeriod                     
00017080  labs                                         
0001708e  commonEnableCaptureInterrupts                
0001709a  USS_registerHSPLLInterruptCallback           
000170a4  abs                                          
000170ae  commonTimerPeriodMeasurementWaitEvent1       
000170b8  commonTimerPeriodMeasurementWaitEvent2       
000170cc  __mspabi_srli                                
000170d6  C$$EXIT                                      
000170d6  abort                                        
000170dc  USS_calibrateVolumeFlowRate                  
000170e0  _system_post_cinit                           
00043ff0  lib_version                                  
ffffffff  __TI_pprof_out_hndl                          
ffffffff  __TI_prof_data_size                          
ffffffff  __TI_prof_data_start                         
ffffffff  __c_args__                                   

[2093 symbols]
