<?xml version="1.0" encoding="ISO-8859-1" ?>
<link_info>
   <banner>MSP430 Linker Unix v21.6.0.LTS</banner>
   <copyright>Copyright (c) 2003-2018 Texas Instruments Incorporated</copyright>
   <link_time>0x63bc047c</link_time>
   <link_errors>0x0</link_errors>
   <output_file>FR6047_USSSWLib_template_example.out</output_file>
   <entry_point>
      <name>_c_int00_noargs_mpu</name>
      <address>0x58fa</address>
   </entry_point>
   <input_file_list>
      <input_file id="fl-2">
         <path>./</path>
         <kind>object</kind>
         <file>main.obj</file>
         <name>main.obj</name>
      </input_file>
      <input_file id="fl-3">
         <path>./</path>
         <kind>object</kind>
         <file>system_pre_init.obj</file>
         <name>system_pre_init.obj</name>
      </input_file>
      <input_file id="fl-4">
         <path>./USS_Config/</path>
         <kind>object</kind>
         <file>USS_userConfig.obj</file>
         <name>USS_userConfig.obj</name>
      </input_file>
      <input_file id="fl-5">
         <path>./ussSWLib/USS_HAL/</path>
         <kind>object</kind>
         <file>USS_Lib_HAL.obj</file>
         <name>USS_Lib_HAL.obj</name>
      </input_file>
      <input_file id="fl-6">
         <path>./ussSWLib/source/common/</path>
         <kind>object</kind>
         <file>benchmarkussswLib.obj</file>
         <name>benchmarkussswLib.obj</name>
      </input_file>
      <input_file id="fl-7">
         <path>./ussSWLib/source/common/</path>
         <kind>object</kind>
         <file>ussSwLibCommonHSPLL.obj</file>
         <name>ussSwLibCommonHSPLL.obj</name>
      </input_file>
      <input_file id="fl-8">
         <path>./ussSWLib/source/common/</path>
         <kind>object</kind>
         <file>ussSwLibCommonInterrupts.obj</file>
         <name>ussSwLibCommonInterrupts.obj</name>
      </input_file>
      <input_file id="fl-9">
         <path>./ussSWLib/source/common/</path>
         <kind>object</kind>
         <file>ussSwLibCommonSAPH.obj</file>
         <name>ussSwLibCommonSAPH.obj</name>
      </input_file>
      <input_file id="fl-a">
         <path>./ussSWLib/source/common/</path>
         <kind>object</kind>
         <file>ussSwLibCommonSDHS.obj</file>
         <name>ussSwLibCommonSDHS.obj</name>
      </input_file>
      <input_file id="fl-b">
         <path>./ussSWLib/source/common/</path>
         <kind>object</kind>
         <file>ussSwLibCommonTimer.obj</file>
         <name>ussSwLibCommonTimer.obj</name>
      </input_file>
      <input_file id="fl-c">
         <path>./ussSWLib/source/common/</path>
         <kind>object</kind>
         <file>ussSwLibCommonUSS.obj</file>
         <name>ussSwLibCommonUSS.obj</name>
      </input_file>
      <input_file id="fl-d">
         <path>./ussSWLib/source/</path>
         <kind>object</kind>
         <file>ussSwLibAlgorithm.obj</file>
         <name>ussSwLibAlgorithm.obj</name>
      </input_file>
      <input_file id="fl-e">
         <path>./ussSWLib/source/</path>
         <kind>object</kind>
         <file>ussSwLibAppDebug.obj</file>
         <name>ussSwLibAppDebug.obj</name>
      </input_file>
      <input_file id="fl-f">
         <path>./ussSWLib/source/</path>
         <kind>object</kind>
         <file>ussSwLibCalibration.obj</file>
         <name>ussSwLibCalibration.obj</name>
      </input_file>
      <input_file id="fl-10">
         <path>./ussSWLib/source/</path>
         <kind>object</kind>
         <file>ussSwLibConfiguration.obj</file>
         <name>ussSwLibConfiguration.obj</name>
      </input_file>
      <input_file id="fl-11">
         <path>./ussSWLib/source/</path>
         <kind>object</kind>
         <file>ussSwLibISR.obj</file>
         <name>ussSwLibISR.obj</name>
      </input_file>
      <input_file id="fl-12">
         <path>./ussSWLib/source/</path>
         <kind>object</kind>
         <file>ussSwLibMeasurement.obj</file>
         <name>ussSwLibMeasurement.obj</name>
      </input_file>
      <input_file id="fl-13">
         <path>./ussSWLib/source/</path>
         <kind>object</kind>
         <file>ussSwLibTemperature.obj</file>
         <name>ussSwLibTemperature.obj</name>
      </input_file>
      <input_file id="fl-14">
         <path>./ussSWLib/source/</path>
         <kind>object</kind>
         <file>ussSwLibVFRCalib.obj</file>
         <name>ussSwLibVFRCalib.obj</name>
      </input_file>
      <input_file id="fl-15">
         <path>./ussSWLib/source/</path>
         <kind>object</kind>
         <file>ussSwLibVFRCalibFlow.obj</file>
         <name>ussSwLibVFRCalibFlow.obj</name>
      </input_file>
      <input_file id="fl-16">
         <path>./ussSWLib/source/</path>
         <kind>object</kind>
         <file>ussSwLibVFRCalibFlowTemperature.obj</file>
         <name>ussSwLibVFRCalibFlowTemperature.obj</name>
      </input_file>
      <input_file id="fl-22">
         <kind>object</kind>
         <file>&lt;internal&gt;</file>
         <name>&lt;internal&gt;</name>
      </input_file>
      <input_file id="fl-50">
         <path>/home/nikhil/ti/msp/USS_02_40_00_00/USS/lib/USS/CCS/</path>
         <kind>archive</kind>
         <file>USS_SW_CCS_large_code_large_data.lib</file>
         <name>USS_lea.obj</name>
      </input_file>
      <input_file id="fl-51">
         <path>/home/nikhil/ti/msp/USS_02_40_00_00/USS/lib/USS/CCS/</path>
         <kind>archive</kind>
         <file>USS_SW_CCS_large_code_large_data.lib</file>
         <name>ussSwLibAlgorithms.obj</name>
      </input_file>
      <input_file id="fl-52">
         <path>/home/nikhil/ti/msp/USS_02_40_00_00/USS/lib/USS/CCS/</path>
         <kind>archive</kind>
         <file>USS_SW_CCS_large_code_large_data.lib</file>
         <name>USS_support_lea.obj</name>
      </input_file>
      <input_file id="fl-53">
         <path>/home/nikhil/ti/msp/USS_02_40_00_00/USS/lib/USS/CCS/</path>
         <kind>archive</kind>
         <file>USS_SW_CCS_large_code_large_data.lib</file>
         <name>USS_init.obj</name>
      </input_file>
      <input_file id="fl-54">
         <path>/home/nikhil/ti/msp/USS_02_40_00_00/USS/lib/USS/CCS/</path>
         <kind>archive</kind>
         <file>USS_SW_CCS_large_code_large_data.lib</file>
         <name>USS_run.obj</name>
      </input_file>
      <input_file id="fl-55">
         <path>/home/nikhil/ti/msp/USS_02_40_00_00/USS/lib/USS/CCS/</path>
         <kind>archive</kind>
         <file>USS_SW_CCS_large_code_large_data.lib</file>
         <name>USS_computeAbsTOF_hilbert.obj</name>
      </input_file>
      <input_file id="fl-56">
         <path>/home/nikhil/ti/msp/USS_02_40_00_00/USS/lib/USS/CCS/</path>
         <kind>archive</kind>
         <file>USS_SW_CCS_large_code_large_data.lib</file>
         <name>USS_computeAbsTOF_hilbertWide.obj</name>
      </input_file>
      <input_file id="fl-57">
         <path>/home/nikhil/ti/msp/USS_02_40_00_00/USS/lib/USS/CCS/</path>
         <kind>archive</kind>
         <file>USS_SW_CCS_large_code_large_data.lib</file>
         <name>USS_computeAbsTOF_lobe.obj</name>
      </input_file>
      <input_file id="fl-58">
         <path>/home/nikhil/ti/msp/USS_02_40_00_00/USS/lib/USS/CCS/</path>
         <kind>archive</kind>
         <file>USS_SW_CCS_large_code_large_data.lib</file>
         <name>USS_computeAbsTOF_lobeWide.obj</name>
      </input_file>
      <input_file id="fl-59">
         <path>/home/nikhil/ti/msp/USS_02_40_00_00/USS/lib/USS/CCS/</path>
         <kind>archive</kind>
         <file>USS_SW_CCS_large_code_large_data.lib</file>
         <name>USS_computeDeltaTOF_estimate.obj</name>
      </input_file>
      <input_file id="fl-5a">
         <path>/home/nikhil/ti/msp/USS_02_40_00_00/USS/lib/USS/CCS/</path>
         <kind>archive</kind>
         <file>USS_SW_CCS_large_code_large_data.lib</file>
         <name>USS_computeDeltaTOF_water.obj</name>
      </input_file>
      <input_file id="fl-5b">
         <path>/home/nikhil/ti/msp/USS_02_40_00_00/USS/lib/USS/CCS/</path>
         <kind>archive</kind>
         <file>USS_SW_CCS_large_code_large_data.lib</file>
         <name>USS_computeVolumeFlowRate_gas.obj</name>
      </input_file>
      <input_file id="fl-5c">
         <path>/home/nikhil/ti/msp/USS_02_40_00_00/USS/lib/USS/CCS/</path>
         <kind>archive</kind>
         <file>USS_SW_CCS_large_code_large_data.lib</file>
         <name>USS_computeVolumeFlowRate_water.obj</name>
      </input_file>
      <input_file id="fl-5d">
         <path>/home/nikhil/ti/msp/USS_02_40_00_00/USS/lib/USS/CCS/</path>
         <kind>archive</kind>
         <file>USS_SW_CCS_large_code_large_data.lib</file>
         <name>USS_cosInterpolation.obj</name>
      </input_file>
      <input_file id="fl-5e">
         <path>/home/nikhil/ti/msp/USS_02_40_00_00/USS/lib/USS/CCS/</path>
         <kind>archive</kind>
         <file>USS_SW_CCS_large_code_large_data.lib</file>
         <name>USS_filter.obj</name>
      </input_file>
      <input_file id="fl-5f">
         <path>/home/nikhil/ti/msp/USS_02_40_00_00/USS/lib/USS/CCS/</path>
         <kind>archive</kind>
         <file>USS_SW_CCS_large_code_large_data.lib</file>
         <name>USS_math.obj</name>
      </input_file>
      <input_file id="fl-60">
         <path>/home/nikhil/ti/msp/USS_02_40_00_00/USS/lib/USS/CCS/</path>
         <kind>archive</kind>
         <file>USS_SW_CCS_large_code_large_data.lib</file>
         <name>USS_updateADCParams.obj</name>
      </input_file>
      <input_file id="fl-61">
         <path>/home/nikhil/ti/msp/USS_02_40_00_00/USS/lib/IQMathLibrary/libraries/CCS/MPY32/5xx_6xx/</path>
         <kind>archive</kind>
         <file>IQmathLib_CCS_MPY32_5xx_6xx_CPUX_large_code_large_data.lib</file>
         <name>__IQNrmpy.o</name>
      </input_file>
      <input_file id="fl-62">
         <path>/home/nikhil/ti/msp/USS_02_40_00_00/USS/lib/IQMathLibrary/libraries/CCS/MPY32/5xx_6xx/</path>
         <kind>archive</kind>
         <file>IQmathLib_CCS_MPY32_5xx_6xx_CPUX_large_code_large_data.lib</file>
         <name>__IQNrsmpy.o</name>
      </input_file>
      <input_file id="fl-63">
         <path>/home/nikhil/ti/msp/USS_02_40_00_00/USS/lib/IQMathLibrary/libraries/CCS/MPY32/5xx_6xx/</path>
         <kind>archive</kind>
         <file>IQmathLib_CCS_MPY32_5xx_6xx_CPUX_large_code_large_data.lib</file>
         <name>_IQNdiv.o</name>
      </input_file>
      <input_file id="fl-64">
         <path>/home/nikhil/ti/msp/USS_02_40_00_00/USS/lib/IQMathLibrary/libraries/CCS/MPY32/5xx_6xx/</path>
         <kind>archive</kind>
         <file>IQmathLib_CCS_MPY32_5xx_6xx_CPUX_large_code_large_data.lib</file>
         <name>__IQNmpy.o</name>
      </input_file>
      <input_file id="fl-65">
         <path>/home/nikhil/ti/msp/USS_02_40_00_00/USS/lib/IQMathLibrary/libraries/CCS/MPY32/5xx_6xx/</path>
         <kind>archive</kind>
         <file>IQmathLib_CCS_MPY32_5xx_6xx_CPUX_large_code_large_data.lib</file>
         <name>_IQNtoF.o</name>
      </input_file>
      <input_file id="fl-66">
         <path>/home/nikhil/ti/msp/USS_02_40_00_00/USS/lib/IQMathLibrary/libraries/CCS/MPY32/5xx_6xx/</path>
         <kind>archive</kind>
         <file>IQmathLib_CCS_MPY32_5xx_6xx_CPUX_large_code_large_data.lib</file>
         <name>_IQNtables.o</name>
      </input_file>
      <input_file id="fl-67">
         <path>/home/nikhil/ti/msp/USS_02_40_00_00/USS/lib/IQMathLibrary/libraries/CCS/MPY32/5xx_6xx/</path>
         <kind>archive</kind>
         <file>QmathLib_CCS_MPY32_5xx_6xx_CPUX_large_code_large_data.lib</file>
         <name>__QNrmpy.o</name>
      </input_file>
      <input_file id="fl-68">
         <path>/home/nikhil/ti/msp/USS_02_40_00_00/USS/lib/IQMathLibrary/libraries/CCS/MPY32/5xx_6xx/</path>
         <kind>archive</kind>
         <file>QmathLib_CCS_MPY32_5xx_6xx_CPUX_large_code_large_data.lib</file>
         <name>_QNdiv.o</name>
      </input_file>
      <input_file id="fl-69">
         <path>/home/nikhil/ti/msp/USS_02_40_00_00/USS/lib/IQMathLibrary/libraries/CCS/MPY32/5xx_6xx/</path>
         <kind>archive</kind>
         <file>QmathLib_CCS_MPY32_5xx_6xx_CPUX_large_code_large_data.lib</file>
         <name>_QNtables.o</name>
      </input_file>
      <input_file id="fl-6a">
         <path>/home/nikhil/ti/ccs1210/ccs/tools/compiler/ti-cgt-msp430_21.6.0.LTS/lib/</path>
         <kind>archive</kind>
         <file>rts430x_lc_ld_eabi.lib</file>
         <name>copy_decompress_lzss.c.obj</name>
      </input_file>
      <input_file id="fl-6b">
         <path>/home/nikhil/ti/ccs1210/ccs/tools/compiler/ti-cgt-msp430_21.6.0.LTS/lib/</path>
         <kind>archive</kind>
         <file>rts430x_lc_ld_eabi.lib</file>
         <name>copy_decompress_none.c.obj</name>
      </input_file>
      <input_file id="fl-6c">
         <path>/home/nikhil/ti/ccs1210/ccs/tools/compiler/ti-cgt-msp430_21.6.0.LTS/lib/</path>
         <kind>archive</kind>
         <file>rts430x_lc_ld_eabi.lib</file>
         <name>int19.asm.obj</name>
      </input_file>
      <input_file id="fl-6d">
         <path>/home/nikhil/ti/ccs1210/ccs/tools/compiler/ti-cgt-msp430_21.6.0.LTS/lib/</path>
         <kind>archive</kind>
         <file>rts430x_lc_ld_eabi.lib</file>
         <name>isr_trap.asm.obj</name>
      </input_file>
      <input_file id="fl-6e">
         <path>/home/nikhil/ti/ccs1210/ccs/tools/compiler/ti-cgt-msp430_21.6.0.LTS/lib/</path>
         <kind>archive</kind>
         <file>rts430x_lc_ld_eabi.lib</file>
         <name>int20.asm.obj</name>
      </input_file>
      <input_file id="fl-6f">
         <path>/home/nikhil/ti/ccs1210/ccs/tools/compiler/ti-cgt-msp430_21.6.0.LTS/lib/</path>
         <kind>archive</kind>
         <file>rts430x_lc_ld_eabi.lib</file>
         <name>int21.asm.obj</name>
      </input_file>
      <input_file id="fl-70">
         <path>/home/nikhil/ti/ccs1210/ccs/tools/compiler/ti-cgt-msp430_21.6.0.LTS/lib/</path>
         <kind>archive</kind>
         <file>rts430x_lc_ld_eabi.lib</file>
         <name>int22.asm.obj</name>
      </input_file>
      <input_file id="fl-71">
         <path>/home/nikhil/ti/ccs1210/ccs/tools/compiler/ti-cgt-msp430_21.6.0.LTS/lib/</path>
         <kind>archive</kind>
         <file>rts430x_lc_ld_eabi.lib</file>
         <name>int23.asm.obj</name>
      </input_file>
      <input_file id="fl-72">
         <path>/home/nikhil/ti/ccs1210/ccs/tools/compiler/ti-cgt-msp430_21.6.0.LTS/lib/</path>
         <kind>archive</kind>
         <file>rts430x_lc_ld_eabi.lib</file>
         <name>int24.asm.obj</name>
      </input_file>
      <input_file id="fl-73">
         <path>/home/nikhil/ti/ccs1210/ccs/tools/compiler/ti-cgt-msp430_21.6.0.LTS/lib/</path>
         <kind>archive</kind>
         <file>rts430x_lc_ld_eabi.lib</file>
         <name>int25.asm.obj</name>
      </input_file>
      <input_file id="fl-74">
         <path>/home/nikhil/ti/ccs1210/ccs/tools/compiler/ti-cgt-msp430_21.6.0.LTS/lib/</path>
         <kind>archive</kind>
         <file>rts430x_lc_ld_eabi.lib</file>
         <name>int26.asm.obj</name>
      </input_file>
      <input_file id="fl-75">
         <path>/home/nikhil/ti/ccs1210/ccs/tools/compiler/ti-cgt-msp430_21.6.0.LTS/lib/</path>
         <kind>archive</kind>
         <file>rts430x_lc_ld_eabi.lib</file>
         <name>int27.asm.obj</name>
      </input_file>
      <input_file id="fl-76">
         <path>/home/nikhil/ti/ccs1210/ccs/tools/compiler/ti-cgt-msp430_21.6.0.LTS/lib/</path>
         <kind>archive</kind>
         <file>rts430x_lc_ld_eabi.lib</file>
         <name>int28.asm.obj</name>
      </input_file>
      <input_file id="fl-77">
         <path>/home/nikhil/ti/ccs1210/ccs/tools/compiler/ti-cgt-msp430_21.6.0.LTS/lib/</path>
         <kind>archive</kind>
         <file>rts430x_lc_ld_eabi.lib</file>
         <name>int29.asm.obj</name>
      </input_file>
      <input_file id="fl-78">
         <path>/home/nikhil/ti/ccs1210/ccs/tools/compiler/ti-cgt-msp430_21.6.0.LTS/lib/</path>
         <kind>archive</kind>
         <file>rts430x_lc_ld_eabi.lib</file>
         <name>int30.asm.obj</name>
      </input_file>
      <input_file id="fl-79">
         <path>/home/nikhil/ti/ccs1210/ccs/tools/compiler/ti-cgt-msp430_21.6.0.LTS/lib/</path>
         <kind>archive</kind>
         <file>rts430x_lc_ld_eabi.lib</file>
         <name>int31.asm.obj</name>
      </input_file>
      <input_file id="fl-7a">
         <path>/home/nikhil/ti/ccs1210/ccs/tools/compiler/ti-cgt-msp430_21.6.0.LTS/lib/</path>
         <kind>archive</kind>
         <file>rts430x_lc_ld_eabi.lib</file>
         <name>int32.asm.obj</name>
      </input_file>
      <input_file id="fl-7b">
         <path>/home/nikhil/ti/ccs1210/ccs/tools/compiler/ti-cgt-msp430_21.6.0.LTS/lib/</path>
         <kind>archive</kind>
         <file>rts430x_lc_ld_eabi.lib</file>
         <name>int33.asm.obj</name>
      </input_file>
      <input_file id="fl-7c">
         <path>/home/nikhil/ti/ccs1210/ccs/tools/compiler/ti-cgt-msp430_21.6.0.LTS/lib/</path>
         <kind>archive</kind>
         <file>rts430x_lc_ld_eabi.lib</file>
         <name>int34.asm.obj</name>
      </input_file>
      <input_file id="fl-7d">
         <path>/home/nikhil/ti/ccs1210/ccs/tools/compiler/ti-cgt-msp430_21.6.0.LTS/lib/</path>
         <kind>archive</kind>
         <file>rts430x_lc_ld_eabi.lib</file>
         <name>int35.asm.obj</name>
      </input_file>
      <input_file id="fl-7e">
         <path>/home/nikhil/ti/ccs1210/ccs/tools/compiler/ti-cgt-msp430_21.6.0.LTS/lib/</path>
         <kind>archive</kind>
         <file>rts430x_lc_ld_eabi.lib</file>
         <name>int36.asm.obj</name>
      </input_file>
      <input_file id="fl-7f">
         <path>/home/nikhil/ti/ccs1210/ccs/tools/compiler/ti-cgt-msp430_21.6.0.LTS/lib/</path>
         <kind>archive</kind>
         <file>rts430x_lc_ld_eabi.lib</file>
         <name>int37.asm.obj</name>
      </input_file>
      <input_file id="fl-80">
         <path>/home/nikhil/ti/ccs1210/ccs/tools/compiler/ti-cgt-msp430_21.6.0.LTS/lib/</path>
         <kind>archive</kind>
         <file>rts430x_lc_ld_eabi.lib</file>
         <name>int38.asm.obj</name>
      </input_file>
      <input_file id="fl-81">
         <path>/home/nikhil/ti/ccs1210/ccs/tools/compiler/ti-cgt-msp430_21.6.0.LTS/lib/</path>
         <kind>archive</kind>
         <file>rts430x_lc_ld_eabi.lib</file>
         <name>int39.asm.obj</name>
      </input_file>
      <input_file id="fl-82">
         <path>/home/nikhil/ti/ccs1210/ccs/tools/compiler/ti-cgt-msp430_21.6.0.LTS/lib/</path>
         <kind>archive</kind>
         <file>rts430x_lc_ld_eabi.lib</file>
         <name>int43.asm.obj</name>
      </input_file>
      <input_file id="fl-83">
         <path>/home/nikhil/ti/ccs1210/ccs/tools/compiler/ti-cgt-msp430_21.6.0.LTS/lib/</path>
         <kind>archive</kind>
         <file>rts430x_lc_ld_eabi.lib</file>
         <name>int44.asm.obj</name>
      </input_file>
      <input_file id="fl-84">
         <path>/home/nikhil/ti/ccs1210/ccs/tools/compiler/ti-cgt-msp430_21.6.0.LTS/lib/</path>
         <kind>archive</kind>
         <file>rts430x_lc_ld_eabi.lib</file>
         <name>int45.asm.obj</name>
      </input_file>
      <input_file id="fl-85">
         <path>/home/nikhil/ti/ccs1210/ccs/tools/compiler/ti-cgt-msp430_21.6.0.LTS/lib/</path>
         <kind>archive</kind>
         <file>rts430x_lc_ld_eabi.lib</file>
         <name>int46.asm.obj</name>
      </input_file>
      <input_file id="fl-86">
         <path>/home/nikhil/ti/ccs1210/ccs/tools/compiler/ti-cgt-msp430_21.6.0.LTS/lib/</path>
         <kind>archive</kind>
         <file>rts430x_lc_ld_eabi.lib</file>
         <name>int47.asm.obj</name>
      </input_file>
      <input_file id="fl-87">
         <path>/home/nikhil/ti/ccs1210/ccs/tools/compiler/ti-cgt-msp430_21.6.0.LTS/lib/</path>
         <kind>archive</kind>
         <file>rts430x_lc_ld_eabi.lib</file>
         <name>int48.asm.obj</name>
      </input_file>
      <input_file id="fl-88">
         <path>/home/nikhil/ti/ccs1210/ccs/tools/compiler/ti-cgt-msp430_21.6.0.LTS/lib/</path>
         <kind>archive</kind>
         <file>rts430x_lc_ld_eabi.lib</file>
         <name>int49.asm.obj</name>
      </input_file>
      <input_file id="fl-89">
         <path>/home/nikhil/ti/ccs1210/ccs/tools/compiler/ti-cgt-msp430_21.6.0.LTS/lib/</path>
         <kind>archive</kind>
         <file>rts430x_lc_ld_eabi.lib</file>
         <name>int50.asm.obj</name>
      </input_file>
      <input_file id="fl-8a">
         <path>/home/nikhil/ti/ccs1210/ccs/tools/compiler/ti-cgt-msp430_21.6.0.LTS/lib/</path>
         <kind>archive</kind>
         <file>rts430x_lc_ld_eabi.lib</file>
         <name>int51.asm.obj</name>
      </input_file>
      <input_file id="fl-8b">
         <path>/home/nikhil/ti/ccs1210/ccs/tools/compiler/ti-cgt-msp430_21.6.0.LTS/lib/</path>
         <kind>archive</kind>
         <file>rts430x_lc_ld_eabi.lib</file>
         <name>int52.asm.obj</name>
      </input_file>
      <input_file id="fl-8c">
         <path>/home/nikhil/ti/ccs1210/ccs/tools/compiler/ti-cgt-msp430_21.6.0.LTS/lib/</path>
         <kind>archive</kind>
         <file>rts430x_lc_ld_eabi.lib</file>
         <name>int53.asm.obj</name>
      </input_file>
      <input_file id="fl-8d">
         <path>/home/nikhil/ti/ccs1210/ccs/tools/compiler/ti-cgt-msp430_21.6.0.LTS/lib/</path>
         <kind>archive</kind>
         <file>rts430x_lc_ld_eabi.lib</file>
         <name>int54.asm.obj</name>
      </input_file>
      <input_file id="fl-8e">
         <path>/home/nikhil/ti/ccs1210/ccs/tools/compiler/ti-cgt-msp430_21.6.0.LTS/lib/</path>
         <kind>archive</kind>
         <file>rts430x_lc_ld_eabi.lib</file>
         <name>copy_zero_init.c.obj</name>
      </input_file>
      <input_file id="fl-8f">
         <path>/home/nikhil/ti/ccs1210/ccs/tools/compiler/ti-cgt-msp430_21.6.0.LTS/lib/</path>
         <kind>archive</kind>
         <file>rts430x_lc_ld_eabi.lib</file>
         <name>fs_add.asm.obj</name>
      </input_file>
      <input_file id="fl-90">
         <path>/home/nikhil/ti/ccs1210/ccs/tools/compiler/ti-cgt-msp430_21.6.0.LTS/lib/</path>
         <kind>archive</kind>
         <file>rts430x_lc_ld_eabi.lib</file>
         <name>fs_cmp.asm.obj</name>
      </input_file>
      <input_file id="fl-91">
         <path>/home/nikhil/ti/ccs1210/ccs/tools/compiler/ti-cgt-msp430_21.6.0.LTS/lib/</path>
         <kind>archive</kind>
         <file>rts430x_lc_ld_eabi.lib</file>
         <name>fs_div.asm.obj</name>
      </input_file>
      <input_file id="fl-92">
         <path>/home/nikhil/ti/ccs1210/ccs/tools/compiler/ti-cgt-msp430_21.6.0.LTS/lib/</path>
         <kind>archive</kind>
         <file>rts430x_lc_ld_eabi.lib</file>
         <name>div16s.asm.obj</name>
      </input_file>
      <input_file id="fl-93">
         <path>/home/nikhil/ti/ccs1210/ccs/tools/compiler/ti-cgt-msp430_21.6.0.LTS/lib/</path>
         <kind>archive</kind>
         <file>rts430x_lc_ld_eabi.lib</file>
         <name>div32s.asm.obj</name>
      </input_file>
      <input_file id="fl-94">
         <path>/home/nikhil/ti/ccs1210/ccs/tools/compiler/ti-cgt-msp430_21.6.0.LTS/lib/</path>
         <kind>archive</kind>
         <file>rts430x_lc_ld_eabi.lib</file>
         <name>div16u.asm.obj</name>
      </input_file>
      <input_file id="fl-95">
         <path>/home/nikhil/ti/ccs1210/ccs/tools/compiler/ti-cgt-msp430_21.6.0.LTS/lib/</path>
         <kind>archive</kind>
         <file>rts430x_lc_ld_eabi.lib</file>
         <name>div32u.asm.obj</name>
      </input_file>
      <input_file id="fl-96">
         <path>/home/nikhil/ti/ccs1210/ccs/tools/compiler/ti-cgt-msp430_21.6.0.LTS/lib/</path>
         <kind>archive</kind>
         <file>rts430x_lc_ld_eabi.lib</file>
         <name>div64u.c.obj</name>
      </input_file>
      <input_file id="fl-97">
         <path>/home/nikhil/ti/ccs1210/ccs/tools/compiler/ti-cgt-msp430_21.6.0.LTS/lib/</path>
         <kind>archive</kind>
         <file>rts430x_lc_ld_eabi.lib</file>
         <name>fs_toi.asm.obj</name>
      </input_file>
      <input_file id="fl-98">
         <path>/home/nikhil/ti/ccs1210/ccs/tools/compiler/ti-cgt-msp430_21.6.0.LTS/lib/</path>
         <kind>archive</kind>
         <file>rts430x_lc_ld_eabi.lib</file>
         <name>fs_tol.asm.obj</name>
      </input_file>
      <input_file id="fl-99">
         <path>/home/nikhil/ti/ccs1210/ccs/tools/compiler/ti-cgt-msp430_21.6.0.LTS/lib/</path>
         <kind>archive</kind>
         <file>rts430x_lc_ld_eabi.lib</file>
         <name>fs_tou.asm.obj</name>
      </input_file>
      <input_file id="fl-9a">
         <path>/home/nikhil/ti/ccs1210/ccs/tools/compiler/ti-cgt-msp430_21.6.0.LTS/lib/</path>
         <kind>archive</kind>
         <file>rts430x_lc_ld_eabi.lib</file>
         <name>fs_toul.asm.obj</name>
      </input_file>
      <input_file id="fl-9b">
         <path>/home/nikhil/ti/ccs1210/ccs/tools/compiler/ti-cgt-msp430_21.6.0.LTS/lib/</path>
         <kind>archive</kind>
         <file>rts430x_lc_ld_eabi.lib</file>
         <name>fs_itof.asm.obj</name>
      </input_file>
      <input_file id="fl-9c">
         <path>/home/nikhil/ti/ccs1210/ccs/tools/compiler/ti-cgt-msp430_21.6.0.LTS/lib/</path>
         <kind>archive</kind>
         <file>rts430x_lc_ld_eabi.lib</file>
         <name>fs_utof.asm.obj</name>
      </input_file>
      <input_file id="fl-9d">
         <path>/home/nikhil/ti/ccs1210/ccs/tools/compiler/ti-cgt-msp430_21.6.0.LTS/lib/</path>
         <kind>archive</kind>
         <file>rts430x_lc_ld_eabi.lib</file>
         <name>fs_ultof.asm.obj</name>
      </input_file>
      <input_file id="fl-9e">
         <path>/home/nikhil/ti/ccs1210/ccs/tools/compiler/ti-cgt-msp430_21.6.0.LTS/lib/</path>
         <kind>archive</kind>
         <file>rts430x_lc_ld_eabi.lib</file>
         <name>fs_mpy.asm.obj</name>
      </input_file>
      <input_file id="fl-9f">
         <path>/home/nikhil/ti/ccs1210/ccs/tools/compiler/ti-cgt-msp430_21.6.0.LTS/lib/</path>
         <kind>archive</kind>
         <file>rts430x_lc_ld_eabi.lib</file>
         <name>mult16.asm.obj</name>
      </input_file>
      <input_file id="fl-a0">
         <path>/home/nikhil/ti/ccs1210/ccs/tools/compiler/ti-cgt-msp430_21.6.0.LTS/lib/</path>
         <kind>archive</kind>
         <file>rts430x_lc_ld_eabi.lib</file>
         <name>mult16_f5hw.asm.obj</name>
      </input_file>
      <input_file id="fl-a1">
         <path>/home/nikhil/ti/ccs1210/ccs/tools/compiler/ti-cgt-msp430_21.6.0.LTS/lib/</path>
         <kind>archive</kind>
         <file>rts430x_lc_ld_eabi.lib</file>
         <name>mult32.asm.obj</name>
      </input_file>
      <input_file id="fl-a2">
         <path>/home/nikhil/ti/ccs1210/ccs/tools/compiler/ti-cgt-msp430_21.6.0.LTS/lib/</path>
         <kind>archive</kind>
         <file>rts430x_lc_ld_eabi.lib</file>
         <name>mult32_f5hw.asm.obj</name>
      </input_file>
      <input_file id="fl-a3">
         <path>/home/nikhil/ti/ccs1210/ccs/tools/compiler/ti-cgt-msp430_21.6.0.LTS/lib/</path>
         <kind>archive</kind>
         <file>rts430x_lc_ld_eabi.lib</file>
         <name>mult64.asm.obj</name>
      </input_file>
      <input_file id="fl-a4">
         <path>/home/nikhil/ti/ccs1210/ccs/tools/compiler/ti-cgt-msp430_21.6.0.LTS/lib/</path>
         <kind>archive</kind>
         <file>rts430x_lc_ld_eabi.lib</file>
         <name>mult64_f5hw.asm.obj</name>
      </input_file>
      <input_file id="fl-a5">
         <path>/home/nikhil/ti/ccs1210/ccs/tools/compiler/ti-cgt-msp430_21.6.0.LTS/lib/</path>
         <kind>archive</kind>
         <file>rts430x_lc_ld_eabi.lib</file>
         <name>mult1632.asm.obj</name>
      </input_file>
      <input_file id="fl-a6">
         <path>/home/nikhil/ti/ccs1210/ccs/tools/compiler/ti-cgt-msp430_21.6.0.LTS/lib/</path>
         <kind>archive</kind>
         <file>rts430x_lc_ld_eabi.lib</file>
         <name>mult1632_f5hw.asm.obj</name>
      </input_file>
      <input_file id="fl-a7">
         <path>/home/nikhil/ti/ccs1210/ccs/tools/compiler/ti-cgt-msp430_21.6.0.LTS/lib/</path>
         <kind>archive</kind>
         <file>rts430x_lc_ld_eabi.lib</file>
         <name>mult3264.asm.obj</name>
      </input_file>
      <input_file id="fl-a8">
         <path>/home/nikhil/ti/ccs1210/ccs/tools/compiler/ti-cgt-msp430_21.6.0.LTS/lib/</path>
         <kind>archive</kind>
         <file>rts430x_lc_ld_eabi.lib</file>
         <name>mult3264_f5hw.asm.obj</name>
      </input_file>
      <input_file id="fl-a9">
         <path>/home/nikhil/ti/ccs1210/ccs/tools/compiler/ti-cgt-msp430_21.6.0.LTS/lib/</path>
         <kind>archive</kind>
         <file>rts430x_lc_ld_eabi.lib</file>
         <name>fs_neg.asm.obj</name>
      </input_file>
      <input_file id="fl-aa">
         <path>/home/nikhil/ti/ccs1210/ccs/tools/compiler/ti-cgt-msp430_21.6.0.LTS/lib/</path>
         <kind>archive</kind>
         <file>rts430x_lc_ld_eabi.lib</file>
         <name>rem64u.c.obj</name>
      </input_file>
      <input_file id="fl-ab">
         <path>/home/nikhil/ti/ccs1210/ccs/tools/compiler/ti-cgt-msp430_21.6.0.LTS/lib/</path>
         <kind>archive</kind>
         <file>rts430x_lc_ld_eabi.lib</file>
         <name>lsl16.asm.obj</name>
      </input_file>
      <input_file id="fl-ac">
         <path>/home/nikhil/ti/ccs1210/ccs/tools/compiler/ti-cgt-msp430_21.6.0.LTS/lib/</path>
         <kind>archive</kind>
         <file>rts430x_lc_ld_eabi.lib</file>
         <name>lsl32.asm.obj</name>
      </input_file>
      <input_file id="fl-ad">
         <path>/home/nikhil/ti/ccs1210/ccs/tools/compiler/ti-cgt-msp430_21.6.0.LTS/lib/</path>
         <kind>archive</kind>
         <file>rts430x_lc_ld_eabi.lib</file>
         <name>lsl64.c.obj</name>
      </input_file>
      <input_file id="fl-ae">
         <path>/home/nikhil/ti/ccs1210/ccs/tools/compiler/ti-cgt-msp430_21.6.0.LTS/lib/</path>
         <kind>archive</kind>
         <file>rts430x_lc_ld_eabi.lib</file>
         <name>asr32.asm.obj</name>
      </input_file>
      <input_file id="fl-af">
         <path>/home/nikhil/ti/ccs1210/ccs/tools/compiler/ti-cgt-msp430_21.6.0.LTS/lib/</path>
         <kind>archive</kind>
         <file>rts430x_lc_ld_eabi.lib</file>
         <name>asr64.c.obj</name>
      </input_file>
      <input_file id="fl-b0">
         <path>/home/nikhil/ti/ccs1210/ccs/tools/compiler/ti-cgt-msp430_21.6.0.LTS/lib/</path>
         <kind>archive</kind>
         <file>rts430x_lc_ld_eabi.lib</file>
         <name>lsr16.asm.obj</name>
      </input_file>
      <input_file id="fl-b1">
         <path>/home/nikhil/ti/ccs1210/ccs/tools/compiler/ti-cgt-msp430_21.6.0.LTS/lib/</path>
         <kind>archive</kind>
         <file>rts430x_lc_ld_eabi.lib</file>
         <name>lsr32.asm.obj</name>
      </input_file>
      <input_file id="fl-b2">
         <path>/home/nikhil/ti/ccs1210/ccs/tools/compiler/ti-cgt-msp430_21.6.0.LTS/lib/</path>
         <kind>archive</kind>
         <file>rts430x_lc_ld_eabi.lib</file>
         <name>lsr64.c.obj</name>
      </input_file>
      <input_file id="fl-b3">
         <path>/home/nikhil/ti/ccs1210/ccs/tools/compiler/ti-cgt-msp430_21.6.0.LTS/lib/</path>
         <kind>archive</kind>
         <file>rts430x_lc_ld_eabi.lib</file>
         <name>boot.c.obj</name>
      </input_file>
      <input_file id="fl-b4">
         <path>/home/nikhil/ti/ccs1210/ccs/ccs_base/msp430/lib/FR59xx/</path>
         <kind>archive</kind>
         <file>MSPMPU_INIT_LIB_CCS_msp430_large_code_large_data.lib</file>
         <name>mpu_init.o</name>
      </input_file>
      <input_file id="fl-b5">
         <path>/home/nikhil/ti/ccs1210/ccs/tools/compiler/ti-cgt-msp430_21.6.0.LTS/lib/</path>
         <kind>archive</kind>
         <file>rts430x_lc_ld_eabi.lib</file>
         <name>args_main.c.obj</name>
      </input_file>
      <input_file id="fl-b6">
         <path>/home/nikhil/ti/ccs1210/ccs/tools/compiler/ti-cgt-msp430_21.6.0.LTS/lib/</path>
         <kind>archive</kind>
         <file>rts430x_lc_ld_eabi.lib</file>
         <name>autoinit.c.obj</name>
      </input_file>
      <input_file id="fl-b7">
         <path>/home/nikhil/ti/ccs1210/ccs/tools/compiler/ti-cgt-msp430_21.6.0.LTS/lib/</path>
         <kind>archive</kind>
         <file>rts430x_lc_ld_eabi.lib</file>
         <name>startup.c.obj</name>
      </input_file>
      <input_file id="fl-b8">
         <path>/home/nikhil/ti/ccs1210/ccs/tools/compiler/ti-cgt-msp430_21.6.0.LTS/lib/</path>
         <kind>archive</kind>
         <file>rts430x_lc_ld_eabi.lib</file>
         <name>abs.c.obj</name>
      </input_file>
      <input_file id="fl-b9">
         <path>/home/nikhil/ti/msp/USS_02_40_00_00/USS/lib/USS/CCS/</path>
         <kind>archive</kind>
         <file>USS_SW_CCS_large_code_large_data.lib</file>
         <name>ussSwLibCommonAlgorithms.obj</name>
      </input_file>
      <input_file id="fl-ba">
         <path>/home/nikhil/ti/ccs1210/ccs/tools/compiler/ti-cgt-msp430_21.6.0.LTS/lib/</path>
         <kind>archive</kind>
         <file>rts430x_lc_ld_eabi.lib</file>
         <name>cpy_tbl.c.obj</name>
      </input_file>
      <input_file id="fl-bb">
         <path>/home/nikhil/ti/ccs1210/ccs/tools/compiler/ti-cgt-msp430_21.6.0.LTS/lib/</path>
         <kind>archive</kind>
         <file>rts430x_lc_ld_eabi.lib</file>
         <name>exit.c.obj</name>
      </input_file>
      <input_file id="fl-bc">
         <path>/home/nikhil/ti/ccs1210/ccs/tools/compiler/ti-cgt-msp430_21.6.0.LTS/lib/</path>
         <kind>archive</kind>
         <file>rts430x_lc_ld_eabi.lib</file>
         <name>exit_gvars.c.obj</name>
      </input_file>
      <input_file id="fl-bd">
         <path>/home/nikhil/ti/ccs1210/ccs/tools/compiler/ti-cgt-msp430_21.6.0.LTS/lib/</path>
         <kind>archive</kind>
         <file>rts430x_lc_ld_eabi.lib</file>
         <name>_lock.c.obj</name>
      </input_file>
      <input_file id="fl-be">
         <path>/home/nikhil/ti/ccs1210/ccs/tools/compiler/ti-cgt-msp430_21.6.0.LTS/lib/</path>
         <kind>archive</kind>
         <file>rts430x_lc_ld_eabi.lib</file>
         <name>labs.c.obj</name>
      </input_file>
      <input_file id="fl-bf">
         <path>/home/nikhil/ti/ccs1210/ccs/tools/compiler/ti-cgt-msp430_21.6.0.LTS/lib/</path>
         <kind>archive</kind>
         <file>rts430x_lc_ld_eabi.lib</file>
         <name>e_log10f.c.obj</name>
      </input_file>
      <input_file id="fl-c0">
         <path>/home/nikhil/ti/ccs1210/ccs/tools/compiler/ti-cgt-msp430_21.6.0.LTS/lib/</path>
         <kind>archive</kind>
         <file>rts430x_lc_ld_eabi.lib</file>
         <name>fs_ltof.asm.obj</name>
      </input_file>
      <input_file id="fl-c1">
         <path>/home/nikhil/ti/ccs1210/ccs/tools/compiler/ti-cgt-msp430_21.6.0.LTS/lib/</path>
         <kind>archive</kind>
         <file>rts430x_lc_ld_eabi.lib</file>
         <name>errno.c.obj</name>
      </input_file>
      <input_file id="fl-c2">
         <path>/home/nikhil/ti/ccs1210/ccs/tools/compiler/ti-cgt-msp430_21.6.0.LTS/lib/</path>
         <kind>archive</kind>
         <file>rts430x_lc_ld_eabi.lib</file>
         <name>memcpy.c.obj</name>
      </input_file>
   </input_file_list>
   <object_component_list>
      <object_component id="oc-a99">
         <name>.TI.persistent:gNVMemBlock</name>
         <load_address>0x4000</load_address>
         <run_address>0x4000</run_address>
         <size>0xa50</size>
         <input_file_ref idref="fl-4"/>
      </object_component>
      <object_component id="oc-96d">
         <name>.TI.persistent:ussAlgConfig</name>
         <load_address>0x4a50</load_address>
         <run_address>0x4a50</run_address>
         <size>0x8a</size>
         <input_file_ref idref="fl-4"/>
      </object_component>
      <object_component id="oc-866">
         <name>.TI.persistent</name>
         <load_address>0x4ada</load_address>
         <run_address>0x4ada</run_address>
         <size>0x38</size>
         <input_file_ref idref="fl-5"/>
      </object_component>
      <object_component id="oc-a9c">
         <name>.TI.persistent:gUSSHilbertCoeffs</name>
         <load_address>0x4b12</load_address>
         <run_address>0x4b12</run_address>
         <size>0x30</size>
         <input_file_ref idref="fl-4"/>
      </object_component>
      <object_component id="oc-8d7">
         <name>.TI.persistent:gUssSWConfig</name>
         <load_address>0x4b42</load_address>
         <run_address>0x4b42</run_address>
         <size>0x22</size>
         <input_file_ref idref="fl-4"/>
      </object_component>
      <object_component id="oc-961">
         <name>.TI.persistent:ussMeasurementConfig</name>
         <load_address>0x4b64</load_address>
         <run_address>0x4b64</run_address>
         <size>0x22</size>
         <input_file_ref idref="fl-4"/>
      </object_component>
      <object_component id="oc-967">
         <name>.TI.persistent:ussCaptureConfig</name>
         <load_address>0x4b86</load_address>
         <run_address>0x4b86</run_address>
         <size>0x1a</size>
         <input_file_ref idref="fl-4"/>
      </object_component>
      <object_component id="oc-a8b">
         <name>.TI.persistent:ussPulseConfig</name>
         <load_address>0x4ba0</load_address>
         <run_address>0x4ba0</run_address>
         <size>0x14</size>
         <input_file_ref idref="fl-4"/>
      </object_component>
      <object_component id="oc-95e">
         <name>.TI.persistent:ussMeterConfig</name>
         <load_address>0x4bb4</load_address>
         <run_address>0x4bb4</run_address>
         <size>0x10</size>
         <input_file_ref idref="fl-4"/>
      </object_component>
      <object_component id="oc-964">
         <name>.TI.persistent:ussPLLConfig</name>
         <load_address>0x4bc4</load_address>
         <run_address>0x4bc4</run_address>
         <size>0xc</size>
         <input_file_ref idref="fl-4"/>
      </object_component>
      <object_component id="oc-95b">
         <name>.TI.persistent:ussSystemConfig</name>
         <load_address>0x4bd0</load_address>
         <run_address>0x4bd0</run_address>
         <size>0xc</size>
         <input_file_ref idref="fl-4"/>
      </object_component>
      <object_component id="oc-b5f">
         <name>.TI.persistent:singDualToneConfig</name>
         <load_address>0x4bdc</load_address>
         <run_address>0x4bdc</run_address>
         <size>0x4</size>
         <input_file_ref idref="fl-4"/>
      </object_component>
      <object_component id="oc-970">
         <name>.TI.persistent:ussInterruptConfig</name>
         <load_address>0x4be0</load_address>
         <run_address>0x4be0</run_address>
         <size>0x2</size>
         <input_file_ref idref="fl-4"/>
      </object_component>
      <object_component id="oc-96a">
         <name>.TI.persistent:ussTriggerConfig</name>
         <load_address>0x4be2</load_address>
         <run_address>0x4be2</run_address>
         <size>0x2</size>
         <input_file_ref idref="fl-4"/>
      </object_component>
      <object_component id="oc-7c8">
         <name>.libVersion:retain</name>
         <load_address>0x43ff0</load_address>
         <run_address>0x43ff0</run_address>
         <size>0x8</size>
         <input_file_ref idref="fl-b9"/>
      </object_component>
      <object_component id="oc-cae">
         <name>.cinit..bss.load</name>
         <load_address>0x5a6e</load_address>
         <run_address>0x5a6e</run_address>
         <size>0x6</size>
      </object_component>
      <object_component id="oc-caf">
         <name>.cinit..leaRAM.load</name>
         <load_address>0x5a74</load_address>
         <run_address>0x5a74</run_address>
         <size>0x6</size>
      </object_component>
      <object_component id="oc-cac">
         <name>__TI_handler_table</name>
         <load_address>0x5a7a</load_address>
         <run_address>0x5a7a</run_address>
         <size>0x4</size>
      </object_component>
      <object_component id="oc-cad">
         <name>__TI_cinit_table</name>
         <load_address>0x5a7e</load_address>
         <run_address>0x5a7e</run_address>
         <size>0x10</size>
      </object_component>
      <object_component id="oc-c3d">
         <name>.binit</name>
         <load_address>0x4000</load_address>
         <run_address>0x4000</run_address>
         <size>0x0</size>
      </object_component>
      <object_component id="oc-7e1">
         <name>.text:_isr:ISR_SDHS</name>
         <load_address>0x5710</load_address>
         <run_address>0x5710</run_address>
         <size>0x9e</size>
         <input_file_ref idref="fl-5"/>
      </object_component>
      <object_component id="oc-7e7">
         <name>.text:_isr:ISR_SAPH</name>
         <load_address>0x57ae</load_address>
         <run_address>0x57ae</run_address>
         <size>0x6a</size>
         <input_file_ref idref="fl-5"/>
      </object_component>
      <object_component id="oc-7f3">
         <name>.text:_isr:ISR_UUPS</name>
         <load_address>0x5818</load_address>
         <run_address>0x5818</run_address>
         <size>0x52</size>
         <input_file_ref idref="fl-5"/>
      </object_component>
      <object_component id="oc-804">
         <name>.text:_isr:USSLIB_HAL_TIMER_INT_CCRn</name>
         <load_address>0x586a</load_address>
         <run_address>0x586a</run_address>
         <size>0x2a</size>
         <input_file_ref idref="fl-5"/>
      </object_component>
      <object_component id="oc-7ed">
         <name>.text:_isr:ISR_HSPLL</name>
         <load_address>0x5894</load_address>
         <run_address>0x5894</run_address>
         <size>0x24</size>
         <input_file_ref idref="fl-5"/>
      </object_component>
      <object_component id="oc-80a">
         <name>.text:_isr:USSLIB_HAL_TIMER_INT</name>
         <load_address>0x58b8</load_address>
         <run_address>0x58b8</run_address>
         <size>0x22</size>
         <input_file_ref idref="fl-5"/>
      </object_component>
      <object_component id="oc-7f9">
         <name>.text:_isr:USS_LEA_ISR</name>
         <load_address>0x58da</load_address>
         <run_address>0x58da</run_address>
         <size>0x20</size>
         <input_file_ref idref="fl-5"/>
      </object_component>
      <object_component id="oc-840">
         <name>.text:_isr:_c_int00_noargs_mpu</name>
         <load_address>0x58fa</load_address>
         <run_address>0x58fa</run_address>
         <size>0x20</size>
         <input_file_ref idref="fl-b3"/>
      </object_component>
      <object_component id="oc-810">
         <name>.text:_isr:DMA_HSPLL</name>
         <load_address>0x591a</load_address>
         <run_address>0x591a</run_address>
         <size>0xa</size>
         <input_file_ref idref="fl-5"/>
      </object_component>
      <object_component id="oc-7ff">
         <name>.text:_isr:__TI_ISR_TRAP</name>
         <load_address>0x5924</load_address>
         <run_address>0x5924</run_address>
         <size>0x8</size>
         <input_file_ref idref="fl-6d"/>
      </object_component>
      <object_component id="oc-bed">
         <name>.USS_ramfunc:USS_computeAbsTOF_hilbert</name>
         <load_address>0x4c00</load_address>
         <run_address>0x4c00</run_address>
         <size>0x296</size>
         <input_file_ref idref="fl-55"/>
      </object_component>
      <object_component id="oc-c37">
         <name>.USS_ramfunc:USS_iq30Atan2</name>
         <load_address>0x4e96</load_address>
         <run_address>0x4e96</run_address>
         <size>0x1e2</size>
         <input_file_ref idref="fl-5f"/>
      </object_component>
      <object_component id="oc-c0e">
         <name>.USS_ramfunc:USS_computeAbsTOF_lobe_track</name>
         <load_address>0x5078</load_address>
         <run_address>0x5078</run_address>
         <size>0x178</size>
         <input_file_ref idref="fl-57"/>
      </object_component>
      <object_component id="oc-c18">
         <name>.USS_ramfunc:USS_corr3</name>
         <load_address>0x51f0</load_address>
         <run_address>0x51f0</run_address>
         <size>0x104</size>
         <input_file_ref idref="fl-52"/>
      </object_component>
      <object_component id="oc-bfc">
         <name>.USS_ramfunc:USS_iq31Div</name>
         <load_address>0x52f4</load_address>
         <run_address>0x52f4</run_address>
         <size>0xfc</size>
         <input_file_ref idref="fl-5f"/>
      </object_component>
      <object_component id="oc-c1f">
         <name>.USS_ramfunc:USS_cosInterpolation</name>
         <load_address>0x53f0</load_address>
         <run_address>0x53f0</run_address>
         <size>0xd6</size>
         <input_file_ref idref="fl-5d"/>
      </object_component>
      <object_component id="oc-c3a">
         <name>.USS_ramfunc:USS_iq31toiq29Asin</name>
         <load_address>0x54c6</load_address>
         <run_address>0x54c6</run_address>
         <size>0xc4</size>
         <input_file_ref idref="fl-5f"/>
      </object_component>
      <object_component id="oc-c3b">
         <name>.USS_ramfunc:USS_iq31Cos</name>
         <load_address>0x558a</load_address>
         <run_address>0x558a</run_address>
         <size>0x92</size>
         <input_file_ref idref="fl-5f"/>
      </object_component>
      <object_component id="oc-bee">
         <name>.USS_ramfunc:USS_computeAbsTOF_lobe</name>
         <load_address>0x561c</load_address>
         <run_address>0x561c</run_address>
         <size>0x58</size>
         <input_file_ref idref="fl-57"/>
      </object_component>
      <object_component id="oc-bfe">
         <name>.USS_ramfunc:USS_runParabolicInterpolation32</name>
         <load_address>0x5674</load_address>
         <run_address>0x5674</run_address>
         <size>0x42</size>
         <input_file_ref idref="fl-52"/>
      </object_component>
      <object_component id="oc-c17">
         <name>.USS_ramfunc:USS_runWindow</name>
         <load_address>0x56b6</load_address>
         <run_address>0x56b6</run_address>
         <size>0x3c</size>
         <input_file_ref idref="fl-52"/>
      </object_component>
      <object_component id="oc-c31">
         <name>.USS_ramfunc:USS_runParabolicInterpolation</name>
         <load_address>0x56f2</load_address>
         <run_address>0x56f2</run_address>
         <size>0x1e</size>
         <input_file_ref idref="fl-52"/>
      </object_component>
      <object_component id="oc-c3c">
         <name>.const:_Q16div_coeffs</name>
         <load_address>0x592c</load_address>
         <run_address>0x592c</run_address>
         <size>0x100</size>
         <input_file_ref idref="fl-69"/>
      </object_component>
      <object_component id="oc-9e9">
         <name>.const:.string:_IQ6div_lookup</name>
         <load_address>0x5a2c</load_address>
         <run_address>0x5a2c</run_address>
         <size>0x41</size>
         <input_file_ref idref="fl-66"/>
      </object_component>
      <object_component id="oc-a09">
         <name>.text:USS_init</name>
         <load_address>0x10000</load_address>
         <run_address>0x10000</run_address>
         <size>0xa92</size>
         <input_file_ref idref="fl-53"/>
      </object_component>
      <object_component id="oc-bec">
         <name>.text:USS_computeAbsTOF_lobeWide</name>
         <load_address>0x10a92</load_address>
         <run_address>0x10a92</run_address>
         <size>0x856</size>
         <input_file_ref idref="fl-58"/>
      </object_component>
      <object_component id="oc-bef">
         <name>.text:USS_computeDeltaTOF_estimate</name>
         <load_address>0x112e8</load_address>
         <run_address>0x112e8</run_address>
         <size>0x4d2</size>
         <input_file_ref idref="fl-59"/>
      </object_component>
      <object_component id="oc-8e7">
         <name>.text:USS_initAlgorithms</name>
         <load_address>0x117ba</load_address>
         <run_address>0x117ba</run_address>
         <size>0x49a</size>
         <input_file_ref idref="fl-51"/>
      </object_component>
      <object_component id="oc-bf0">
         <name>.text:USS_computeDeltaTOF_water</name>
         <load_address>0x11c54</load_address>
         <run_address>0x11c54</run_address>
         <size>0x34e</size>
         <input_file_ref idref="fl-5a"/>
      </object_component>
      <object_component id="oc-b8a">
         <name>.text:__mspabi_divull</name>
         <load_address>0x11fa2</load_address>
         <run_address>0x11fa2</run_address>
         <size>0x34e</size>
         <input_file_ref idref="fl-96"/>
      </object_component>
      <object_component id="oc-beb">
         <name>.text:USS_computeAbsTOF_hilbertWide</name>
         <load_address>0x122f0</load_address>
         <run_address>0x122f0</run_address>
         <size>0x34c</size>
         <input_file_ref idref="fl-56"/>
      </object_component>
      <object_component id="oc-8e0">
         <name>.text:USS_verifyHSPLLFrequency</name>
         <load_address>0x1263c</load_address>
         <run_address>0x1263c</run_address>
         <size>0x2d4</size>
         <input_file_ref idref="fl-f"/>
      </object_component>
      <object_component id="oc-ab0">
         <name>.text:commonValidateSAPHconfigruation</name>
         <load_address>0x12910</load_address>
         <run_address>0x12910</run_address>
         <size>0x278</size>
         <input_file_ref idref="fl-9"/>
      </object_component>
      <object_component id="oc-bfb">
         <name>.text:USS_corrN</name>
         <load_address>0x12b88</load_address>
         <run_address>0x12b88</run_address>
         <size>0x250</size>
         <input_file_ref idref="fl-52"/>
      </object_component>
      <object_component id="oc-c0d">
         <name>.text:USS_computeAbsTOF_lobe_search</name>
         <load_address>0x12dd8</load_address>
         <run_address>0x12dd8</run_address>
         <size>0x244</size>
         <input_file_ref idref="fl-57"/>
      </object_component>
      <object_component id="oc-b06">
         <name>.text:USS_updateADCParams</name>
         <load_address>0x1301c</load_address>
         <run_address>0x1301c</run_address>
         <size>0x228</size>
         <input_file_ref idref="fl-60"/>
      </object_component>
      <object_component id="oc-c1e">
         <name>.text:USS_runSampleCorrection</name>
         <load_address>0x13244</load_address>
         <run_address>0x13244</run_address>
         <size>0x226</size>
         <input_file_ref idref="fl-59"/>
      </object_component>
      <object_component id="oc-c27">
         <name>.text:USS_runSampleCorrection</name>
         <load_address>0x1346a</load_address>
         <run_address>0x1346a</run_address>
         <size>0x208</size>
         <input_file_ref idref="fl-5a"/>
      </object_component>
      <object_component id="oc-b24">
         <name>.text:privateRunAlg</name>
         <load_address>0x13672</load_address>
         <run_address>0x13672</run_address>
         <size>0x1ec</size>
         <input_file_ref idref="fl-51"/>
      </object_component>
      <object_component id="oc-983">
         <name>.text:USS_updateSAPHConfiguration</name>
         <load_address>0x1385e</load_address>
         <run_address>0x1385e</run_address>
         <size>0x1d4</size>
         <input_file_ref idref="fl-10"/>
      </object_component>
      <object_component id="oc-c2a">
         <name>.text:_IQ16div</name>
         <load_address>0x13a32</load_address>
         <run_address>0x13a32</run_address>
         <size>0x1d4</size>
         <input_file_ref idref="fl-63"/>
      </object_component>
      <object_component id="oc-b04">
         <name>.text:_IQ21div</name>
         <load_address>0x13c06</load_address>
         <run_address>0x13c06</run_address>
         <size>0x1d4</size>
         <input_file_ref idref="fl-63"/>
      </object_component>
      <object_component id="oc-8e6">
         <name>.text:_IQ27div</name>
         <load_address>0x13dda</load_address>
         <run_address>0x13dda</run_address>
         <size>0x1d4</size>
         <input_file_ref idref="fl-63"/>
      </object_component>
      <object_component id="oc-bbb">
         <name>.text:USS_run</name>
         <load_address>0x13fae</load_address>
         <run_address>0x13fae</run_address>
         <size>0x1d2</size>
         <input_file_ref idref="fl-54"/>
      </object_component>
      <object_component id="oc-c28">
         <name>.text:_IQ28div</name>
         <load_address>0x14180</load_address>
         <run_address>0x14180</run_address>
         <size>0x1d2</size>
         <input_file_ref idref="fl-63"/>
      </object_component>
      <object_component id="oc-c2e">
         <name>.text:_IQ30div</name>
         <load_address>0x14352</load_address>
         <run_address>0x14352</run_address>
         <size>0x1c2</size>
         <input_file_ref idref="fl-63"/>
      </object_component>
      <object_component id="oc-c0f">
         <name>.text:USS_generateWindow</name>
         <load_address>0x14514</load_address>
         <run_address>0x14514</run_address>
         <size>0x190</size>
         <input_file_ref idref="fl-59"/>
      </object_component>
      <object_component id="oc-a0a">
         <name>.text:USS_updateClockRelativeError</name>
         <load_address>0x146a4</load_address>
         <run_address>0x146a4</run_address>
         <size>0x164</size>
         <input_file_ref idref="fl-51"/>
      </object_component>
      <object_component id="oc-ab6">
         <name>.text:commonConfigurePPGDutyCyle</name>
         <load_address>0x14808</load_address>
         <run_address>0x14808</run_address>
         <size>0x162</size>
         <input_file_ref idref="fl-9"/>
      </object_component>
      <object_component id="oc-c26">
         <name>.text:USS_generateWindow</name>
         <load_address>0x1496a</load_address>
         <run_address>0x1496a</run_address>
         <size>0x160</size>
         <input_file_ref idref="fl-5a"/>
      </object_component>
      <object_component id="oc-aff">
         <name>.text</name>
         <load_address>0x14aca</load_address>
         <run_address>0x14aca</run_address>
         <size>0x132</size>
         <input_file_ref idref="fl-8f"/>
      </object_component>
      <object_component id="oc-97c">
         <name>.text:USS_updateHSPLLConfiguration</name>
         <load_address>0x14bfc</load_address>
         <run_address>0x14bfc</run_address>
         <size>0x114</size>
         <input_file_ref idref="fl-10"/>
      </object_component>
      <object_component id="oc-889">
         <name>.text:main</name>
         <load_address>0x14d10</load_address>
         <run_address>0x14d10</run_address>
         <size>0xd6</size>
         <input_file_ref idref="fl-2"/>
      </object_component>
      <object_component id="oc-c29">
         <name>.text:USS_calculateMax</name>
         <load_address>0x14de6</load_address>
         <run_address>0x14de6</run_address>
         <size>0xd0</size>
         <input_file_ref idref="fl-52"/>
      </object_component>
      <object_component id="oc-b74">
         <name>.text:commonGetHSPLLFreqInHz</name>
         <load_address>0x14eb6</load_address>
         <run_address>0x14eb6</run_address>
         <size>0xca</size>
         <input_file_ref idref="fl-7"/>
      </object_component>
      <object_component id="oc-9ec">
         <name>.text:commonGetPLLFreqInHz</name>
         <load_address>0x14f80</load_address>
         <run_address>0x14f80</run_address>
         <size>0xca</size>
         <input_file_ref idref="fl-b9"/>
      </object_component>
      <object_component id="oc-c39">
         <name>.text:_Q15div</name>
         <load_address>0x1504a</load_address>
         <run_address>0x1504a</run_address>
         <size>0xbe</size>
         <input_file_ref idref="fl-68"/>
      </object_component>
      <object_component id="oc-a1c">
         <name>.text:USS_commonTriggerSingleCapture</name>
         <load_address>0x15108</load_address>
         <run_address>0x15108</run_address>
         <size>0xba</size>
         <input_file_ref idref="fl-12"/>
      </object_component>
      <object_component id="oc-a2a">
         <name>.text:USS_getResultsInFloat</name>
         <load_address>0x151c2</load_address>
         <run_address>0x151c2</run_address>
         <size>0xba</size>
         <input_file_ref idref="fl-51"/>
      </object_component>
      <object_component id="oc-b1d">
         <name>.text:commonIsconversionSuccessfull</name>
         <load_address>0x1527c</load_address>
         <run_address>0x1527c</run_address>
         <size>0xba</size>
         <input_file_ref idref="fl-c"/>
      </object_component>
      <object_component id="oc-9dd">
         <name>.text</name>
         <load_address>0x15336</load_address>
         <run_address>0x15336</run_address>
         <size>0xb8</size>
         <input_file_ref idref="fl-9e"/>
      </object_component>
      <object_component id="oc-bba">
         <name>.text:privatePadCaptures</name>
         <load_address>0x153ee</load_address>
         <run_address>0x153ee</run_address>
         <size>0xb6</size>
         <input_file_ref idref="fl-51"/>
      </object_component>
      <object_component id="oc-bea">
         <name>.text:USS_filter</name>
         <load_address>0x154a4</load_address>
         <run_address>0x154a4</run_address>
         <size>0xae</size>
         <input_file_ref idref="fl-5e"/>
      </object_component>
      <object_component id="oc-abc">
         <name>.text:commonUpdateUSSULPbiasDelay</name>
         <load_address>0x15552</load_address>
         <run_address>0x15552</run_address>
         <size>0x96</size>
         <input_file_ref idref="fl-c"/>
      </object_component>
      <object_component id="oc-9f7">
         <name>.text</name>
         <load_address>0x155e8</load_address>
         <run_address>0x155e8</run_address>
         <size>0x90</size>
         <input_file_ref idref="fl-91"/>
      </object_component>
      <object_component id="oc-bf1">
         <name>.text:USS_computeVolumeFlowRate_gas</name>
         <load_address>0x15678</load_address>
         <run_address>0x15678</run_address>
         <size>0x8a</size>
         <input_file_ref idref="fl-5b"/>
      </object_component>
      <object_component id="oc-bf2">
         <name>.text:USS_computeVolumeFlowRate_water</name>
         <load_address>0x15702</load_address>
         <run_address>0x15702</run_address>
         <size>0x8a</size>
         <input_file_ref idref="fl-5c"/>
      </object_component>
      <object_component id="oc-883">
         <name>.text:_system_pre_init</name>
         <load_address>0x1578c</load_address>
         <run_address>0x1578c</run_address>
         <size>0x84</size>
         <input_file_ref idref="fl-3"/>
      </object_component>
      <object_component id="oc-c36">
         <name>.text:USS_generateOmega</name>
         <load_address>0x15810</load_address>
         <run_address>0x15810</run_address>
         <size>0x82</size>
         <input_file_ref idref="fl-5d"/>
      </object_component>
      <object_component id="oc-98a">
         <name>.text:USS_updateSDHSConfiguration</name>
         <load_address>0x15892</load_address>
         <run_address>0x15892</run_address>
         <size>0x82</size>
         <input_file_ref idref="fl-10"/>
      </object_component>
      <object_component id="oc-c0c">
         <name>.text:_IQ15rsmpy</name>
         <load_address>0x15914</load_address>
         <run_address>0x15914</run_address>
         <size>0x80</size>
         <input_file_ref idref="fl-62"/>
      </object_component>
      <object_component id="oc-ac8">
         <name>.text:commonTimerGenerateLowPowerDelay</name>
         <load_address>0x15994</load_address>
         <run_address>0x15994</run_address>
         <size>0x80</size>
         <input_file_ref idref="fl-b"/>
      </object_component>
      <object_component id="oc-c32">
         <name>.text:_IQ19rsmpy</name>
         <load_address>0x15a14</load_address>
         <run_address>0x15a14</run_address>
         <size>0x7e</size>
         <input_file_ref idref="fl-62"/>
      </object_component>
      <object_component id="oc-9e2">
         <name>.text</name>
         <load_address>0x15a92</load_address>
         <run_address>0x15a92</run_address>
         <size>0x7e</size>
         <input_file_ref idref="fl-98"/>
      </object_component>
      <object_component id="oc-c05">
         <name>.text:_IQ30rsmpy</name>
         <load_address>0x15b10</load_address>
         <run_address>0x15b10</run_address>
         <size>0x7c</size>
         <input_file_ref idref="fl-62"/>
      </object_component>
      <object_component id="oc-ac2">
         <name>.text:commonValidateSDHSconfigruation</name>
         <load_address>0x15b8c</load_address>
         <run_address>0x15b8c</run_address>
         <size>0x7a</size>
         <input_file_ref idref="fl-a"/>
      </object_component>
      <object_component id="oc-92d">
         <name>.text:__TI_auto_init_nobinit_nopinit_hold_wdt:__TI_auto_init_nobinit_nopinit_hold_wdt</name>
         <load_address>0x15c06</load_address>
         <run_address>0x15c06</run_address>
         <size>0x78</size>
         <input_file_ref idref="fl-b6"/>
      </object_component>
      <object_component id="oc-a23">
         <name>.text:USS_runAlgorithmsFixedPoint</name>
         <load_address>0x15c7e</load_address>
         <run_address>0x15c7e</run_address>
         <size>0x74</size>
         <input_file_ref idref="fl-51"/>
      </object_component>
      <object_component id="oc-b28">
         <name>.text:_IQ16toF</name>
         <load_address>0x15cf2</load_address>
         <run_address>0x15cf2</run_address>
         <size>0x72</size>
         <input_file_ref idref="fl-65"/>
      </object_component>
      <object_component id="oc-b05">
         <name>.text:_IQ21toF</name>
         <load_address>0x15d64</load_address>
         <run_address>0x15d64</run_address>
         <size>0x72</size>
         <input_file_ref idref="fl-65"/>
      </object_component>
      <object_component id="oc-b07">
         <name>.text:_IQ27toF</name>
         <load_address>0x15dd6</load_address>
         <run_address>0x15dd6</run_address>
         <size>0x72</size>
         <input_file_ref idref="fl-65"/>
      </object_component>
      <object_component id="oc-b27">
         <name>.text:_IQ30toF</name>
         <load_address>0x15e48</load_address>
         <run_address>0x15e48</run_address>
         <size>0x72</size>
         <input_file_ref idref="fl-65"/>
      </object_component>
      <object_component id="oc-8ee">
         <name>.text:USS_startLowPowerUltrasonicCapture</name>
         <load_address>0x15eba</load_address>
         <run_address>0x15eba</run_address>
         <size>0x6c</size>
         <input_file_ref idref="fl-12"/>
      </object_component>
      <object_component id="oc-a10">
         <name>.text</name>
         <load_address>0x15f26</load_address>
         <run_address>0x15f26</run_address>
         <size>0x68</size>
         <input_file_ref idref="fl-97"/>
      </object_component>
      <object_component id="oc-9ea">
         <name>.text:commonValidateAlgorithmsConfiguration</name>
         <load_address>0x15f8e</load_address>
         <run_address>0x15f8e</run_address>
         <size>0x66</size>
         <input_file_ref idref="fl-b9"/>
      </object_component>
      <object_component id="oc-af8">
         <name>.text:commonValidateMeterConstantConfiguration</name>
         <load_address>0x15ff4</load_address>
         <run_address>0x15ff4</run_address>
         <size>0x60</size>
         <input_file_ref idref="fl-b9"/>
      </object_component>
      <object_component id="oc-bbd">
         <name>.text:USS_addOffset</name>
         <load_address>0x16054</load_address>
         <run_address>0x16054</run_address>
         <size>0x5e</size>
         <input_file_ref idref="fl-52"/>
      </object_component>
      <object_component id="oc-be8">
         <name>.text:USS_lea_invokeCommand</name>
         <load_address>0x160b2</load_address>
         <run_address>0x160b2</run_address>
         <size>0x5e</size>
         <input_file_ref idref="fl-52"/>
      </object_component>
      <object_component id="oc-bb8">
         <name>.text:USS_scaleSamples</name>
         <load_address>0x16110</load_address>
         <run_address>0x16110</run_address>
         <size>0x5e</size>
         <input_file_ref idref="fl-52"/>
      </object_component>
      <object_component id="oc-c2b">
         <name>.text:_IQ21mpy</name>
         <load_address>0x1616e</load_address>
         <run_address>0x1616e</run_address>
         <size>0x5c</size>
         <input_file_ref idref="fl-64"/>
      </object_component>
      <object_component id="oc-b7a">
         <name>.text:__mpyll</name>
         <load_address>0x161ca</load_address>
         <run_address>0x161ca</run_address>
         <size>0x5c</size>
         <input_file_ref idref="fl-a4"/>
      </object_component>
      <object_component id="oc-b17">
         <name>.text:commonWaitForconversion</name>
         <load_address>0x16226</load_address>
         <run_address>0x16226</run_address>
         <size>0x5a</size>
         <input_file_ref idref="fl-c"/>
      </object_component>
      <object_component id="oc-9ed">
         <name>.text</name>
         <load_address>0x16280</load_address>
         <run_address>0x16280</run_address>
         <size>0x58</size>
         <input_file_ref idref="fl-95"/>
      </object_component>
      <object_component id="oc-c10">
         <name>.text:_IQ12rmpy</name>
         <load_address>0x162d8</load_address>
         <run_address>0x162d8</run_address>
         <size>0x56</size>
         <input_file_ref idref="fl-61"/>
      </object_component>
      <object_component id="oc-bbc">
         <name>.text:USS_addSamples</name>
         <load_address>0x1632e</load_address>
         <run_address>0x1632e</run_address>
         <size>0x54</size>
         <input_file_ref idref="fl-52"/>
      </object_component>
      <object_component id="oc-c2c">
         <name>.text:USS_corr</name>
         <load_address>0x16382</load_address>
         <run_address>0x16382</run_address>
         <size>0x54</size>
         <input_file_ref idref="fl-52"/>
      </object_component>
      <object_component id="oc-bfd">
         <name>.text:_IQ20mpy</name>
         <load_address>0x163d6</load_address>
         <run_address>0x163d6</run_address>
         <size>0x54</size>
         <input_file_ref idref="fl-64"/>
      </object_component>
      <object_component id="oc-b90">
         <name>.text:__mspabi_remull</name>
         <load_address>0x1642a</load_address>
         <run_address>0x1642a</run_address>
         <size>0x54</size>
         <input_file_ref idref="fl-aa"/>
      </object_component>
      <object_component id="oc-bfa">
         <name>.text:USS_fir</name>
         <load_address>0x1647e</load_address>
         <run_address>0x1647e</run_address>
         <size>0x52</size>
         <input_file_ref idref="fl-52"/>
      </object_component>
      <object_component id="oc-a2d">
         <name>.text:uartTxHexByte</name>
         <load_address>0x164d0</load_address>
         <run_address>0x164d0</run_address>
         <size>0x52</size>
         <input_file_ref idref="fl-2"/>
      </object_component>
      <object_component id="oc-bf8">
         <name>.text:USS_copyArrayRight</name>
         <load_address>0x16522</load_address>
         <run_address>0x16522</run_address>
         <size>0x50</size>
         <input_file_ref idref="fl-52"/>
      </object_component>
      <object_component id="oc-8fa">
         <name>.text:uartTxUSSResult</name>
         <load_address>0x16572</load_address>
         <run_address>0x16572</run_address>
         <size>0x50</size>
         <input_file_ref idref="fl-2"/>
      </object_component>
      <object_component id="oc-be9">
         <name>.text:USS_copyArrayLeft</name>
         <load_address>0x165c2</load_address>
         <run_address>0x165c2</run_address>
         <size>0x4e</size>
         <input_file_ref idref="fl-52"/>
      </object_component>
      <object_component id="oc-afe">
         <name>.text:USS_lea_init</name>
         <load_address>0x16610</load_address>
         <run_address>0x16610</run_address>
         <size>0x4e</size>
         <input_file_ref idref="fl-50"/>
      </object_component>
      <object_component id="oc-c06">
         <name>.text:_IQ19mpy</name>
         <load_address>0x1665e</load_address>
         <run_address>0x1665e</run_address>
         <size>0x4e</size>
         <input_file_ref idref="fl-64"/>
      </object_component>
      <object_component id="oc-c33">
         <name>.text:_Q12rmpy</name>
         <load_address>0x166ac</load_address>
         <run_address>0x166ac</run_address>
         <size>0x4e</size>
         <input_file_ref idref="fl-67"/>
      </object_component>
      <object_component id="oc-998">
         <name>.text:commonTimerConfigureTimer</name>
         <load_address>0x166fa</load_address>
         <run_address>0x166fa</run_address>
         <size>0x4e</size>
         <input_file_ref idref="fl-b"/>
      </object_component>
      <object_component id="oc-991">
         <name>.text:USS_updateUSSInterruptsConfiguration</name>
         <load_address>0x16748</load_address>
         <run_address>0x16748</run_address>
         <size>0x4c</size>
         <input_file_ref idref="fl-10"/>
      </object_component>
      <object_component id="oc-9b3">
         <name>.text:commonTimerConfigurePeriodMeasurement</name>
         <load_address>0x16794</load_address>
         <run_address>0x16794</run_address>
         <size>0x4c</size>
         <input_file_ref idref="fl-b"/>
      </object_component>
      <object_component id="oc-a01">
         <name>.text</name>
         <load_address>0x167e0</load_address>
         <run_address>0x167e0</run_address>
         <size>0x4c</size>
         <input_file_ref idref="fl-9a"/>
      </object_component>
      <object_component id="oc-8da">
         <name>.text:USS_configureUltrasonicMeasurement</name>
         <load_address>0x1682c</load_address>
         <run_address>0x1682c</run_address>
         <size>0x4a</size>
         <input_file_ref idref="fl-12"/>
      </object_component>
      <object_component id="oc-bff">
         <name>.text:_IQ24mpy</name>
         <load_address>0x16876</load_address>
         <run_address>0x16876</run_address>
         <size>0x4a</size>
         <input_file_ref idref="fl-64"/>
      </object_component>
      <object_component id="oc-c25">
         <name>.text:_IQ30mpy</name>
         <load_address>0x168c0</load_address>
         <run_address>0x168c0</run_address>
         <size>0x48</size>
         <input_file_ref idref="fl-64"/>
      </object_component>
      <object_component id="oc-ae2">
         <name>.text:commonTimerWaitEvent</name>
         <load_address>0x16908</load_address>
         <run_address>0x16908</run_address>
         <size>0x48</size>
         <input_file_ref idref="fl-b"/>
      </object_component>
      <object_component id="oc-bb7">
         <name>.text:USS_copy</name>
         <load_address>0x16950</load_address>
         <run_address>0x16950</run_address>
         <size>0x46</size>
         <input_file_ref idref="fl-52"/>
      </object_component>
      <object_component id="oc-a7b">
         <name>.text:commonDetermineVariant</name>
         <load_address>0x16996</load_address>
         <run_address>0x16996</run_address>
         <size>0x40</size>
         <input_file_ref idref="fl-c"/>
      </object_component>
      <object_component id="oc-b6d">
         <name>.text</name>
         <load_address>0x169d6</load_address>
         <run_address>0x169d6</run_address>
         <size>0x40</size>
         <input_file_ref idref="fl-93"/>
      </object_component>
      <object_component id="oc-aa9">
         <name>.text:commonSDHSConfigModOpt</name>
         <load_address>0x16a16</load_address>
         <run_address>0x16a16</run_address>
         <size>0x3e</size>
         <input_file_ref idref="fl-a"/>
      </object_component>
      <object_component id="oc-a4f">
         <name>.text:l_asr_const</name>
         <load_address>0x16a54</load_address>
         <run_address>0x16a54</run_address>
         <size>0x3e</size>
         <input_file_ref idref="fl-ae"/>
      </object_component>
      <object_component id="oc-c00">
         <name>.text:l_lsl_const</name>
         <load_address>0x16a92</load_address>
         <run_address>0x16a92</run_address>
         <size>0x3e</size>
         <input_file_ref idref="fl-ac"/>
      </object_component>
      <object_component id="oc-9f2">
         <name>.text:l_lsr_const</name>
         <load_address>0x16ad0</load_address>
         <run_address>0x16ad0</run_address>
         <size>0x3e</size>
         <input_file_ref idref="fl-b1"/>
      </object_component>
      <object_component id="oc-952">
         <name>.text:USS_resetUSSModule</name>
         <load_address>0x16b0e</load_address>
         <run_address>0x16b0e</run_address>
         <size>0x3c</size>
         <input_file_ref idref="fl-10"/>
      </object_component>
      <object_component id="oc-9d1">
         <name>.text:commonSDHSRestoreSDHSDTCA</name>
         <load_address>0x16b4a</load_address>
         <run_address>0x16b4a</run_address>
         <size>0x3c</size>
         <input_file_ref idref="fl-a"/>
      </object_component>
      <object_component id="oc-b84">
         <name>.text:__mspabi_sllll</name>
         <load_address>0x16b86</load_address>
         <run_address>0x16b86</run_address>
         <size>0x3a</size>
         <input_file_ref idref="fl-ad"/>
      </object_component>
      <object_component id="oc-9cb">
         <name>.text:__mspabi_srlll</name>
         <load_address>0x16bc0</load_address>
         <run_address>0x16bc0</run_address>
         <size>0x3a</size>
         <input_file_ref idref="fl-b2"/>
      </object_component>
      <object_component id="oc-bf9">
         <name>.text:USS_zeroInit</name>
         <load_address>0x16bfa</load_address>
         <run_address>0x16bfa</run_address>
         <size>0x38</size>
         <input_file_ref idref="fl-52"/>
      </object_component>
      <object_component id="oc-a15">
         <name>.text:commonTimerConfigureTick</name>
         <load_address>0x16c32</load_address>
         <run_address>0x16c32</run_address>
         <size>0x38</size>
         <input_file_ref idref="fl-b"/>
      </object_component>
      <object_component id="oc-a0b">
         <name>.text</name>
         <load_address>0x16c6a</load_address>
         <run_address>0x16c6a</run_address>
         <size>0x36</size>
         <input_file_ref idref="fl-9b"/>
      </object_component>
      <object_component id="oc-ada">
         <name>.text:commonTimerPeriodMeasurementClear</name>
         <load_address>0x16ca0</load_address>
         <run_address>0x16ca0</run_address>
         <size>0x34</size>
         <input_file_ref idref="fl-b"/>
      </object_component>
      <object_component id="oc-baf">
         <name>.text:commonDisableCaptureInterrupts</name>
         <load_address>0x16cd4</load_address>
         <run_address>0x16cd4</run_address>
         <size>0x32</size>
         <input_file_ref idref="fl-8"/>
      </object_component>
      <object_component id="oc-9a1">
         <name>.text:commonPrepareForUSSPowerUp</name>
         <load_address>0x16d06</load_address>
         <run_address>0x16d06</run_address>
         <size>0x32</size>
         <input_file_ref idref="fl-c"/>
      </object_component>
      <object_component id="oc-9d8">
         <name>.text</name>
         <load_address>0x16d38</load_address>
         <run_address>0x16d38</run_address>
         <size>0x32</size>
         <input_file_ref idref="fl-9d"/>
      </object_component>
      <object_component id="oc-bb9">
         <name>.text:USS_getDNSPtr</name>
         <load_address>0x16d6a</load_address>
         <run_address>0x16d6a</run_address>
         <size>0x30</size>
         <input_file_ref idref="fl-51"/>
      </object_component>
      <object_component id="oc-bb6">
         <name>.text:USS_getUPSPtr</name>
         <load_address>0x16d9a</load_address>
         <run_address>0x16d9a</run_address>
         <size>0x30</size>
         <input_file_ref idref="fl-51"/>
      </object_component>
      <object_component id="oc-b0a">
         <name>.text:commonTimerConfigureDelay</name>
         <load_address>0x16dca</load_address>
         <run_address>0x16dca</run_address>
         <size>0x30</size>
         <input_file_ref idref="fl-b"/>
      </object_component>
      <object_component id="oc-aa3">
         <name>.text:commonValidateHSPLLconfiguration</name>
         <load_address>0x16dfa</load_address>
         <run_address>0x16dfa</run_address>
         <size>0x2e</size>
         <input_file_ref idref="fl-7"/>
      </object_component>
      <object_component id="oc-8f4">
         <name>.text:USS_runAlgorithms</name>
         <load_address>0x16e28</load_address>
         <run_address>0x16e28</run_address>
         <size>0x2c</size>
         <input_file_ref idref="fl-d"/>
      </object_component>
      <object_component id="oc-89b">
         <name>.text:__mpu_init</name>
         <load_address>0x16e54</load_address>
         <run_address>0x16e54</run_address>
         <size>0x2c</size>
         <input_file_ref idref="fl-b4"/>
      </object_component>
      <object_component id="oc-b7f">
         <name>.text:__mpyull</name>
         <load_address>0x16e80</load_address>
         <run_address>0x16e80</run_address>
         <size>0x2c</size>
         <input_file_ref idref="fl-a8"/>
      </object_component>
      <object_component id="oc-ba6">
         <name>.text:commonEnableCommonCaptureInterrupts</name>
         <load_address>0x16eac</load_address>
         <run_address>0x16eac</run_address>
         <size>0x28</size>
         <input_file_ref idref="fl-8"/>
      </object_component>
      <object_component id="oc-9ad">
         <name>.text:commonTimerPeriodMeasurementStart</name>
         <load_address>0x16ed4</load_address>
         <run_address>0x16ed4</run_address>
         <size>0x28</size>
         <input_file_ref idref="fl-b"/>
      </object_component>
      <object_component id="oc-a34">
         <name>.text:commonTimerWaitTickEvent</name>
         <load_address>0x16efc</load_address>
         <run_address>0x16efc</run_address>
         <size>0x26</size>
         <input_file_ref idref="fl-b"/>
      </object_component>
      <object_component id="oc-9c5">
         <name>.text:commonTimerPeriodMeasurementDisableInterrupts</name>
         <load_address>0x16f22</load_address>
         <run_address>0x16f22</run_address>
         <size>0x24</size>
         <input_file_ref idref="fl-b"/>
      </object_component>
      <object_component id="oc-81c">
         <name>.text:decompress:ZI:__TI_zero_init</name>
         <load_address>0x16f46</load_address>
         <run_address>0x16f46</run_address>
         <size>0x24</size>
         <input_file_ref idref="fl-8e"/>
      </object_component>
      <object_component id="oc-9fc">
         <name>.text</name>
         <load_address>0x16f6a</load_address>
         <run_address>0x16f6a</run_address>
         <size>0x24</size>
         <input_file_ref idref="fl-9c"/>
      </object_component>
      <object_component id="oc-c20">
         <name>.text</name>
         <load_address>0x16f8e</load_address>
         <run_address>0x16f8e</run_address>
         <size>0x24</size>
         <input_file_ref idref="fl-a2"/>
      </object_component>
      <object_component id="oc-975">
         <name>.text:USS_updateUUPSConfiguration</name>
         <load_address>0x16fb2</load_address>
         <run_address>0x16fb2</run_address>
         <size>0x1e</size>
         <input_file_ref idref="fl-10"/>
      </object_component>
      <object_component id="oc-a75">
         <name>.text:commonDetermineSiliconVersion</name>
         <load_address>0x16fd0</load_address>
         <run_address>0x16fd0</run_address>
         <size>0x1e</size>
         <input_file_ref idref="fl-c"/>
      </object_component>
      <object_component id="oc-9a7">
         <name>.text:commonPowerUpUSS</name>
         <load_address>0x16fee</load_address>
[...]
         <name>_IQ16toF</name>
         <value>0x15cf2</value>
         <object_component_ref idref="oc-b28"/>
      </symbol>
      <symbol id="sm-e59">
         <name>_IQ27toF</name>
         <value>0x15dd6</value>
         <object_component_ref idref="oc-b07"/>
      </symbol>
      <symbol id="sm-e5c">
         <name>_IQ6div_lookup</name>
         <value>0x5a2c</value>
         <object_component_ref idref="oc-9e9"/>
      </symbol>
      <symbol id="sm-e5f">
         <name>_Q12rmpy</name>
         <value>0x166ac</value>
         <object_component_ref idref="oc-c33"/>
      </symbol>
      <symbol id="sm-e6a">
         <name>_Q15div</name>
         <value>0x1504a</value>
         <object_component_ref idref="oc-c39"/>
      </symbol>
      <symbol id="sm-e6d">
         <name>_Q16div_coeffs</name>
         <value>0x592c</value>
         <object_component_ref idref="oc-c3c"/>
      </symbol>
      <symbol id="sm-e77">
         <name>__TI_int19</name>
         <value>0xffb6</value>
         <object_component_ref idref="oc-97"/>
      </symbol>
      <symbol id="sm-e7f">
         <name>__TI_ISR_TRAP</name>
         <value>0x5924</value>
         <object_component_ref idref="oc-7ff"/>
      </symbol>
      <symbol id="sm-e82">
         <name>__TI_int20</name>
         <value>0xffb8</value>
         <object_component_ref idref="oc-98"/>
      </symbol>
      <symbol id="sm-e85">
         <name>__TI_int21</name>
         <value>0xffba</value>
         <object_component_ref idref="oc-99"/>
      </symbol>
      <symbol id="sm-e88">
         <name>__TI_int22</name>
         <value>0xffbc</value>
         <object_component_ref idref="oc-9a"/>
      </symbol>
      <symbol id="sm-e8b">
         <name>__TI_int23</name>
         <value>0xffbe</value>
         <object_component_ref idref="oc-9b"/>
      </symbol>
      <symbol id="sm-e8e">
         <name>__TI_int24</name>
         <value>0xffc0</value>
         <object_component_ref idref="oc-9c"/>
      </symbol>
      <symbol id="sm-e91">
         <name>__TI_int25</name>
         <value>0xffc2</value>
         <object_component_ref idref="oc-9d"/>
      </symbol>
      <symbol id="sm-e94">
         <name>__TI_int26</name>
         <value>0xffc4</value>
         <object_component_ref idref="oc-9e"/>
      </symbol>
      <symbol id="sm-e97">
         <name>__TI_int27</name>
         <value>0xffc6</value>
         <object_component_ref idref="oc-9f"/>
      </symbol>
      <symbol id="sm-e9a">
         <name>__TI_int28</name>
         <value>0xffc8</value>
         <object_component_ref idref="oc-a0"/>
      </symbol>
      <symbol id="sm-e9d">
         <name>__TI_int29</name>
         <value>0xffca</value>
         <object_component_ref idref="oc-a1"/>
      </symbol>
      <symbol id="sm-ea0">
         <name>__TI_int30</name>
         <value>0xffcc</value>
         <object_component_ref idref="oc-a2"/>
      </symbol>
      <symbol id="sm-ea3">
         <name>__TI_int31</name>
         <value>0xffce</value>
         <object_component_ref idref="oc-a3"/>
      </symbol>
      <symbol id="sm-ea6">
         <name>__TI_int32</name>
         <value>0xffd0</value>
         <object_component_ref idref="oc-a4"/>
      </symbol>
      <symbol id="sm-ea9">
         <name>__TI_int33</name>
         <value>0xffd2</value>
         <object_component_ref idref="oc-a5"/>
      </symbol>
      <symbol id="sm-eac">
         <name>__TI_int34</name>
         <value>0xffd4</value>
         <object_component_ref idref="oc-a6"/>
      </symbol>
      <symbol id="sm-eaf">
         <name>__TI_int35</name>
         <value>0xffd6</value>
         <object_component_ref idref="oc-a7"/>
      </symbol>
      <symbol id="sm-eb2">
         <name>__TI_int36</name>
         <value>0xffd8</value>
         <object_component_ref idref="oc-a8"/>
      </symbol>
      <symbol id="sm-eb5">
         <name>__TI_int37</name>
         <value>0xffda</value>
         <object_component_ref idref="oc-a9"/>
      </symbol>
      <symbol id="sm-eb8">
         <name>__TI_int38</name>
         <value>0xffdc</value>
         <object_component_ref idref="oc-aa"/>
      </symbol>
      <symbol id="sm-ebb">
         <name>__TI_int39</name>
         <value>0xffde</value>
         <object_component_ref idref="oc-ab"/>
      </symbol>
      <symbol id="sm-ebe">
         <name>__TI_int43</name>
         <value>0xffe6</value>
         <object_component_ref idref="oc-af"/>
      </symbol>
      <symbol id="sm-ec1">
         <name>__TI_int44</name>
         <value>0xffe8</value>
         <object_component_ref idref="oc-b0"/>
      </symbol>
      <symbol id="sm-ec4">
         <name>__TI_int45</name>
         <value>0xffea</value>
         <object_component_ref idref="oc-b1"/>
      </symbol>
      <symbol id="sm-ec7">
         <name>__TI_int46</name>
         <value>0xffec</value>
         <object_component_ref idref="oc-b2"/>
      </symbol>
      <symbol id="sm-eca">
         <name>__TI_int47</name>
         <value>0xffee</value>
         <object_component_ref idref="oc-b3"/>
      </symbol>
      <symbol id="sm-ecd">
         <name>__TI_int48</name>
         <value>0xfff0</value>
         <object_component_ref idref="oc-b4"/>
      </symbol>
      <symbol id="sm-ed0">
         <name>__TI_int49</name>
         <value>0xfff2</value>
         <object_component_ref idref="oc-b5"/>
      </symbol>
      <symbol id="sm-ed3">
         <name>__TI_int50</name>
         <value>0xfff4</value>
         <object_component_ref idref="oc-b6"/>
      </symbol>
      <symbol id="sm-ed6">
         <name>__TI_int51</name>
         <value>0xfff6</value>
         <object_component_ref idref="oc-b7"/>
      </symbol>
      <symbol id="sm-ed9">
         <name>__TI_int52</name>
         <value>0xfff8</value>
         <object_component_ref idref="oc-b8"/>
      </symbol>
      <symbol id="sm-edc">
         <name>__TI_int53</name>
         <value>0xfffa</value>
         <object_component_ref idref="oc-b9"/>
      </symbol>
      <symbol id="sm-edf">
         <name>__TI_int54</name>
         <value>0xfffc</value>
         <object_component_ref idref="oc-ba"/>
      </symbol>
      <symbol id="sm-ef2">
         <name>__TI_zero_init</name>
         <value>0x16f46</value>
         <object_component_ref idref="oc-81c"/>
      </symbol>
      <symbol id="sm-f0d">
         <name>__mspabi_subf</name>
         <value>0x14aca</value>
         <object_component_ref idref="oc-aff"/>
      </symbol>
      <symbol id="sm-f0e">
         <name>__mspabi_addf</name>
         <value>0x14ad0</value>
         <object_component_ref idref="oc-aff"/>
      </symbol>
      <symbol id="sm-f21">
         <name>__mspabi_divf</name>
         <value>0x155e8</value>
         <object_component_ref idref="oc-9f7"/>
      </symbol>
      <symbol id="sm-f2e">
         <name>__mspabi_remli</name>
         <value>0x169d6</value>
         <object_component_ref idref="oc-b6d"/>
      </symbol>
      <symbol id="sm-f2f">
         <name>__mspabi_divli</name>
         <value>0x169d6</value>
         <object_component_ref idref="oc-b6d"/>
      </symbol>
      <symbol id="sm-f3e">
         <name>__mspabi_remul</name>
         <value>0x16280</value>
         <object_component_ref idref="oc-9ed"/>
      </symbol>
      <symbol id="sm-f3f">
         <name>__mspabi_divul</name>
         <value>0x16280</value>
         <object_component_ref idref="oc-9ed"/>
      </symbol>
      <symbol id="sm-f72">
         <name>__mspabi_divull</name>
         <value>0x11fa2</value>
         <object_component_ref idref="oc-b8a"/>
      </symbol>
      <symbol id="sm-f84">
         <name>__mspabi_fixfi</name>
         <value>0x15f26</value>
         <object_component_ref idref="oc-a10"/>
      </symbol>
      <symbol id="sm-f97">
         <name>__mspabi_fixfli</name>
         <value>0x15a92</value>
         <object_component_ref idref="oc-9e2"/>
      </symbol>
      <symbol id="sm-fa7">
         <name>__mspabi_fixful</name>
         <value>0x167e0</value>
         <object_component_ref idref="oc-a01"/>
      </symbol>
      <symbol id="sm-fb4">
         <name>__mspabi_fltif</name>
         <value>0x16c6a</value>
         <object_component_ref idref="oc-a0b"/>
      </symbol>
      <symbol id="sm-fbf">
         <name>__mspabi_fltuf</name>
         <value>0x16f6a</value>
         <object_component_ref idref="oc-9fc"/>
      </symbol>
      <symbol id="sm-fcb">
         <name>__mspabi_fltulf</name>
         <value>0x16d38</value>
         <object_component_ref idref="oc-9d8"/>
      </symbol>
      <symbol id="sm-fe2">
         <name>__mspabi_mpyf</name>
         <value>0x15336</value>
         <object_component_ref idref="oc-9dd"/>
      </symbol>
      <symbol id="sm-feb">
         <name>__mspabi_mpyi_f5hw</name>
         <value>0x17028</value>
         <object_component_ref idref="oc-b4f"/>
      </symbol>
      <symbol id="sm-ff4">
         <name>__mspabi_mpyl_f5hw</name>
         <value>0x16f8e</value>
         <object_component_ref idref="oc-c20"/>
      </symbol>
      <symbol id="sm-ffd">
         <name>__mspabi_mpyll_f5hw</name>
         <value>0x161ca</value>
         <object_component_ref idref="oc-b7a"/>
      </symbol>
      <symbol id="sm-1006">
         <name>__mspabi_mpysl_f5hw</name>
         <value>0x1700c</value>
         <object_component_ref idref="oc-c19"/>
      </symbol>
      <symbol id="sm-100f">
         <name>__mspabi_mpyull_f5hw</name>
         <value>0x16e80</value>
         <object_component_ref idref="oc-b7f"/>
      </symbol>
      <symbol id="sm-101c">
         <name>__mspabi_remull</name>
         <value>0x1642a</value>
         <object_component_ref idref="oc-b90"/>
      </symbol>
      <symbol id="sm-1025">
         <name>__mspabi_slll_9</name>
         <value>0x16aaa</value>
         <object_component_ref idref="oc-c00"/>
      </symbol>
      <symbol id="sm-1026">
         <name>__mspabi_slll_8</name>
         <value>0x16aae</value>
         <object_component_ref idref="oc-c00"/>
      </symbol>
      <symbol id="sm-1027">
         <name>__mspabi_slll_7</name>
         <value>0x16ab2</value>
         <object_component_ref idref="oc-c00"/>
      </symbol>
      <symbol id="sm-1028">
         <name>__mspabi_slll_6</name>
         <value>0x16ab6</value>
         <object_component_ref idref="oc-c00"/>
      </symbol>
      <symbol id="sm-1029">
         <name>__mspabi_slll_5</name>
         <value>0x16aba</value>
         <object_component_ref idref="oc-c00"/>
      </symbol>
      <symbol id="sm-102a">
         <name>__mspabi_slll_4</name>
         <value>0x16abe</value>
         <object_component_ref idref="oc-c00"/>
      </symbol>
      <symbol id="sm-102b">
         <name>__mspabi_slll_3</name>
         <value>0x16ac2</value>
         <object_component_ref idref="oc-c00"/>
      </symbol>
      <symbol id="sm-102c">
         <name>__mspabi_slll_2</name>
         <value>0x16ac6</value>
         <object_component_ref idref="oc-c00"/>
      </symbol>
      <symbol id="sm-102d">
         <name>__mspabi_slll_1</name>
         <value>0x16aca</value>
         <object_component_ref idref="oc-c00"/>
      </symbol>
      <symbol id="sm-102e">
         <name>__mspabi_slll_15</name>
         <value>0x16a92</value>
         <object_component_ref idref="oc-c00"/>
      </symbol>
      <symbol id="sm-102f">
         <name>__mspabi_slll_14</name>
         <value>0x16a96</value>
         <object_component_ref idref="oc-c00"/>
      </symbol>
      <symbol id="sm-1030">
         <name>__mspabi_slll_13</name>
         <value>0x16a9a</value>
         <object_component_ref idref="oc-c00"/>
      </symbol>
      <symbol id="sm-1031">
         <name>__mspabi_slll_12</name>
         <value>0x16a9e</value>
         <object_component_ref idref="oc-c00"/>
      </symbol>
      <symbol id="sm-1032">
         <name>__mspabi_slll_11</name>
         <value>0x16aa2</value>
         <object_component_ref idref="oc-c00"/>
      </symbol>
      <symbol id="sm-1033">
         <name>__mspabi_slll_10</name>
         <value>0x16aa6</value>
         <object_component_ref idref="oc-c00"/>
      </symbol>
      <symbol id="sm-1040">
         <name>__mspabi_sllll</name>
         <value>0x16b86</value>
         <object_component_ref idref="oc-b84"/>
      </symbol>
      <symbol id="sm-1048">
         <name>__mspabi_sral_15</name>
         <value>0x16a54</value>
         <object_component_ref idref="oc-a4f"/>
      </symbol>
      <symbol id="sm-1049">
         <name>__mspabi_sral_14</name>
         <value>0x16a58</value>
         <object_component_ref idref="oc-a4f"/>
      </symbol>
      <symbol id="sm-104a">
         <name>__mspabi_sral_13</name>
         <value>0x16a5c</value>
         <object_component_ref idref="oc-a4f"/>
      </symbol>
      <symbol id="sm-104b">
         <name>__mspabi_sral_12</name>
         <value>0x16a60</value>
         <object_component_ref idref="oc-a4f"/>
      </symbol>
      <symbol id="sm-104c">
         <name>__mspabi_sral_11</name>
         <value>0x16a64</value>
         <object_component_ref idref="oc-a4f"/>
      </symbol>
      <symbol id="sm-104d">
         <name>__mspabi_sral_10</name>
         <value>0x16a68</value>
         <object_component_ref idref="oc-a4f"/>
      </symbol>
      <symbol id="sm-104e">
         <name>__mspabi_sral_8</name>
         <value>0x16a70</value>
         <object_component_ref idref="oc-a4f"/>
      </symbol>
      <symbol id="sm-104f">
         <name>__mspabi_sral_9</name>
         <value>0x16a6c</value>
         <object_component_ref idref="oc-a4f"/>
      </symbol>
      <symbol id="sm-1050">
         <name>__mspabi_sral_6</name>
         <value>0x16a78</value>
         <object_component_ref idref="oc-a4f"/>
      </symbol>
      <symbol id="sm-1051">
         <name>__mspabi_sral_7</name>
         <value>0x16a74</value>
         <object_component_ref idref="oc-a4f"/>
      </symbol>
      <symbol id="sm-1052">
         <name>__mspabi_sral_4</name>
         <value>0x16a80</value>
         <object_component_ref idref="oc-a4f"/>
      </symbol>
      <symbol id="sm-1053">
         <name>__mspabi_sral_5</name>
         <value>0x16a7c</value>
         <object_component_ref idref="oc-a4f"/>
      </symbol>
      <symbol id="sm-1054">
         <name>__mspabi_sral_2</name>
         <value>0x16a88</value>
         <object_component_ref idref="oc-a4f"/>
      </symbol>
      <symbol id="sm-1055">
         <name>__mspabi_sral_3</name>
         <value>0x16a84</value>
         <object_component_ref idref="oc-a4f"/>
      </symbol>
      <symbol id="sm-1056">
         <name>__mspabi_sral_1</name>
         <value>0x16a8c</value>
         <object_component_ref idref="oc-a4f"/>
      </symbol>
      <symbol id="sm-1060">
         <name>__mspabi_srli</name>
         <value>0x170cc</value>
         <object_component_ref idref="oc-c07"/>
      </symbol>
      <symbol id="sm-1070">
         <name>__mspabi_srll_8</name>
         <value>0x16aec</value>
         <object_component_ref idref="oc-9f2"/>
      </symbol>
      <symbol id="sm-1071">
         <name>__mspabi_srll_9</name>
         <value>0x16ae8</value>
         <object_component_ref idref="oc-9f2"/>
      </symbol>
      <symbol id="sm-1072">
         <name>__mspabi_srll_6</name>
         <value>0x16af4</value>
         <object_component_ref idref="oc-9f2"/>
      </symbol>
      <symbol id="sm-1073">
         <name>__mspabi_srll_7</name>
         <value>0x16af0</value>
         <object_component_ref idref="oc-9f2"/>
      </symbol>
      <symbol id="sm-1074">
         <name>__mspabi_srll_4</name>
         <value>0x16afc</value>
         <object_component_ref idref="oc-9f2"/>
      </symbol>
      <symbol id="sm-1075">
         <name>__mspabi_srll_5</name>
         <value>0x16af8</value>
         <object_component_ref idref="oc-9f2"/>
      </symbol>
      <symbol id="sm-1076">
         <name>__mspabi_srll_2</name>
         <value>0x16b04</value>
         <object_component_ref idref="oc-9f2"/>
      </symbol>
      <symbol id="sm-1077">
         <name>__mspabi_srll_3</name>
         <value>0x16b00</value>
         <object_component_ref idref="oc-9f2"/>
      </symbol>
      <symbol id="sm-1078">
         <name>__mspabi_srll_1</name>
         <value>0x16b08</value>
         <object_component_ref idref="oc-9f2"/>
      </symbol>
      <symbol id="sm-1079">
         <name>__mspabi_srll_15</name>
         <value>0x16ad0</value>
         <object_component_ref idref="oc-9f2"/>
      </symbol>
      <symbol id="sm-107a">
         <name>__mspabi_srll_14</name>
         <value>0x16ad4</value>
         <object_component_ref idref="oc-9f2"/>
      </symbol>
      <symbol id="sm-107b">
         <name>__mspabi_srll_13</name>
         <value>0x16ad8</value>
         <object_component_ref idref="oc-9f2"/>
      </symbol>
      <symbol id="sm-107c">
         <name>__mspabi_srll_12</name>
         <value>0x16adc</value>
         <object_component_ref idref="oc-9f2"/>
      </symbol>
      <symbol id="sm-107d">
         <name>__mspabi_srll_11</name>
         <value>0x16ae0</value>
         <object_component_ref idref="oc-9f2"/>
      </symbol>
      <symbol id="sm-107e">
         <name>__mspabi_srll_10</name>
         <value>0x16ae4</value>
         <object_component_ref idref="oc-9f2"/>
      </symbol>
      <symbol id="sm-107f">
         <name>__mspabi_srll</name>
         <value>0x17062</value>
         <object_component_ref idref="oc-bda"/>
      </symbol>
      <symbol id="sm-108c">
         <name>__mspabi_srlll</name>
         <value>0x16bc0</value>
         <object_component_ref idref="oc-9cb"/>
      </symbol>
      <symbol id="sm-109c">
         <name>_c_int00_noargs_mpu</name>
         <value>0x58fa</value>
         <object_component_ref idref="oc-840"/>
      </symbol>
      <symbol id="sm-109d">
         <name>_stack</name>
         <value>0x2a00</value>
         <object_component_ref idref="oc-7c4"/>
      </symbol>
      <symbol id="sm-109e">
         <name>_reset_vector</name>
         <value>0xfffe</value>
         <object_component_ref idref="oc-7c7"/>
      </symbol>
      <symbol id="sm-10a7">
         <name>__mpu_init</name>
         <value>0x16e54</value>
         <object_component_ref idref="oc-89b"/>
      </symbol>
      <symbol id="sm-10ca">
         <name>__TI_auto_init_nobinit_nopinit_hold_wdt</name>
         <value>0x15c06</value>
         <object_component_ref idref="oc-92d"/>
      </symbol>
      <symbol id="sm-10d3">
         <name>_system_post_cinit</name>
         <value>0x170e0</value>
         <object_component_ref idref="oc-a54"/>
      </symbol>
      <symbol id="sm-10dd">
         <name>abs</name>
         <value>0x170a4</value>
         <object_component_ref idref="oc-c11"/>
      </symbol>
      <symbol id="sm-10fe">
         <name>commonGetPLLFreqInHz</name>
         <value>0x14f80</value>
         <object_component_ref idref="oc-9ec"/>
      </symbol>
      <symbol id="sm-10ff">
         <name>lib_version</name>
         <value>0x43ff0</value>
         <object_component_ref idref="oc-7c8"/>
      </symbol>
      <symbol id="sm-1100">
         <name>commonValidateMeterConstantConfiguration</name>
         <value>0x15ff4</value>
         <object_component_ref idref="oc-af8"/>
      </symbol>
      <symbol id="sm-1101">
         <name>commonValidateAlgorithmsConfiguration</name>
         <value>0x15f8e</value>
         <object_component_ref idref="oc-9ea"/>
      </symbol>
      <symbol id="sm-110c">
         <name>C$$EXIT</name>
         <value>0x170d6</value>
         <object_component_ref idref="oc-909"/>
      </symbol>
      <symbol id="sm-110d">
         <name>abort</name>
         <value>0x170d6</value>
         <object_component_ref idref="oc-909"/>
      </symbol>
      <symbol id="sm-1119">
         <name>labs</name>
         <value>0x17080</value>
         <object_component_ref idref="oc-af2"/>
      </symbol>
   </symbol_table>
   <title>Link successful</title>
</link_info>
